Archive member included to satisfy reference by file (symbol)

C:/ProgramData/MATLAB/SupportPackages/R2025b/3P.instrset/gnuarm-armcortex.instrset/win/bin/../lib/gcc/arm-none-eabi/13.2.1/thumb/v7e-m+fp/hard\libm.a(libm_a-w_fmod.o)
                              xcp_ext_common.c.o (fmod)
C:/ProgramData/MATLAB/SupportPackages/R2025b/3P.instrset/gnuarm-armcortex.instrset/win/bin/../lib/gcc/arm-none-eabi/13.2.1/thumb/v7e-m+fp/hard\libm.a(libm_a-e_fmod.o)
                              C:/ProgramData/MATLAB/SupportPackages/R2025b/3P.instrset/gnuarm-armcortex.instrset/win/bin/../lib/gcc/arm-none-eabi/13.2.1/thumb/v7e-m+fp/hard\libm.a(libm_a-w_fmod.o) (__ieee754_fmod)
C:/ProgramData/MATLAB/SupportPackages/R2025b/3P.instrset/gnuarm-armcortex.instrset/win/bin/../lib/gcc/arm-none-eabi/13.2.1/thumb/v7e-m+fp/hard\libgcc.a(_arm_muldf3.o)
                              Encoder_reader_simulink.c.o (__aeabi_dmul)
C:/ProgramData/MATLAB/SupportPackages/R2025b/3P.instrset/gnuarm-armcortex.instrset/win/bin/../lib/gcc/arm-none-eabi/13.2.1/thumb/v7e-m+fp/hard\libgcc.a(_arm_addsubdf3.o)
                              Encoder_reader_simulink.c.o (__aeabi_dsub)
C:/ProgramData/MATLAB/SupportPackages/R2025b/3P.instrset/gnuarm-armcortex.instrset/win/bin/../lib/gcc/arm-none-eabi/13.2.1/thumb/v7e-m+fp/hard\libgcc.a(_arm_muldivdf3.o)
                              Encoder_reader_simulink.c.o (__aeabi_ddiv)
C:/ProgramData/MATLAB/SupportPackages/R2025b/3P.instrset/gnuarm-armcortex.instrset/win/bin/../lib/gcc/arm-none-eabi/13.2.1/thumb/v7e-m+fp/hard\libgcc.a(_arm_cmpdf2.o)
                              xcp_ext_mode.c.o (__aeabi_dcmpeq)
C:/ProgramData/MATLAB/SupportPackages/R2025b/3P.instrset/gnuarm-armcortex.instrset/win/bin/../lib/gcc/arm-none-eabi/13.2.1/thumb/v7e-m+fp/hard\libgcc.a(_arm_unorddf2.o)
                              rt_nonfinite.c.o (__aeabi_dcmpun)
C:/ProgramData/MATLAB/SupportPackages/R2025b/3P.instrset/gnuarm-armcortex.instrset/win/bin/../lib/gcc/arm-none-eabi/13.2.1/thumb/v7e-m+fp/hard\libgcc.a(_arm_fixunsdfsi.o)
                              xcp_ext_common.c.o (__aeabi_d2uiz)
C:/ProgramData/MATLAB/SupportPackages/R2025b/3P.instrset/gnuarm-armcortex.instrset/win/bin/../lib/gcc/arm-none-eabi/13.2.1/thumb/v7e-m+fp/hard\libgcc.a(_aeabi_uldivmod.o)
                              stm32g4xx_ll_lpuart.c.o (__aeabi_uldivmod)
C:/ProgramData/MATLAB/SupportPackages/R2025b/3P.instrset/gnuarm-armcortex.instrset/win/bin/../lib/gcc/arm-none-eabi/13.2.1/thumb/v7e-m+fp/hard\libgcc.a(_udivmoddi4.o)
                              C:/ProgramData/MATLAB/SupportPackages/R2025b/3P.instrset/gnuarm-armcortex.instrset/win/bin/../lib/gcc/arm-none-eabi/13.2.1/thumb/v7e-m+fp/hard\libgcc.a(_aeabi_uldivmod.o) (__udivmoddi4)
C:/ProgramData/MATLAB/SupportPackages/R2025b/3P.instrset/gnuarm-armcortex.instrset/win/bin/../lib/gcc/arm-none-eabi/13.2.1/thumb/v7e-m+fp/hard\libgcc.a(_dvmd_tls.o)
                              C:/ProgramData/MATLAB/SupportPackages/R2025b/3P.instrset/gnuarm-armcortex.instrset/win/bin/../lib/gcc/arm-none-eabi/13.2.1/thumb/v7e-m+fp/hard\libgcc.a(_aeabi_uldivmod.o) (__aeabi_ldiv0)
C:/ProgramData/MATLAB/SupportPackages/R2025b/3P.instrset/gnuarm-armcortex.instrset/win/bin/../lib/gcc/arm-none-eabi/13.2.1/thumb/v7e-m+fp/hard\libg_nano.a(libc_a-exit.o)
                              C:/ProgramData/MATLAB/SupportPackages/R2025b/3P.instrset/gnuarm-armcortex.instrset/win/bin/../lib/gcc/arm-none-eabi/13.2.1/thumb/v7e-m+fp/hard/crt0.o (exit)
C:/ProgramData/MATLAB/SupportPackages/R2025b/3P.instrset/gnuarm-armcortex.instrset/win/bin/../lib/gcc/arm-none-eabi/13.2.1/thumb/v7e-m+fp/hard\libg_nano.a(libc_a-findfp.o)
                              C:/ProgramData/MATLAB/SupportPackages/R2025b/3P.instrset/gnuarm-armcortex.instrset/win/bin/../lib/gcc/arm-none-eabi/13.2.1/thumb/v7e-m+fp/hard\libg_nano.a(libc_a-exit.o) (__stdio_exit_handler)
C:/ProgramData/MATLAB/SupportPackages/R2025b/3P.instrset/gnuarm-armcortex.instrset/win/bin/../lib/gcc/arm-none-eabi/13.2.1/thumb/v7e-m+fp/hard\libg_nano.a(libc_a-fwalk.o)
                              C:/ProgramData/MATLAB/SupportPackages/R2025b/3P.instrset/gnuarm-armcortex.instrset/win/bin/../lib/gcc/arm-none-eabi/13.2.1/thumb/v7e-m+fp/hard\libg_nano.a(libc_a-findfp.o) (_fwalk_sglue)
C:/ProgramData/MATLAB/SupportPackages/R2025b/3P.instrset/gnuarm-armcortex.instrset/win/bin/../lib/gcc/arm-none-eabi/13.2.1/thumb/v7e-m+fp/hard\libg_nano.a(libc_a-stdio.o)
                              C:/ProgramData/MATLAB/SupportPackages/R2025b/3P.instrset/gnuarm-armcortex.instrset/win/bin/../lib/gcc/arm-none-eabi/13.2.1/thumb/v7e-m+fp/hard\libg_nano.a(libc_a-findfp.o) (__sread)
C:/ProgramData/MATLAB/SupportPackages/R2025b/3P.instrset/gnuarm-armcortex.instrset/win/bin/../lib/gcc/arm-none-eabi/13.2.1/thumb/v7e-m+fp/hard\libg_nano.a(libc_a-memset.o)
                              C:/ProgramData/MATLAB/SupportPackages/R2025b/3P.instrset/gnuarm-armcortex.instrset/win/bin/../lib/gcc/arm-none-eabi/13.2.1/thumb/v7e-m+fp/hard/crt0.o (memset)
[...]
Memory Configuration

Name             Origin             Length             Attributes
RAM              0x20000000         0x00020000         xrw
FLASH            0x08000000         0x00080000         xr
*default*        0x00000000         0xffffffff

Linker script and memory map

LOAD C:/ProgramData/MATLAB/SupportPackages/R2025b/3P.instrset/gnuarm-armcortex.instrset/win/bin/../lib/gcc/arm-none-eabi/13.2.1/thumb/v7e-m+fp/hard/crti.o
LOAD C:/ProgramData/MATLAB/SupportPackages/R2025b/3P.instrset/gnuarm-armcortex.instrset/win/bin/../lib/gcc/arm-none-eabi/13.2.1/thumb/v7e-m+fp/hard/crtbegin.o
LOAD C:/ProgramData/MATLAB/SupportPackages/R2025b/3P.instrset/gnuarm-armcortex.instrset/win/bin/../lib/gcc/arm-none-eabi/13.2.1/thumb/v7e-m+fp/hard/crt0.o
LOAD xcp_ext_mode.c.o
LOAD Encoder_reader_simulink.c.o
LOAD ert_main.c.o
LOAD rtGetInf.c.o
LOAD rt_nonfinite.c.o
LOAD xcp_ext_common.c.o
LOAD xcp_ext_classic_trigger.c.o
LOAD xcp.c.o
LOAD xcp_standard.c.o
LOAD xcp_daq.c.o
LOAD xcp_calibration.c.o
LOAD xcp_fifo.c.o
LOAD xcp_transport.c.o
LOAD xcp_mem_default.c.o
LOAD xcp_drv_rtiostream.c.o
LOAD xcp_utils.c.o
LOAD xcp_frame_serial.c.o
LOAD xcp_ext_param_default_serial.c.o
LOAD overrideHALDelay.c.o
LOAD platform_timer.c.o
LOAD SysTickScheduler.c.o
LOAD m3m4m4f_multitasking.c.o
LOAD rtiostream_serial.c.o
LOAD stm_usart.c.o
LOAD stm_lpuart.c.o
LOAD sys_arch_arm.c.o
LOAD main.c.o
LOAD stm32g4xx_it.c.o
LOAD stm32g4xx_hal_msp.c.o
LOAD stm32g4xx_hal_timebase_tim.c.o
LOAD stm32g4xx_ll_utils.c.o
LOAD stm32g4xx_ll_exti.c.o
LOAD stm32g4xx_hal_tim.c.o
LOAD stm32g4xx_hal_tim_ex.c.o
LOAD stm32g4xx_ll_gpio.c.o
LOAD stm32g4xx_ll_dma.c.o
LOAD stm32g4xx_ll_lpuart.c.o
LOAD stm32g4xx_ll_rcc.c.o
LOAD stm32g4xx_ll_pwr.c.o
LOAD stm32g4xx_hal.c.o
LOAD stm32g4xx_hal_rcc.c.o
LOAD stm32g4xx_hal_rcc_ex.c.o
LOAD stm32g4xx_hal_flash.c.o
LOAD stm32g4xx_hal_flash_ex.c.o
LOAD stm32g4xx_hal_flash_ramfunc.c.o
LOAD stm32g4xx_hal_gpio.c.o
LOAD stm32g4xx_hal_exti.c.o
LOAD stm32g4xx_hal_dma.c.o
LOAD stm32g4xx_hal_dma_ex.c.o
LOAD stm32g4xx_hal_pwr.c.o
LOAD stm32g4xx_hal_pwr_ex.c.o
LOAD stm32g4xx_hal_cortex.c.o
LOAD stm32g4xx_ll_tim.c.o
LOAD system_stm32g4xx.c.o
LOAD syscalls.c.o
LOAD sysmem.c.o
LOAD startup_stm32g474retx.s.o
LOAD stm_timer_ll.c.o
LOAD C:/ProgramData/MATLAB/SupportPackages/R2025b/3P.instrset/cmsis_dsp.instrset/Lib/GCC/arm_cortexm4ldfsp_math/libCMSISDSP.a
LOAD C:/ProgramData/MATLAB/SupportPackages/R2025b/toolbox/shared/supportpackages/stm32/lib/GCC/libmw_pdmfilter_m4_spfp.lib
LOAD C:/ProgramData/MATLAB/SupportPackages/R2025b/3P.instrset/gnuarm-armcortex.instrset/win/bin/../lib/gcc/arm-none-eabi/13.2.1/thumb/v7e-m+fp/hard\libstdc++_nano.a
LOAD C:/ProgramData/MATLAB/SupportPackages/R2025b/3P.instrset/gnuarm-armcortex.instrset/win/bin/../lib/gcc/arm-none-eabi/13.2.1/thumb/v7e-m+fp/hard\libm.a
START GROUP
LOAD C:/ProgramData/MATLAB/SupportPackages/R2025b/3P.instrset/gnuarm-armcortex.instrset/win/bin/../lib/gcc/arm-none-eabi/13.2.1/thumb/v7e-m+fp/hard\libgcc.a
LOAD C:/ProgramData/MATLAB/SupportPackages/R2025b/3P.instrset/gnuarm-armcortex.instrset/win/bin/../lib/gcc/arm-none-eabi/13.2.1/thumb/v7e-m+fp/hard\libg_nano.a
LOAD C:/ProgramData/MATLAB/SupportPackages/R2025b/3P.instrset/gnuarm-armcortex.instrset/win/bin/../lib/gcc/arm-none-eabi/13.2.1/thumb/v7e-m+fp/hard\libc_nano.a
END GROUP
START GROUP
LOAD C:/ProgramData/MATLAB/SupportPackages/R2025b/3P.instrset/gnuarm-armcortex.instrset/win/bin/../lib/gcc/arm-none-eabi/13.2.1/thumb/v7e-m+fp/hard\libgcc.a
LOAD C:/ProgramData/MATLAB/SupportPackages/R2025b/3P.instrset/gnuarm-armcortex.instrset/win/bin/../lib/gcc/arm-none-eabi/13.2.1/thumb/v7e-m+fp/hard\libc_nano.a
LOAD C:/ProgramData/MATLAB/SupportPackages/R2025b/3P.instrset/gnuarm-armcortex.instrset/win/bin/../lib/gcc/arm-none-eabi/13.2.1/thumb/v7e-m+fp/hard\libnosys.a
END GROUP
START GROUP
LOAD C:/ProgramData/MATLAB/SupportPackages/R2025b/3P.instrset/gnuarm-armcortex.instrset/win/bin/../lib/gcc/arm-none-eabi/13.2.1/thumb/v7e-m+fp/hard\libgcc.a
LOAD C:/ProgramData/MATLAB/SupportPackages/R2025b/3P.instrset/gnuarm-armcortex.instrset/win/bin/../lib/gcc/arm-none-eabi/13.2.1/thumb/v7e-m+fp/hard\libc_nano.a
LOAD C:/ProgramData/MATLAB/SupportPackages/R2025b/3P.instrset/gnuarm-armcortex.instrset/win/bin/../lib/gcc/arm-none-eabi/13.2.1/thumb/v7e-m+fp/hard\libnosys.a
END GROUP
LOAD C:/ProgramData/MATLAB/SupportPackages/R2025b/3P.instrset/gnuarm-armcortex.instrset/win/bin/../lib/gcc/arm-none-eabi/13.2.1/thumb/v7e-m+fp/hard/crtend.o
LOAD C:/ProgramData/MATLAB/SupportPackages/R2025b/3P.instrset/gnuarm-armcortex.instrset/win/bin/../lib/gcc/arm-none-eabi/13.2.1/thumb/v7e-m+fp/hard/crtn.o
                0x20020000                        _estack = (ORIGIN (RAM) + LENGTH (RAM))
                0x00000200                        _Min_Heap_Size = 0x200
                0x00000400                        _Min_Stack_Size = 0x400

.isr_vector     0x08000000      0x1d8
                0x08000000                        . = ALIGN (0x4)
 *(.isr_vector)
 .isr_vector    0x08000000      0x1d8 startup_stm32g474retx.s.o
                0x08000000                g_pfnVectors
                0x080001d8                        . = ALIGN (0x4)

.text           0x080001d8     0xe2d4
                0x080001d8                        . = ALIGN (0x4)
 *(.text)
 .text          0x080001d8      0x378 C:/ProgramData/MATLAB/SupportPackages/R2025b/3P.instrset/gnuarm-armcortex.instrset/win/bin/../lib/gcc/arm-none-eabi/13.2.1/thumb/v7e-m+fp/hard\libgcc.a(_arm_addsubdf3.o)
                0x080001d8                __aeabi_drsub
                0x080001e0                __aeabi_dsub
                0x080001e0                __subdf3
                0x080001e4                __aeabi_dadd
                0x080001e4                __adddf3
                0x0800045c                __floatunsidf
                0x0800045c                __aeabi_ui2d
                0x0800047c                __floatsidf
                0x0800047c                __aeabi_i2d
                0x080004a0                __aeabi_f2d
                0x080004a0                __extendsfdf2
                0x080004e4                __floatundidf
                0x080004e4                __aeabi_ul2d
                0x080004f4                __floatdidf
                0x080004f4                __aeabi_l2d
 .text          0x08000550      0x424 C:/ProgramData/MATLAB/SupportPackages/R2025b/3P.instrset/gnuarm-armcortex.instrset/win/bin/../lib/gcc/arm-none-eabi/13.2.1/thumb/v7e-m+fp/hard\libgcc.a(_arm_muldivdf3.o)
                0x08000550                __aeabi_dmul
                0x08000550                __muldf3
                0x080007a4                __divdf3
                0x080007a4                __aeabi_ddiv
 .text          0x08000974      0x110 C:/ProgramData/MATLAB/SupportPackages/R2025b/3P.instrset/gnuarm-armcortex.instrset/win/bin/../lib/gcc/arm-none-eabi/13.2.1/thumb/v7e-m+fp/hard\libgcc.a(_arm_cmpdf2.o)
                0x08000974                __gtdf2
                0x08000974                __gedf2
                0x0800097c                __ltdf2
                0x0800097c                __ledf2
                0x08000984                __nedf2
                0x08000984                __eqdf2
                0x08000984                __cmpdf2
                0x08000a00                __aeabi_cdrcmple
                0x08000a10                __aeabi_cdcmpeq
                0x08000a10                __aeabi_cdcmple
                0x08000a20                __aeabi_dcmpeq
                0x08000a34                __aeabi_dcmplt
                0x08000a48                __aeabi_dcmple
                0x08000a5c                __aeabi_dcmpge
                0x08000a70                __aeabi_dcmpgt
 .text          0x08000a84       0x2c C:/ProgramData/MATLAB/SupportPackages/R2025b/3P.instrset/gnuarm-armcortex.instrset/win/bin/../lib/gcc/arm-none-eabi/13.2.1/thumb/v7e-m+fp/hard\libgcc.a(_arm_unorddf2.o)
                0x08000a84                __unorddf2
                0x08000a84                __aeabi_dcmpun
 .text          0x08000ab0       0x40 C:/ProgramData/MATLAB/SupportPackages/R2025b/3P.instrset/gnuarm-armcortex.instrset/win/bin/../lib/gcc/arm-none-eabi/13.2.1/thumb/v7e-m+fp/hard\libgcc.a(_arm_fixunsdfsi.o)
                0x08000ab0                __aeabi_d2uiz
                0x08000ab0                __fixunsdfsi
 .text          0x08000af0       0x30 C:/ProgramData/MATLAB/SupportPackages/R2025b/3P.instrset/gnuarm-armcortex.instrset/win/bin/../lib/gcc/arm-none-eabi/13.2.1/thumb/v7e-m+fp/hard\libgcc.a(_aeabi_uldivmod.o)
                0x08000af0                __aeabi_uldivmod
 .text          0x08000b20        0x4 C:/ProgramData/MATLAB/SupportPackages/R2025b/3P.instrset/gnuarm-armcortex.instrset/win/bin/../lib/gcc/arm-none-eabi/13.2.1/thumb/v7e-m+fp/hard\libgcc.a(_dvmd_tls.o)
                0x08000b20                __aeabi_idiv0
                0x08000b20                __aeabi_ldiv0
 *(.text*)
 .text.deregister_tm_clones
                0x08000b24       0x1c C:/ProgramData/MATLAB/SupportPackages/R2025b/3P.instrset/gnuarm-armcortex.instrset/win/bin/../lib/gcc/arm-none-eabi/13.2.1/thumb/v7e-m+fp/hard/crtbegin.o
 .text.register_tm_clones
                0x08000b40       0x24 C:/ProgramData/MATLAB/SupportPackages/R2025b/3P.instrset/gnuarm-armcortex.instrset/win/bin/../lib/gcc/arm-none-eabi/13.2.1/thumb/v7e-m+fp/hard/crtbegin.o
 .text.__do_global_dtors_aux
                0x08000b64       0x28 C:/ProgramData/MATLAB/SupportPackages/R2025b/3P.instrset/gnuarm-armcortex.instrset/win/bin/../lib/gcc/arm-none-eabi/13.2.1/thumb/v7e-m+fp/hard/crtbegin.o
 .text.frame_dummy
                0x08000b8c       0x24 C:/ProgramData/MATLAB/SupportPackages/R2025b/3P.instrset/gnuarm-armcortex.instrset/win/bin/../lib/gcc/arm-none-eabi/13.2.1/thumb/v7e-m+fp/hard/crtbegin.o
 .text.extmodeParseArgs
                0x08000bb0       0x1e xcp_ext_mode.c.o
                0x08000bb0                extmodeParseArgs
 *fill*         0x08000bce        0x2 
 .text.extmodeInit
                0x08000bd0      0x128 xcp_ext_mode.c.o
                0x08000bd0                extmodeInit
 .text.extmodeWaitForHostRequest
                0x08000cf8       0xcc xcp_ext_mode.c.o
                0x08000cf8                extmodeWaitForHostRequest
 .text.extmodeEvent
                0x08000dc4       0xfc xcp_ext_mode.c.o
                0x08000dc4                extmodeEvent
 .text.extmodeBackgroundRun
                0x08000ec0       0x20 xcp_ext_mode.c.o
                0x08000ec0                extmodeBackgroundRun
 .text.extmodeReset
                0x08000ee0       0x40 xcp_ext_mode.c.o
                0x08000ee0                extmodeReset
 .text.extmodeStopRequested
                0x08000f20       0x18 xcp_ext_mode.c.o
                0x08000f20                extmodeStopRequested
 .text.extmodeSimulationComplete
                0x08000f38       0x18 xcp_ext_mode.c.o
                0x08000f38                extmodeSimulationComplete
 .text.LL_TIM_EnableCounter
                0x08000f50       0x20 Encoder_reader_simulink.c.o
 .text.LL_TIM_DisableCounter
                0x08000f70       0x20 Encoder_reader_simulink.c.o
 .text.LL_TIM_SetUpdateSource
                0x08000f90       0x26 Encoder_reader_simulink.c.o
 .text.LL_TIM_GetUpdateSource
                0x08000fb6       0x1c Encoder_reader_simulink.c.o
 .text.LL_TIM_SetRepetitionCounter
                0x08000fd2       0x1c Encoder_reader_simulink.c.o
 .text.LL_TIM_GenerateEvent_UPDATE
                0x08000fee       0x20 Encoder_reader_simulink.c.o
 .text.LL_GPIO_ReadInputPort
                0x0800100e       0x18 Encoder_reader_simulink.c.o
 *fill*         0x08001026        0x2 
 .text.isSlaveTriggerModeEnabled
                0x08001028       0x30 Encoder_reader_simulink.c.o
 .text.enableCounter
                0x08001058      0x118 Encoder_reader_simulink.c.o
 .text.disableCounter
                0x08001170       0x1a Encoder_reader_simulink.c.o
 .text.Encoder_re_DigitalPortRead_Init
                0x0800118a       0x2c Encoder_reader_simulink.c.o
                0x0800118a                Encoder_re_DigitalPortRead_Init
 *fill*         0x080011b6        0x2 
 .text.Encoder_reader__DigitalPortRead
                0x080011b8       0x34 Encoder_reader_simulink.c.o
                0x080011b8                Encoder_reader__DigitalPortRead
 .text.Encoder_re_DigitalPortRead_Term
                0x080011ec       0x22 Encoder_reader_simulink.c.o
                0x080011ec                Encoder_re_DigitalPortRead_Term
 .text.Encoder_rea_MATLABFunction_Init
                0x0800120e       0x2e Encoder_reader_simulink.c.o
                0x0800120e                Encoder_rea_MATLABFunction_Init
 .text.Encoder_reader_s_MATLABFunction
                0x0800123c       0x4a Encoder_reader_simulink.c.o
                0x0800123c                Encoder_reader_s_MATLABFunction
 .text.Encoder_reader__WrapAround_Init
                0x08001286       0x28 Encoder_reader_simulink.c.o
                0x08001286                Encoder_reader__WrapAround_Init
 *fill*         0x080012ae        0x2 
 .text.Encoder_reader_simul_WrapAround
                0x080012b0       0xcc Encoder_reader_simulink.c.o
                0x080012b0                Encoder_reader_simul_WrapAround
 .text.Encoder_reader_SystemCore_setup
                0x0800137c       0x94 Encoder_reader_simulink.c.o
 .text.Encoder_read_SystemCore_setup_j
                0x08001410       0x94 Encoder_reader_simulink.c.o
 .text.Encoder_rea_SystemCore_setup_j2
                0x080014a4       0x94 Encoder_reader_simulink.c.o
 .text.Encoder_reader_simulink_step
                0x08001538     0x150c Encoder_reader_simulink.c.o
                0x08001538                Encoder_reader_simulink_step
 *fill*         0x08002a44        0x4 
 .text.Encoder_reader_simulink_initialize
                0x08002a48      0x318 Encoder_reader_simulink.c.o
                0x08002a48                Encoder_reader_simulink_initialize
 .text.Encoder_reader_simulink_terminate
                0x08002d60      0x134 Encoder_reader_simulink.c.o
                0x08002d60                Encoder_reader_simulink_terminate
 .text.rt_OneStep
                0x08002e94       0x4c ert_main.c.o
                0x08002e94                rt_OneStep
 .text.main     0x08002ee0      0x190 ert_main.c.o
                0x08002ee0                main
 .text.xcp_void_printf
                0x08003070       0x12 xcp_ext_common.c.o
                0x08003070                xcp_void_printf
 .text.xcpCopyTimeValue
                0x08003082       0x26 xcp_ext_common.c.o
 .text.xcpExtModeUpdateTime
                0x080030a8      0x13c xcp_ext_common.c.o
                0x080030a8                xcpExtModeUpdateTime
 .text.xcpExtModeInit
                0x080031e4       0xb0 xcp_ext_common.c.o
                0x080031e4                xcpExtModeInit
 .text.xcpExtModeRunBackground
                0x08003294      0x13c xcp_ext_common.c.o
                0x08003294                xcpExtModeRunBackground
 .text.xcpExtModeReset
                0x080033d0      0x128 xcp_ext_common.c.o
                0x080033d0                xcpExtModeReset
 .text.sampleSignalTrigger
                0x080034f8      0x1b4 xcp_ext_classic_trigger.c.o
 .text.updateTriggerStatus
                0x080036ac      0x2b8 xcp_ext_classic_trigger.c.o
 .text.xcpExtModeClassicTriggerInit
                0x08003964       0x68 xcp_ext_classic_trigger.c.o
                0x08003964                xcpExtModeClassicTriggerInit
 .text.xcpExtModeClassicTriggerEnabled
                0x080039cc      0x100 xcp_ext_classic_trigger.c.o
                0x080039cc                xcpExtModeClassicTriggerEnabled
 .text.xcpExtModeClassicTriggerReset
                0x08003acc       0xf4 xcp_ext_classic_trigger.c.o
                0x08003acc                xcpExtModeClassicTriggerReset
 .text.xcpExtModeClassicTriggerForceEnableStatusUpdate
                0x08003bc0       0x78 xcp_ext_classic_trigger.c.o
                0x08003bc0                xcpExtModeClassicTriggerForceEnableStatusUpdate
 .text.msgBufferRealloc
                0x08003c38       0x72 xcp.c.o
 *fill*         0x08003caa        0x2 
 .text.discardInputPacketHandler
                0x08003cac       0x3c xcp.c.o
 .text.unknownInputPacketHandler
                0x08003ce8       0x34 xcp.c.o
 .text.xcpGetPacketGroupID
                0x08003d1c       0x74 xcp.c.o
 .text.xcpGetPacketHandlers
                0x08003d90      0x124 xcp.c.o
 .text.xcpStatusSet
                0x08003eb4       0x20 xcp.c.o
                0x08003eb4                xcpStatusSet
 .text.xcpSessionStatusGet
                0x08003ed4       0x18 xcp.c.o
                0x08003ed4                xcpSessionStatusGet
 .text.xcpSessionStatusSetMask
                0x08003eec       0x28 xcp.c.o
                0x08003eec                xcpSessionStatusSetMask
 .text.xcpSessionStatusClearMask
                0x08003f14       0x34 xcp.c.o
                0x08003f14                xcpSessionStatusClearMask
 .text.xcpResourceProtectionStatusGet
                0x08003f48       0x18 xcp.c.o
                0x08003f48                xcpResourceProtectionStatusGet
 .text.xcpSessionConfigurationIdGet
                0x08003f60       0x18 xcp.c.o
                0x08003f60                xcpSessionConfigurationIdGet
 .text.genericOutputPacketHandler
                0x08003f78      0x11c xcp.c.o
                0x08003f78                genericOutputPacketHandler
 .text.xcpFindPacket
                0x08004094       0x6e xcp.c.o
                0x08004094                xcpFindPacket
 *fill*         0x08004102        0x2 
 .text.xcpInit  0x08004104       0x64 xcp.c.o
                0x08004104                xcpInit
 .text.xcpRun   0x08004168      0x194 xcp.c.o
                0x08004168                xcpRun
 .text.xcpEvent
                0x080042fc       0x50 xcp.c.o
                0x080042fc                xcpEvent
 .text.xcpGetStatus
                0x0800434c       0x18 xcp.c.o
                0x0800434c                xcpGetStatus
 .text.xcpReset
                0x08004364       0x40 xcp.c.o
                0x08004364                xcpReset
 .text.xcpPackedModeEventsFlush
                0x080043a4       0x1e xcp.c.o
                0x080043a4                xcpPackedModeEventsFlush
 .text.xcpPackedModeEventReset
                0x080043c2       0x2a xcp.c.o
                0x080043c2                xcpPackedModeEventReset
 .text.isValidUploadSize
                0x080043ec       0x30 xcp_standard.c.o
 .text.xcpMemcpyFromMTA
                0x0800441c       0x38 xcp_standard.c.o
 .text.connectInputPacketHandler
                0x08004454       0xa4 xcp_standard.c.o
 .text.connectOutputPacketHandler
                0x080044f8       0xd4 xcp_standard.c.o
 .text.disconnectInputPacketHandler
                0x080045cc       0x54 xcp_standard.c.o
 .text.getStatusInputPacketHandler
                0x08004620       0x28 xcp_standard.c.o
 .text.getStatusOutputPacketHandler
                0x08004648       0x80 xcp_standard.c.o
 .text.synchInputPacketHandler
                0x080046c8       0x44 xcp_standard.c.o
 .text.setMTAInputPacketHandler
                0x0800470c       0x78 xcp_standard.c.o
 .text.uploadInputPacketHandler
                0x08004784       0x98 xcp_standard.c.o
 .text.uploadOutputPacketHandler
                0x0800481c       0x9c xcp_standard.c.o
 .text.shortUploadInputPacketHandler
                0x080048b8       0xa4 xcp_standard.c.o
 .text.shortUploadOutputPacketHandler
                0x0800495c       0x9c xcp_standard.c.o
 .text.getPacket
                0x080049f8       0x24 xcp_standard.c.o
 .text.xcpStandardInit
                0x08004a1c       0x18 xcp_standard.c.o
                0x08004a1c                xcpStandardInit
 .text.xcpStandardGetPacketLookup
                0x08004a34       0x18 xcp_standard.c.o
                0x08004a34                xcpStandardGetPacketLookup
 .text.xcpStandardSetPacketLookup
                0x08004a4c       0x20 xcp_standard.c.o
                0x08004a4c                xcpStandardSetPacketLookup
 .text.xcpStandardReset
                0x08004a6c       0x12 xcp_standard.c.o
                0x08004a6c                xcpStandardReset
 *fill*         0x08004a7e        0x2 
 .text.xcpStandardGetAddressFromMta
                0x08004a80       0x18 xcp_standard.c.o
                0x08004a80                xcpStandardGetAddressFromMta
 .text.xcpStandardSetMta
                0x08004a98       0x3c xcp_standard.c.o
                0x08004a98                xcpStandardSetMta
 .text.xcpStandardIncrementMta
                0x08004ad4       0x28 xcp_standard.c.o
                0x08004ad4                xcpStandardIncrementMta
 .text.xcpStandardExtendedInit
                0x08004afc        0xe xcp_standard.c.o
                0x08004afc                xcpStandardExtendedInit
 .text.xcpStandardExtendedReset
                0x08004b0a        0xe xcp_standard.c.o
                0x08004b0a                xcpStandardExtendedReset
 .text.xcpDaqWriteLock
                0x08004b18       0x4c xcp_daq.c.o
 .text.xcpDaqWriteUnlock
                0x08004b64       0x20 xcp_daq.c.o
 .text.xcpDaqReadLock
                0x08004b84       0x38 xcp_daq.c.o
 .text.xcpDaqReadUnlock
                0x08004bbc       0x38 xcp_daq.c.o
 .text.isActiveDaqList
                0x08004bf4       0x50 xcp_daq.c.o
 .text.noActiveDaqLists
                0x08004c44       0x50 xcp_daq.c.o
 .text.isValidDaqPtr
                0x08004c94       0xb8 xcp_daq.c.o
 .text.isValidDaqEntry
                0x08004d4c       0x36 xcp_daq.c.o
 .text.isSupportedDaqListMode
                0x08004d82       0x26 xcp_daq.c.o
 .text.isValidStartStopMode
                0x08004da8       0x32 xcp_daq.c.o
 .text.isValidStartStopSynchMode
                0x08004dda       0x32 xcp_daq.c.o
 .text.absoluteOdtNumberIdentification
                0x08004e0c       0x10 xcp_daq.c.o
 .text.isDaqPackedModeEnabled
                0x08004e1c       0x6c xcp_daq.c.o
 .text.odtPacketSize
                0x08004e88       0x54 xcp_daq.c.o
 .text.createDaqReservedPool
                0x08004edc       0x88 xcp_daq.c.o
 .text.destroyDaqReservedPool
                0x08004f64       0x2c xcp_daq.c.o
 .text.setDaqPtrInputPacketHandler
                0x08004f90       0xdc xcp_daq.c.o
 .text.writeDaqInputPacketHandler
                0x0800506c      0x198 xcp_daq.c.o
 .text.setDaqListModeInputPacketHandler
                0x08005204      0x1c8 xcp_daq.c.o
 .text.startStopDaqListInputPacketHandler
                0x080053cc      0x3f4 xcp_daq.c.o
 .text.startStopDaqListOutputPacketHandler
                0x080057c0       0x5c xcp_daq.c.o
 .text.startStopSynchInputPacketHandler
                0x0800581c      0x328 xcp_daq.c.o
 .text.getDaqProcessorInfoInputPacketHandler
                0x08005b44       0x28 xcp_daq.c.o
 .text.getDaqProcessorInfoOutputPacketHandler
                0x08005b6c       0xac xcp_daq.c.o
 .text.getDaqResolutionInfoInputPacketHandler
                0x08005c18       0x28 xcp_daq.c.o
 .text.getDaqResolutionInfoOutputPacketHandler
                0x08005c40       0xb8 xcp_daq.c.o
 .text.freeDaqInputPacketHandler
                0x08005cf8       0x5c xcp_daq.c.o
 .text.allocDaqInputPacketHandler
                0x08005d54      0x18c xcp_daq.c.o
 .text.allocOdtInputPacketHandler
                0x08005ee0      0x1c0 xcp_daq.c.o
 .text.allocOdtEntryInputPacketHandler
                0x080060a0      0x270 xcp_daq.c.o
 .text.getDaqClockInputPacketHandler
                0x08006310       0x22 xcp_daq.c.o
 *fill*         0x08006332        0x2 
 .text.setDaqPackedModeInputPacketHandler
                0x08006334      0x21c xcp_daq.c.o
 .text.level1CommandInputPacketHandler
                0x08006550       0x64 xcp_daq.c.o
 .text.getPacket
                0x080065b4       0x24 xcp_daq.c.o
 .text.xcpDaqInit
                0x080065d8       0x38 xcp_daq.c.o
                0x080065d8                xcpDaqInit
 .text.xcpDaqGetPacketLookup
                0x08006610       0x18 xcp_daq.c.o
                0x08006610                xcpDaqGetPacketLookup
 .text.xcpDaqSetPacketLookup
                0x08006628       0x20 xcp_daq.c.o
                0x08006628                xcpDaqSetPacketLookup
 .text.xcpResetDaq
                0x08006648       0xa4 xcp_daq.c.o
 .text.daqWriteXCPDataForOdt
                0x080066ec       0x7c xcp_daq.c.o
 .text.odtWriteEntries
                0x08006768       0x9c xcp_daq.c.o
 .text.xcpProcessDaq
                0x08006804      0x208 xcp_daq.c.o
 .text.xcpDaqEvent
                0x08006a0c      0x108 xcp_daq.c.o
                0x08006a0c                xcpDaqEvent
 .text.xcpDaqEventsFlush
                0x08006b14      0x284 xcp_daq.c.o
                0x08006b14                xcpDaqEventsFlush
 .text.xcpDaqLock
                0x08006d98       0x1e xcp_daq.c.o
                0x08006d98                xcpDaqLock
 .text.xcpDaqUnlock
                0x08006db6        0xe xcp_daq.c.o
                0x08006db6                xcpDaqUnlock
 .text.xcpResetDaqListStatus
                0x08006dc4      0x19c xcp_daq.c.o
                0x08006dc4                xcpResetDaqListStatus
 .text.xcpDaqReset
                0x08006f60       0x20 xcp_daq.c.o
                0x08006f60                xcpDaqReset
 .text.xcpDaqExtendedInit
                0x08006f80        0xe xcp_daq.c.o
                0x08006f80                xcpDaqExtendedInit
 .text.xcpDaqExtendedReset
                0x08006f8e        0xe xcp_daq.c.o
                0x08006f8e                xcpDaqExtendedReset
 .text.isValidShortDownloadSize
                0x08006f9c       0x34 xcp_calibration.c.o
 .text.isValidDownloadSize
                0x08006fd0       0x3a xcp_calibration.c.o
 *fill*         0x0800700a        0x2 
 .text.xcpMemcpyToMTA
                0x0800700c       0x34 xcp_calibration.c.o
 .text.downloadInputPacketHandler
                0x08007040       0xb0 xcp_calibration.c.o
 .text.shortDownloadInputPacketHandler
                0x080070f0       0xb8 xcp_calibration.c.o
 .text.getPacket
                0x080071a8       0x24 xcp_calibration.c.o
 .text.xcpCalibrationInit
                0x080071cc       0x14 xcp_calibration.c.o
                0x080071cc                xcpCalibrationInit
 .text.xcpCalibrationGetPacketLookup
                0x080071e0       0x18 xcp_calibration.c.o
                0x080071e0                xcpCalibrationGetPacketLookup
 .text.xcpCalibrationSetPacketLookup
                0x080071f8       0x20 xcp_calibration.c.o
                0x080071f8                xcpCalibrationSetPacketLookup
 .text.xcpCalibrationReset
                0x08007218        0xe xcp_calibration.c.o
                0x08007218                xcpCalibrationReset
 .text.xcpFifoInit
                0x08007226       0x20 xcp_fifo.c.o
                0x08007226                xcpFifoInit
 .text.xcpFifoEnqueue
                0x08007246       0x2a xcp_fifo.c.o
                0x08007246                xcpFifoEnqueue
 .text.xcpFifoDequeue
                0x08007270       0x3e xcp_fifo.c.o
                0x08007270                xcpFifoDequeue
 .text.xcpFifoEnqueueHead
                0x080072ae       0x32 xcp_fifo.c.o
                0x080072ae                xcpFifoEnqueueHead
 .text.xcpFifoReset
                0x080072e0       0x16 xcp_fifo.c.o
                0x080072e0                xcpFifoReset
 *fill*         0x080072f6        0x2 
 .text.xcpTransportEmptyTxFifo
                0x080072f8       0x6c xcp_transport.c.o
 .text.xcpTransportEmptyRxFifo
                0x08007364       0x6c xcp_transport.c.o
 .text.xcpTransportInit
                0x080073d0      0x138 xcp_transport.c.o
                0x080073d0                xcpTransportInit
 .text.xcpTransportTxReady
                0x08007508       0x1a xcp_transport.c.o
                0x08007508                xcpTransportTxReady
 .text.xcpTransportTxTrigger
                0x08007522       0x1a xcp_transport.c.o
                0x08007522                xcpTransportTxTrigger
 .text.xcpTransportTxPacketSet
                0x0800753c      0x144 xcp_transport.c.o
                0x0800753c                xcpTransportTxPacketSet
 .text.xcpTransportTx
                0x08007680       0xec xcp_transport.c.o
                0x08007680                xcpTransportTx
 .text.xcpTransportRx
                0x0800776c       0x80 xcp_transport.c.o
                0x0800776c                xcpTransportRx
 .text.xcpTransportRxPacketGet
                0x080077ec      0x12c xcp_transport.c.o
                0x080077ec                xcpTransportRxPacketGet
 .text.xcpTransportPacketOffset
                0x08007918       0x20 xcp_transport.c.o
                0x08007918                xcpTransportPacketOffset
 .text.xcpTransportMsgBufferSize
                0x08007938       0x70 xcp_transport.c.o
                0x08007938                xcpTransportMsgBufferSize
 .text.xcpTransportMaxDtoSize
                0x080079a8        0xe xcp_transport.c.o
                0x080079a8                xcpTransportMaxDtoSize
 .text.xcpTransportMaxCtoSize
                0x080079b6        0xe xcp_transport.c.o
                0x080079b6                xcpTransportMaxCtoSize
 .text.xcpTransportRestart
                0x080079c4       0x44 xcp_transport.c.o
                0x080079c4                xcpTransportRestart
 .text.xcpTransportResynch
                0x08007a08       0x40 xcp_transport.c.o
                0x08007a08                xcpTransportResynch
 .text.xcpTransportCtoReservedMemPoolId
                0x08007a48       0x18 xcp_transport.c.o
                0x08007a48                xcpTransportCtoReservedMemPoolId
 .text.xcpTransportReset
                0x08007a60       0xe4 xcp_transport.c.o
                0x08007a60                xcpTransportReset
 .text.xcpInitializePoolMemoryArea
                0x08007b44       0x72 xcp_mem_default.c.o
 *fill*         0x08007bb6        0x2 
 .text.xcpMemInit
                0x08007bb8      0x1d4 xcp_mem_default.c.o
                0x08007bb8                xcpMemInit
 .text.xcpMemAlloc
                0x08007d8c       0xe8 xcp_mem_default.c.o
                0x08007d8c                xcpMemAlloc
 .text.xcpMemFree
                0x08007e74      0x170 xcp_mem_default.c.o
                0x08007e74                xcpMemFree
 .text.xcpMemReservedPoolCreate
                0x08007fe4      0x224 xcp_mem_default.c.o
                0x08007fe4                xcpMemReservedPoolCreate
 .text.xcpMemReservedPoolDestroy
                0x08008208      0x158 xcp_mem_default.c.o
                0x08008208                xcpMemReservedPoolDestroy
 .text.xcpMemCustomPoolCreate
                0x08008360       0xbc xcp_mem_default.c.o
                0x08008360                xcpMemCustomPoolCreate
 .text.xcpMemCustomPoolDestroy
                0x0800841c       0x64 xcp_mem_default.c.o
                0x0800841c                xcpMemCustomPoolDestroy
 .text.xcpMemAllocFromPool
                0x08008480      0x170 xcp_mem_default.c.o
                0x08008480                xcpMemAllocFromPool
 .text.xcpMemReset
                0x080085f0       0x50 xcp_mem_default.c.o
                0x080085f0                xcpMemReset
 .text.xcpDrvOpen
                0x08008640       0x64 xcp_drv_rtiostream.c.o
                0x08008640                xcpDrvOpen
 .text.xcpDrvIoctl
                0x080086a4       0x4c xcp_drv_rtiostream.c.o
                0x080086a4                xcpDrvIoctl
 .text.xcpDrvSend
                0x080086f0      0x14c xcp_drv_rtiostream.c.o
                0x080086f0                xcpDrvSend
 .text.xcpDrvRecv
                0x0800883c      0x14c xcp_drv_rtiostream.c.o
                0x0800883c                xcpDrvRecv
 .text.xcpDrvClose
                0x08008988       0x5c xcp_drv_rtiostream.c.o
                0x08008988                xcpDrvClose
 .text.xcpSortArray
                0x080089e4       0xcc xcp_utils.c.o
                0x080089e4                xcpSortArray
 .text.xcpSxiHtons
                0x08008ab0       0x18 xcp_frame_serial.c.o
 .text.xcpSxiNtohs
                0x08008ac8       0x1c xcp_frame_serial.c.o
 .text.xcpSxiChecksum
                0x08008ae4       0x3e xcp_frame_serial.c.o
                0x08008ae4                xcpSxiChecksum
 *fill*         0x08008b22        0x2 
 .text.xcpFrameInit
                0x08008b24       0x70 xcp_frame_serial.c.o
                0x08008b24                xcpFrameInit
 .text.xcpFrameMsgSend
                0x08008b94      0x188 xcp_frame_serial.c.o
                0x08008b94                xcpFrameMsgSend
 .text.xcpFrameMsgRecv
                0x08008d1c      0x180 xcp_frame_serial.c.o
                0x08008d1c                xcpFrameMsgRecv
 .text.xcpFrameCreateMsg
                0x08008e9c       0x94 xcp_frame_serial.c.o
                0x08008e9c                xcpFrameCreateMsg
 .text.xcpFrameExtractPacket
                0x08008f30      0x158 xcp_frame_serial.c.o
                0x08008f30                xcpFrameExtractPacket
 .text.xcpFrameHeaderSize
                0x08009088       0x10 xcp_frame_serial.c.o
                0x08009088                xcpFrameHeaderSize
 .text.xcpFrameTailSize
                0x08009098       0x10 xcp_frame_serial.c.o
                0x08009098                xcpFrameTailSize
 .text.xcpFrameMaxDtoSize
                0x080090a8       0x12 xcp_frame_serial.c.o
                0x080090a8                xcpFrameMaxDtoSize
 .text.xcpFrameMaxCtoSize
                0x080090ba       0x10 xcp_frame_serial.c.o
                0x080090ba                xcpFrameMaxCtoSize
 *fill*         0x080090ca        0x2 
 .text.xcpFrameRestart
                0x080090cc       0x30 xcp_frame_serial.c.o
                0x080090cc                xcpFrameRestart
 .text.xcpFrameSetCtoReservedMemPoolId
                0x080090fc       0x20 xcp_frame_serial.c.o
                0x080090fc                xcpFrameSetCtoReservedMemPoolId
 .text.xcpFrameReset
                0x0800911c       0x70 xcp_frame_serial.c.o
                0x0800911c                xcpFrameReset
 .text.xcpTransportGetInitParameters
                0x0800918c       0x2e xcp_ext_param_default_serial.c.o
                0x0800918c                xcpTransportGetInitParameters
 .text.xcpGetInitParameters
                0x080091ba       0x2e xcp_ext_param_default_serial.c.o
                0x080091ba                xcpGetInitParameters
 .text.HAL_Delay
                0x080091e8       0x2e overrideHALDelay.c.o
                0x080091e8                HAL_Delay
 *fill*         0x08009216        0x2 
 .text.PeriphCommonClock_Config
                0x08009218       0x10 platform_timer.c.o
                0x08009218                PeriphCommonClock_Config
 .text.getCurrentTimestampInMicros
                0x08009228       0x3c platform_timer.c.o
                0x08009228                getCurrentTimestampInMicros
 .text.returnTimeElapsed
                0x08009264       0x2c platform_timer.c.o
                0x08009264                returnTimeElapsed
 .text.timestampInit
                0x08009290       0x28 platform_timer.c.o
 .text.getCurrentTimestamp
                0x080092b8       0x44 platform_timer.c.o
                0x080092b8                getCurrentTimestamp
 .text.__NVIC_SetPriority
                0x080092fc       0x54 SysTickScheduler.c.o
 .text.SysTick_Config
                0x08009350       0x44 SysTickScheduler.c.o
 .text.SysTick_Isr
                0x08009394       0x48 SysTickScheduler.c.o
 .text.SysTick_Handler
                0x080093dc       0x20 SysTickScheduler.c.o
                0x080093dc                SysTick_Handler
 .text.ARMCM_SysTick_Config
                0x080093fc       0xb0 SysTickScheduler.c.o
                0x080093fc                ARMCM_SysTick_Config
 .text.PendSV_Handler
                0x080094ac       0x44 m3m4m4f_multitasking.c.o
                0x080094ac                PendSV_Handler
 .text.SVC_Handler
                0x080094f0       0x58 m3m4m4f_multitasking.c.o
                0x080094f0                SVC_Handler
 .text.rtIOStreamOpen
                0x08009548       0x44 rtiostream_serial.c.o
                0x08009548                rtIOStreamOpen
 .text.rtIOStreamSend
                0x0800958c       0x38 rtiostream_serial.c.o
                0x0800958c                rtIOStreamSend
 .text.rtIOStreamRecv
                0x080095c4       0x48 rtiostream_serial.c.o
                0x080095c4                rtIOStreamRecv
 .text.rtIOStreamClose
                0x0800960c       0x20 rtiostream_serial.c.o
                0x0800960c                rtIOStreamClose
 .text.LL_DMA_GetDataLength
                0x0800962c       0x30 stm_usart.c.o
 .text.getAvailableDataInBuffer
                0x0800965c       0xcc stm_usart.c.o
                0x0800965c                getAvailableDataInBuffer
 .text.getBytesToBeReadFromBuffer
                0x08009728       0x6e stm_usart.c.o
                0x08009728                getBytesToBeReadFromBuffer
 *fill*         0x08009796        0x2 
 .text.readDataFromBuffer
                0x08009798       0xdc stm_usart.c.o
                0x08009798                readDataFromBuffer
 .text.__NVIC_GetPriorityGrouping
                0x08009874       0x1c stm_lpuart.c.o
 .text.__NVIC_EnableIRQ
                0x08009890       0x3c stm_lpuart.c.o
 .text.__NVIC_SetPriority
                0x080098cc       0x54 stm_lpuart.c.o
 .text.NVIC_EncodePriority
                0x08009920       0x66 stm_lpuart.c.o
 *fill*         0x08009986        0x2 
 .text.LL_DMA_EnableChannel
                0x08009988       0x44 stm_lpuart.c.o
 .text.LL_DMA_DisableChannel
                0x080099cc       0x44 stm_lpuart.c.o
 .text.LL_DMA_GetMode
                0x08009a10       0x34 stm_lpuart.c.o
 .text.LL_DMA_SetDataLength
                0x08009a44       0x4c stm_lpuart.c.o
 .text.LL_DMA_ConfigAddresses
                0x08009a90       0x7c stm_lpuart.c.o
 .text.LL_DMA_IsActiveFlag_TC1
                0x08009b0c       0x26 stm_lpuart.c.o
 .text.LL_DMA_ClearFlag_TC1
                0x08009b32       0x1a stm_lpuart.c.o
 .text.LL_DMA_EnableIT_TC
                0x08009b4c       0x44 stm_lpuart.c.o
 .text.LL_DMA_DisableIT_TC
                0x08009b90       0x44 stm_lpuart.c.o
 .text.LL_DMA_IsEnabledIT_TC
                0x08009bd4       0x3c stm_lpuart.c.o
 .text.LL_LPUART_Enable
                0x08009c10       0x20 stm_lpuart.c.o
 .text.LL_LPUART_Disable
                0x08009c30       0x20 stm_lpuart.c.o
 .text.LL_LPUART_IsEnabled
                0x08009c50       0x26 stm_lpuart.c.o
 .text.LL_LPUART_IsActiveFlag_PE
                0x08009c76       0x26 stm_lpuart.c.o
 .text.LL_LPUART_IsActiveFlag_FE
                0x08009c9c       0x26 stm_lpuart.c.o
 .text.LL_LPUART_IsActiveFlag_NE
                0x08009cc2       0x26 stm_lpuart.c.o
 .text.LL_LPUART_IsActiveFlag_ORE
                0x08009ce8       0x26 stm_lpuart.c.o
 .text.LL_LPUART_IsActiveFlag_TC
                0x08009d0e       0x26 stm_lpuart.c.o
 .text.LL_LPUART_IsActiveFlag_TXE_TXFNF
                0x08009d34       0x26 stm_lpuart.c.o
 .text.LL_LPUART_ClearFlag_PE
                0x08009d5a       0x1a stm_lpuart.c.o
 .text.LL_LPUART_ClearFlag_FE
                0x08009d74       0x1a stm_lpuart.c.o
 .text.LL_LPUART_ClearFlag_NE
                0x08009d8e       0x1a stm_lpuart.c.o
 .text.LL_LPUART_ClearFlag_ORE
                0x08009da8       0x1a stm_lpuart.c.o
 .text.LL_LPUART_EnableIT_RXNE_RXFNE
                0x08009dc2       0x42 stm_lpuart.c.o
 .text.LL_LPUART_EnableIT_PE
                0x08009e04       0x42 stm_lpuart.c.o
 .text.LL_LPUART_EnableIT_ERROR
                0x08009e46       0x46 stm_lpuart.c.o
 .text.LL_LPUART_DisableIT_RXNE_RXFNE
                0x08009e8c       0x42 stm_lpuart.c.o
 .text.LL_LPUART_DisableIT_TXE_TXFNF
                0x08009ece       0x42 stm_lpuart.c.o
 .text.LL_LPUART_DisableIT_PE
                0x08009f10       0x42 stm_lpuart.c.o
 .text.LL_LPUART_DisableIT_ERROR
                0x08009f52       0x46 stm_lpuart.c.o
 .text.LL_LPUART_EnableDMAReq_RX
                0x08009f98       0x46 stm_lpuart.c.o
 .text.LL_LPUART_DisableDMAReq_RX
                0x08009fde       0x46 stm_lpuart.c.o
 .text.LL_LPUART_EnableDMAReq_TX
                0x0800a024       0x46 stm_lpuart.c.o
 .text.LL_LPUART_DisableDMAReq_TX
                0x0800a06a       0x46 stm_lpuart.c.o
 .text.LL_LPUART_DMA_GetRegAddr
                0x0800a0b0       0x2c stm_lpuart.c.o
 .text.LL_LPUART_ReceiveData8
                0x0800a0dc       0x1a stm_lpuart.c.o
 .text.LL_LPUART_TransmitData8
                0x0800a0f6       0x1e stm_lpuart.c.o
 .text.LPUART_RXDMAInterruptHandler
                0x0800a114       0xd4 stm_lpuart.c.o
                0x0800a114                LPUART_RXDMAInterruptHandler
 .text.LPUART_IsActiveFlagError
                0x0800a1e8       0xf4 stm_lpuart.c.o
                0x0800a1e8                LPUART_IsActiveFlagError
 .text.LPUART1_IRQHandler
                0x0800a2dc       0x14 stm_lpuart.c.o
                0x0800a2dc                LPUART1_IRQHandler
 .text.DMA1_Channel1_IRQHandler
                0x0800a2f0       0x20 stm_lpuart.c.o
                0x0800a2f0                DMA1_Channel1_IRQHandler
 .text.LPUART_ConfigureReceiveDMA
                0x0800a310       0xae stm_lpuart.c.o
                0x0800a310                LPUART_ConfigureReceiveDMA
 .text.LPUART_ConfigureTransmitDMA
                0x0800a3be       0x7a stm_lpuart.c.o
                0x0800a3be                LPUART_ConfigureTransmitDMA
 .text.MW_LPUART_GetReadErrorStatus
                0x0800a438       0xc8 stm_lpuart.c.o
                0x0800a438                MW_LPUART_GetReadErrorStatus
 .text.MW_LPUART_Initialize
                0x0800a500      0x170 stm_lpuart.c.o
                0x0800a500                MW_LPUART_Initialize
 .text.MW_LPUART_ReceiveUsingBuffer
                0x0800a670       0x5c stm_lpuart.c.o
                0x0800a670                MW_LPUART_ReceiveUsingBuffer
 .text.MW_LPUART_TransmitUsingPolling
                0x0800a6cc      0x184 stm_lpuart.c.o
                0x0800a6cc                MW_LPUART_TransmitUsingPolling
 .text.MW_LPUART_DeInit
                0x0800a850       0xaa stm_lpuart.c.o
                0x0800a850                MW_LPUART_DeInit
 .text.sys_arch_protect_arm
                0x0800a8fa       0x22 sys_arch_arm.c.o
                0x0800a8fa                sys_arch_protect_arm
 .text.sys_arch_unprotect_arm
                0x0800a91c       0x20 sys_arch_arm.c.o
                0x0800a91c                sys_arch_unprotect_arm
 .text.__NVIC_GetPriorityGrouping
                0x0800a93c       0x1c main.c.o
 .text.__NVIC_EnableIRQ
                0x0800a958       0x3c main.c.o
 .text.__NVIC_SetPriority
                0x0800a994       0x54 main.c.o
 .text.NVIC_EncodePriority
                0x0800a9e8       0x66 main.c.o
 *fill*         0x0800aa4e        0x2 
 .text.LL_DMA_SetDataTransferDirection
                0x0800aa50       0x50 main.c.o
 .text.LL_DMA_SetMode
                0x0800aaa0       0x4c main.c.o
 .text.LL_DMA_SetPeriphIncMode
                0x0800aaec       0x4c main.c.o
 .text.LL_DMA_SetMemoryIncMode
                0x0800ab38       0x4c main.c.o
 .text.LL_DMA_SetPeriphSize
                0x0800ab84       0x4c main.c.o
 .text.LL_DMA_SetMemorySize
                0x0800abd0       0x4c main.c.o
 .text.LL_DMA_SetChannelPriorityLevel
                0x0800ac1c       0x4c main.c.o
 .text.LL_DMA_SetPeriphRequest
                0x0800ac68       0x54 main.c.o
 .text.LL_LPUART_Enable
                0x0800acbc       0x20 main.c.o
 .text.LL_LPUART_DisableFIFO
                0x0800acdc       0x20 main.c.o
 .text.LL_LPUART_SetTXFIFOThreshold
                0x0800acfc       0x4e main.c.o
 .text.LL_LPUART_SetRXFIFOThreshold
                0x0800ad4a       0x4e main.c.o
 .text.LL_LPUART_IsActiveFlag_TEACK
                0x0800ad98       0x28 main.c.o
 .text.LL_LPUART_IsActiveFlag_REACK
                0x0800adc0       0x28 main.c.o
 .text.LL_RCC_HSI_Enable
                0x0800ade8       0x20 main.c.o
 .text.LL_RCC_HSI_IsReady
                0x0800ae08       0x28 main.c.o
 .text.LL_RCC_HSI_SetCalibTrimming
                0x0800ae30       0x2c main.c.o
 .text.LL_RCC_SetSysClkSource
                0x0800ae5c       0x28 main.c.o
 .text.LL_RCC_GetSysClkSource
                0x0800ae84       0x1c main.c.o
 .text.LL_RCC_SetAHBPrescaler
                0x0800aea0       0x28 main.c.o
 .text.LL_RCC_SetAPB1Prescaler
                0x0800aec8       0x28 main.c.o
 .text.LL_RCC_SetAPB2Prescaler
                0x0800aef0       0x28 main.c.o
 .text.LL_RCC_SetLPUARTClockSource
                0x0800af18       0x2c main.c.o
 .text.LL_RCC_PLL_Enable
                0x0800af44       0x20 main.c.o
 .text.LL_RCC_PLL_IsReady
                0x0800af64       0x28 main.c.o
 .text.LL_RCC_PLL_ConfigDomain_SYS
                0x0800af8c       0x40 main.c.o
 .text.LL_RCC_PLL_EnableDomain_SYS
                0x0800afcc       0x20 main.c.o
 .text.LL_AHB1_GRP1_EnableClock
                0x0800afec       0x30 main.c.o
 .text.LL_AHB2_GRP1_EnableClock
                0x0800b01c       0x30 main.c.o
 .text.LL_APB1_GRP1_EnableClock
                0x0800b04c       0x30 main.c.o
 .text.LL_APB1_GRP2_EnableClock
                0x0800b07c       0x30 main.c.o
 .text.LL_APB2_GRP1_EnableClock
                0x0800b0ac       0x30 main.c.o
 .text.LL_FLASH_SetLatency
                0x0800b0dc       0x28 main.c.o
 .text.LL_FLASH_GetLatency
                0x0800b104       0x1c main.c.o
 .text.LL_PWR_EnableRange1BoostMode
                0x0800b120       0x24 main.c.o
 .text.LL_TIM_DisableARRPreload
                0x0800b144       0x20 main.c.o
 .text.LL_TIM_IC_SetActiveInput
                0x0800b164       0xc0 main.c.o
 .text.LL_TIM_IC_SetPrescaler
                0x0800b224       0xc0 main.c.o
 .text.LL_TIM_IC_SetFilter
                0x0800b2e4       0xc0 main.c.o
 .text.LL_TIM_IC_SetPolarity
                0x0800b3a4       0xac main.c.o
 .text.LL_TIM_SetEncoderMode
                0x0800b450       0x2a main.c.o
 .text.LL_TIM_SetTriggerOutput
                0x0800b47a       0x2a main.c.o
 .text.LL_TIM_SetTriggerOutput2
                0x0800b4a4       0x26 main.c.o
 .text.LL_TIM_DisableMasterSlaveMode
                0x0800b4ca       0x20 main.c.o
 *fill*         0x0800b4ea        0x2 
 .text.SystemClock_Config
                0x0800b4ec       0xb0 main.c.o
                0x0800b4ec                SystemClock_Config
 .text.MX_LPUART1_UART_Init
                0x0800b59c      0x148 main.c.o
                0x0800b59c                MX_LPUART1_UART_Init
 .text.MX_TIM1_Init
                0x0800b6e4      0x128 main.c.o
                0x0800b6e4                MX_TIM1_Init
 .text.MX_TIM3_Init
                0x0800b80c      0x114 main.c.o
                0x0800b80c                MX_TIM3_Init
 .text.MX_TIM4_Init
                0x0800b920      0x118 main.c.o
                0x0800b920                MX_TIM4_Init
 .text.MX_DMA_Init
                0x0800ba38       0x34 main.c.o
                0x0800ba38                MX_DMA_Init
 .text.MX_GPIO_Init
                0x0800ba6c       0x20 main.c.o
                0x0800ba6c                MX_GPIO_Init
 .text.HAL_TIM_PeriodElapsedCallback
                0x0800ba8c       0x1e main.c.o
                0x0800ba8c                HAL_TIM_PeriodElapsedCallback
 .text.Error_Handler
                0x0800baaa        0xc main.c.o
                0x0800baaa                Error_Handler
 .text.NMI_Handler
                0x0800bab6        0x8 stm32g4xx_it.c.o
                0x0800bab6                NMI_Handler
 .text.HardFault_Handler
                0x0800babe        0x8 stm32g4xx_it.c.o
                0x0800babe                HardFault_Handler
 .text.MemManage_Handler
                0x0800bac6        0x8 stm32g4xx_it.c.o
                0x0800bac6                MemManage_Handler
 .text.BusFault_Handler
                0x0800bace        0x8 stm32g4xx_it.c.o
                0x0800bace                BusFault_Handler
 .text.UsageFault_Handler
                0x0800bad6        0x8 stm32g4xx_it.c.o
                0x0800bad6                UsageFault_Handler
 .text.DebugMon_Handler
                0x0800bade        0xe stm32g4xx_it.c.o
                0x0800bade                DebugMon_Handler
 .text.TIM2_IRQHandler
                0x0800baec       0x14 stm32g4xx_it.c.o
                0x0800baec                TIM2_IRQHandler
 .text.HAL_MspInit
                0x0800bb00       0x48 stm32g4xx_hal_msp.c.o
                0x0800bb00                HAL_MspInit
 .text.HAL_InitTick
                0x0800bb48       0xd8 stm32g4xx_hal_timebase_tim.c.o
                0x0800bb48                HAL_InitTick
 .text.LL_SetSystemCoreClock
                0x0800bc20       0x20 stm32g4xx_ll_utils.c.o
                0x0800bc20                LL_SetSystemCoreClock
 .text.HAL_TIM_Base_Init
                0x0800bc40       0xae stm32g4xx_hal_tim.c.o
                0x0800bc40                HAL_TIM_Base_Init
 .text.HAL_TIM_Base_MspInit
                0x0800bcee       0x14 stm32g4xx_hal_tim.c.o
                0x0800bcee                HAL_TIM_Base_MspInit
 *fill*         0x0800bd02        0x2 
 .text.HAL_TIM_Base_Start_IT
                0x0800bd04       0xf0 stm32g4xx_hal_tim.c.o
                0x0800bd04                HAL_TIM_Base_Start_IT
 .text.HAL_TIM_IRQHandler
                0x0800bdf4      0x29e stm32g4xx_hal_tim.c.o
                0x0800bdf4                HAL_TIM_IRQHandler
 .text.HAL_TIM_OC_DelayElapsedCallback
                0x0800c092       0x14 stm32g4xx_hal_tim.c.o
                0x0800c092                HAL_TIM_OC_DelayElapsedCallback
 .text.HAL_TIM_IC_CaptureCallback
                0x0800c0a6       0x14 stm32g4xx_hal_tim.c.o
                0x0800c0a6                HAL_TIM_IC_CaptureCallback
 .text.HAL_TIM_PWM_PulseFinishedCallback
                0x0800c0ba       0x14 stm32g4xx_hal_tim.c.o
                0x0800c0ba                HAL_TIM_PWM_PulseFinishedCallback
 .text.HAL_TIM_TriggerCallback
                0x0800c0ce       0x14 stm32g4xx_hal_tim.c.o
                0x0800c0ce                HAL_TIM_TriggerCallback
 *fill*         0x0800c0e2        0x2 
 .text.TIM_Base_SetConfig
                0x0800c0e4      0x168 stm32g4xx_hal_tim.c.o
                0x0800c0e4                TIM_Base_SetConfig
 .text.HAL_TIMEx_CommutCallback
                0x0800c24c       0x14 stm32g4xx_hal_tim_ex.c.o
                0x0800c24c                HAL_TIMEx_CommutCallback
 .text.HAL_TIMEx_BreakCallback
                0x0800c260       0x14 stm32g4xx_hal_tim_ex.c.o
                0x0800c260                HAL_TIMEx_BreakCallback
 .text.HAL_TIMEx_Break2Callback
                0x0800c274       0x14 stm32g4xx_hal_tim_ex.c.o
                0x0800c274                HAL_TIMEx_Break2Callback
 .text.HAL_TIMEx_EncoderIndexCallback
                0x0800c288       0x14 stm32g4xx_hal_tim_ex.c.o
                0x0800c288                HAL_TIMEx_EncoderIndexCallback
 .text.HAL_TIMEx_DirectionChangeCallback
                0x0800c29c       0x14 stm32g4xx_hal_tim_ex.c.o
                0x0800c29c                HAL_TIMEx_DirectionChangeCallback
 .text.HAL_TIMEx_IndexErrorCallback
                0x0800c2b0       0x14 stm32g4xx_hal_tim_ex.c.o
                0x0800c2b0                HAL_TIMEx_IndexErrorCallback
 .text.HAL_TIMEx_TransitionErrorCallback
                0x0800c2c4       0x14 stm32g4xx_hal_tim_ex.c.o
                0x0800c2c4                HAL_TIMEx_TransitionErrorCallback
 .text.LL_GPIO_SetPinMode
                0x0800c2d8       0x7a stm32g4xx_ll_gpio.c.o
 .text.LL_GPIO_SetPinOutputType
                0x0800c352       0x30 stm32g4xx_ll_gpio.c.o
 .text.LL_GPIO_SetPinSpeed
                0x0800c382       0x7a stm32g4xx_ll_gpio.c.o
 .text.LL_GPIO_SetPinPull
                0x0800c3fc       0x7a stm32g4xx_ll_gpio.c.o
 .text.LL_GPIO_SetAFPin_0_7
                0x0800c476       0x7a stm32g4xx_ll_gpio.c.o
 .text.LL_GPIO_SetAFPin_8_15
                0x0800c4f0       0x7e stm32g4xx_ll_gpio.c.o
 .text.LL_GPIO_Init
                0x0800c56e       0xdc stm32g4xx_ll_gpio.c.o
                0x0800c56e                LL_GPIO_Init
 .text.LL_LPUART_IsEnabled
                0x0800c64a       0x26 stm32g4xx_ll_lpuart.c.o
 .text.LL_LPUART_SetPrescaler
                0x0800c670       0x28 stm32g4xx_ll_lpuart.c.o
 .text.LL_LPUART_SetStopBitsLength
                0x0800c698       0x26 stm32g4xx_ll_lpuart.c.o
 .text.LL_LPUART_SetHWFlowCtrl
                0x0800c6be       0x26 stm32g4xx_ll_lpuart.c.o
 .text.LL_LPUART_SetBaudRate
                0x0800c6e4       0x98 stm32g4xx_ll_lpuart.c.o
 .text.LL_LPUART_Init
                0x0800c77c       0x98 stm32g4xx_ll_lpuart.c.o
                0x0800c77c                LL_LPUART_Init
 .text.LL_RCC_HSI_IsReady
                0x0800c814       0x28 stm32g4xx_ll_rcc.c.o
 .text.LL_RCC_LSE_IsReady
                0x0800c83c       0x28 stm32g4xx_ll_rcc.c.o
 .text.LL_RCC_GetSysClkSource
                0x0800c864       0x1c stm32g4xx_ll_rcc.c.o
 .text.LL_RCC_GetAHBPrescaler
                0x0800c880       0x1c stm32g4xx_ll_rcc.c.o
 .text.LL_RCC_GetAPB1Prescaler
                0x0800c89c       0x1c stm32g4xx_ll_rcc.c.o
 .text.LL_RCC_GetLPUARTClockSource
                0x0800c8b8       0x24 stm32g4xx_ll_rcc.c.o
 .text.LL_RCC_PLL_GetMainSource
                0x0800c8dc       0x1c stm32g4xx_ll_rcc.c.o
 .text.LL_RCC_PLL_GetN
                0x0800c8f8       0x1c stm32g4xx_ll_rcc.c.o
 .text.LL_RCC_PLL_GetR
                0x0800c914       0x1c stm32g4xx_ll_rcc.c.o
 .text.LL_RCC_PLL_GetDivider
                0x0800c930       0x1c stm32g4xx_ll_rcc.c.o
 .text.LL_RCC_GetLPUARTClockFreq
                0x0800c94c       0x84 stm32g4xx_ll_rcc.c.o
                0x0800c94c                LL_RCC_GetLPUARTClockFreq
 .text.RCC_GetSystemClockFreq
                0x0800c9d0       0x4c stm32g4xx_ll_rcc.c.o
 .text.RCC_GetHCLKClockFreq
                0x0800ca1c       0x30 stm32g4xx_ll_rcc.c.o
 .text.RCC_GetPCLK1ClockFreq
                0x0800ca4c       0x2c stm32g4xx_ll_rcc.c.o
 .text.RCC_PLL_GetFreqDomain_SYS
                0x0800ca78       0x68 stm32g4xx_ll_rcc.c.o
 .text.HAL_Init
                0x0800cae0       0x30 stm32g4xx_hal.c.o
                0x0800cae0                HAL_Init
 .text.HAL_IncTick
                0x0800cb10       0x24 stm32g4xx_hal.c.o
                0x0800cb10                HAL_IncTick
 .text.HAL_GetTick
                0x0800cb34       0x18 stm32g4xx_hal.c.o
                0x0800cb34                HAL_GetTick
 .text.HAL_RCC_GetHCLKFreq
                0x0800cb4c       0x18 stm32g4xx_hal_rcc.c.o
                0x0800cb4c                HAL_RCC_GetHCLKFreq
 .text.HAL_RCC_GetPCLK1Freq
                0x0800cb64       0x2c stm32g4xx_hal_rcc.c.o
                0x0800cb64                HAL_RCC_GetPCLK1Freq
 .text.HAL_RCC_GetClockConfig
                0x0800cb90       0x64 stm32g4xx_hal_rcc.c.o
                0x0800cb90                HAL_RCC_GetClockConfig
 .text.HAL_PWREx_DisableUCPDDeadBattery
                0x0800cbf4       0x20 stm32g4xx_hal_pwr_ex.c.o
                0x0800cbf4                HAL_PWREx_DisableUCPDDeadBattery
 .text.__NVIC_SetPriorityGrouping
                0x0800cc14       0x48 stm32g4xx_hal_cortex.c.o
 .text.__NVIC_GetPriorityGrouping
                0x0800cc5c       0x1c stm32g4xx_hal_cortex.c.o
 .text.__NVIC_EnableIRQ
                0x0800cc78       0x3c stm32g4xx_hal_cortex.c.o
 .text.__NVIC_SetPriority
                0x0800ccb4       0x54 stm32g4xx_hal_cortex.c.o
 .text.NVIC_EncodePriority
                0x0800cd08       0x66 stm32g4xx_hal_cortex.c.o
 .text.HAL_NVIC_SetPriorityGrouping
                0x0800cd6e       0x16 stm32g4xx_hal_cortex.c.o
                0x0800cd6e                HAL_NVIC_SetPriorityGrouping
 .text.HAL_NVIC_SetPriority
                0x0800cd84       0x34 stm32g4xx_hal_cortex.c.o
                0x0800cd84                HAL_NVIC_SetPriority
 .text.HAL_NVIC_EnableIRQ
                0x0800cdb8       0x1c stm32g4xx_hal_cortex.c.o
                0x0800cdb8                HAL_NVIC_EnableIRQ
 .text.LL_TIM_SetPrescaler
                0x0800cdd4       0x1c stm32g4xx_ll_tim.c.o
 .text.LL_TIM_SetAutoReload
                0x0800cdf0       0x1c stm32g4xx_ll_tim.c.o
 .text.LL_TIM_SetRepetitionCounter
                0x0800ce0c       0x1c stm32g4xx_ll_tim.c.o
 .text.LL_TIM_GenerateEvent_UPDATE
                0x0800ce28       0x20 stm32g4xx_ll_tim.c.o
 .text.LL_TIM_Init
                0x0800ce48      0x144 stm32g4xx_ll_tim.c.o
                0x0800ce48                LL_TIM_Init
 .text.SystemInit
                0x0800cf8c       0x24 system_stm32g4xx.c.o
                0x0800cf8c                SystemInit
 .text.Reset_Handler
                0x0800cfb0       0x50 startup_stm32g474retx.s.o
                0x0800cfb0                Reset_Handler
 .text.Default_Handler
                0x0800d000        0x2 startup_stm32g474retx.s.o
                0x0800d000                RTC_Alarm_IRQHandler
                0x0800d000                EXTI2_IRQHandler
                0x0800d000                TIM8_TRG_COM_IRQHandler
                0x0800d000                TIM8_CC_IRQHandler
                0x0800d000                HRTIM1_Master_IRQHandler
                0x0800d000                SPI4_IRQHandler
                0x0800d000                FDCAN3_IT0_IRQHandler
                0x0800d000                TIM1_CC_IRQHandler
                0x0800d000                HRTIM1_FLT_IRQHandler
                0x0800d000                HRTIM1_TIMF_IRQHandler
                0x0800d000                USB_HP_IRQHandler
                0x0800d000                CORDIC_IRQHandler
                0x0800d000                HRTIM1_TIMD_IRQHandler
                0x0800d000                DMA2_Channel8_IRQHandler
                0x0800d000                EXTI3_IRQHandler
                0x0800d000                I2C3_ER_IRQHandler
                0x0800d000                EXTI0_IRQHandler
                0x0800d000                I2C2_EV_IRQHandler
                0x0800d000                FPU_IRQHandler
                0x0800d000                FDCAN1_IT1_IRQHandler
                0x0800d000                TIM1_UP_TIM16_IRQHandler
                0x0800d000                ADC1_2_IRQHandler
                0x0800d000                HRTIM1_TIME_IRQHandler
                0x0800d000                SPI1_IRQHandler
                0x0800d000                TIM6_DAC_IRQHandler
                0x0800d000                HRTIM1_TIMC_IRQHandler
                0x0800d000                TIM8_UP_IRQHandler
                0x0800d000                DMA2_Channel2_IRQHandler
                0x0800d000                DMA1_Channel4_IRQHandler
                0x0800d000                TIM20_TRG_COM_IRQHandler
                0x0800d000                USART3_IRQHandler
                0x0800d000                DMA1_Channel7_IRQHandler
                0x0800d000                UART5_IRQHandler
                0x0800d000                ADC3_IRQHandler
                0x0800d000                TIM4_IRQHandler
                0x0800d000                DMA2_Channel1_IRQHandler
                0x0800d000                QUADSPI_IRQHandler
                0x0800d000                I2C1_EV_IRQHandler
                0x0800d000                DMA1_Channel6_IRQHandler
                0x0800d000                UART4_IRQHandler
                0x0800d000                DMA2_Channel4_IRQHandler
                0x0800d000                TIM3_IRQHandler
                0x0800d000                RCC_IRQHandler
                0x0800d000                TIM20_UP_IRQHandler
                0x0800d000                Default_Handler
                0x0800d000                DMA2_Channel7_IRQHandler
                0x0800d000                RTC_TAMP_LSECSS_IRQHandler
                0x0800d000                FMAC_IRQHandler
                0x0800d000                EXTI15_10_IRQHandler
                0x0800d000                DMA1_Channel8_IRQHandler
                0x0800d000                HRTIM1_TIMA_IRQHandler
                0x0800d000                TIM7_DAC_IRQHandler
                0x0800d000                FDCAN3_IT1_IRQHandler
                0x0800d000                TIM5_IRQHandler
                0x0800d000                UCPD1_IRQHandler
                0x0800d000                I2C3_EV_IRQHandler
                0x0800d000                EXTI9_5_IRQHandler
                0x0800d000                RTC_WKUP_IRQHandler
                0x0800d000                PVD_PVM_IRQHandler
                0x0800d000                SPI2_IRQHandler
                0x0800d000                ADC5_IRQHandler
                0x0800d000                DMA2_Channel5_IRQHandler
                0x0800d000                CRS_IRQHandler
                0x0800d000                DMA1_Channel5_IRQHandler
                0x0800d000                USB_LP_IRQHandler
                0x0800d000                EXTI4_IRQHandler
                0x0800d000                RNG_IRQHandler
                0x0800d000                HRTIM1_TIMB_IRQHandler
                0x0800d000                TIM1_TRG_COM_TIM17_IRQHandler
                0x0800d000                FDCAN2_IT1_IRQHandler
                0x0800d000                DMA1_Channel3_IRQHandler
                0x0800d000                ADC4_IRQHandler
                0x0800d000                WWDG_IRQHandler
                0x0800d000                I2C4_EV_IRQHandler
                0x0800d000                FDCAN2_IT0_IRQHandler
                0x0800d000                DMA2_Channel6_IRQHandler
                0x0800d000                FDCAN1_IT0_IRQHandler
                0x0800d000                COMP7_IRQHandler
                0x0800d000                COMP1_2_3_IRQHandler
                0x0800d000                EXTI1_IRQHandler
                0x0800d000                USART2_IRQHandler
                0x0800d000                COMP4_5_6_IRQHandler
                0x0800d000                TIM20_BRK_IRQHandler
                0x0800d000                I2C2_ER_IRQHandler
                0x0800d000                DMA1_Channel2_IRQHandler
                0x0800d000                TIM8_BRK_IRQHandler
                0x0800d000                FLASH_IRQHandler
                0x0800d000                TIM20_CC_IRQHandler
                0x0800d000                USART1_IRQHandler
                0x0800d000                SPI3_IRQHandler
                0x0800d000                I2C1_ER_IRQHandler
                0x0800d000                FMC_IRQHandler
                0x0800d000                LPTIM1_IRQHandler
                0x0800d000                DMAMUX_OVR_IRQHandler
                0x0800d000                I2C4_ER_IRQHandler
                0x0800d000                USBWakeUp_IRQHandler
                0x0800d000                SAI1_IRQHandler
                0x0800d000                DMA2_Channel3_IRQHandler
                0x0800d000                TIM1_BRK_TIM15_IRQHandler
 .text.LL_TIM_GetCounterMode
                0x0800d002       0x30 stm_timer_ll.c.o
 .text.LL_TIM_GetCounter
                0x0800d032       0x18 stm_timer_ll.c.o
 .text.LL_TIM_GetRepetitionCounter
                0x0800d04a       0x18 stm_timer_ll.c.o
 .text.LL_TIM_CC_EnableChannel
                0x0800d062       0x22 stm_timer_ll.c.o
 .text.LL_TIM_CC_DisableChannel
                0x0800d084       0x24 stm_timer_ll.c.o
 .text.LL_TIM_EnableAllOutputs
                0x0800d0a8       0x20 stm_timer_ll.c.o
 .text.LL_TIM_IsActiveFlag_IDX
                0x0800d0c8       0x28 stm_timer_ll.c.o
 .text.LL_TIM_EnableIT_UPDATE
                0x0800d0f0       0x20 stm_timer_ll.c.o
 .text.LL_TIM_DisableIT_UPDATE
                0x0800d110       0x20 stm_timer_ll.c.o
 .text.LL_TIM_IsEnabledIT_UPDATE
                0x0800d130       0x26 stm_timer_ll.c.o
 .text.LL_TIM_EnableIT_CC1
                0x0800d156       0x20 stm_timer_ll.c.o
 .text.LL_TIM_DisableIT_CC1
                0x0800d176       0x20 stm_timer_ll.c.o
 .text.LL_TIM_IsEnabledIT_CC1
                0x0800d196       0x26 stm_timer_ll.c.o
 .text.LL_TIM_EnableIT_CC2
                0x0800d1bc       0x20 stm_timer_ll.c.o
 .text.LL_TIM_DisableIT_CC2
                0x0800d1dc       0x20 stm_timer_ll.c.o
 .text.LL_TIM_IsEnabledIT_CC2
                0x0800d1fc       0x26 stm_timer_ll.c.o
 .text.LL_TIM_EnableIT_CC3
                0x0800d222       0x20 stm_timer_ll.c.o
 .text.LL_TIM_DisableIT_CC3
                0x0800d242       0x20 stm_timer_ll.c.o
 .text.LL_TIM_IsEnabledIT_CC3
                0x0800d262       0x26 stm_timer_ll.c.o
 .text.LL_TIM_EnableIT_CC4
                0x0800d288       0x20 stm_timer_ll.c.o
 .text.LL_TIM_DisableIT_CC4
                0x0800d2a8       0x20 stm_timer_ll.c.o
 .text.LL_TIM_IsEnabledIT_CC4
                0x0800d2c8       0x26 stm_timer_ll.c.o
 .text.LL_TIM_EnableIT_COM
                0x0800d2ee       0x20 stm_timer_ll.c.o
 .text.LL_TIM_DisableIT_COM
                0x0800d30e       0x20 stm_timer_ll.c.o
 .text.LL_TIM_IsEnabledIT_COM
                0x0800d32e       0x26 stm_timer_ll.c.o
 .text.LL_TIM_EnableIT_TRIG
                0x0800d354       0x20 stm_timer_ll.c.o
 .text.LL_TIM_DisableIT_TRIG
                0x0800d374       0x20 stm_timer_ll.c.o
 .text.LL_TIM_IsEnabledIT_TRIG
                0x0800d394       0x26 stm_timer_ll.c.o
 .text.LL_TIM_EnableIT_BRK
                0x0800d3ba       0x20 stm_timer_ll.c.o
 .text.LL_TIM_DisableIT_BRK
                0x0800d3da       0x20 stm_timer_ll.c.o
 .text.LL_TIM_IsEnabledIT_BRK
                0x0800d3fa       0x26 stm_timer_ll.c.o
 .text.LL_TIM_EnableIT_TERR
                0x0800d420       0x20 stm_timer_ll.c.o
 .text.LL_TIM_DisableIT_TERR
                0x0800d440       0x20 stm_timer_ll.c.o
 .text.LL_TIM_IsEnabledIT_TERR
                0x0800d460       0x28 stm_timer_ll.c.o
 .text.LL_TIM_EnableIT_IERR
                0x0800d488       0x20 stm_timer_ll.c.o
 .text.LL_TIM_DisableIT_IERR
                0x0800d4a8       0x20 stm_timer_ll.c.o
 .text.LL_TIM_IsEnabledIT_IERR
                0x0800d4c8       0x28 stm_timer_ll.c.o
 .text.LL_TIM_EnableIT_DIR
                0x0800d4f0       0x20 stm_timer_ll.c.o
 .text.LL_TIM_DisableIT_DIR
                0x0800d510       0x20 stm_timer_ll.c.o
 .text.LL_TIM_IsEnabledIT_DIR
                0x0800d530       0x28 stm_timer_ll.c.o
 .text.LL_TIM_EnableIT_IDX
                0x0800d558       0x20 stm_timer_ll.c.o
 .text.LL_TIM_DisableIT_IDX
                0x0800d578       0x20 stm_timer_ll.c.o
 .text.LL_TIM_IsEnabledIT_IDX
                0x0800d598       0x28 stm_timer_ll.c.o
 .text.TIM_IsActiveFlagIDX
                0x0800d5c0       0x34 stm_timer_ll.c.o
                0x0800d5c0                TIM_IsActiveFlagIDX
 .text.enableTimerInterrupts
                0x0800d5f4      0x1c4 stm_timer_ll.c.o
                0x0800d5f4                enableTimerInterrupts
 .text.disableTimerInterrupts
                0x0800d7b8      0x1c4 stm_timer_ll.c.o
                0x0800d7b8                disableTimerInterrupts
 .text.enableTimerChannel1
                0x0800d97c       0xb0 stm_timer_ll.c.o
                0x0800d97c                enableTimerChannel1
 .text.disableTimerChannel1
                0x0800da2c       0xb0 stm_timer_ll.c.o
                0x0800da2c                disableTimerChannel1
 .text.enableTimerChannel2
                0x0800dadc       0xb0 stm_timer_ll.c.o
                0x0800dadc                enableTimerChannel2
 .text.disableTimerChannel2
                0x0800db8c       0xb0 stm_timer_ll.c.o
                0x0800db8c                disableTimerChannel2
 .text.Timer_Handle_Init
                0x0800dc3c      0x140 stm_timer_ll.c.o
                0x0800dc3c                Timer_Handle_Init
 .text.getTimerCounterValueForG4
                0x0800dd7c       0x64 stm_timer_ll.c.o
                0x0800dd7c                getTimerCounterValueForG4
 .text.fmod     0x0800dde0       0x6c C:/ProgramData/MATLAB/SupportPackages/R2025b/3P.instrset/gnuarm-armcortex.instrset/win/bin/../lib/gcc/arm-none-eabi/13.2.1/thumb/v7e-m+fp/hard\libm.a(libm_a-w_fmod.o)
                0x0800dde0                fmod
 .text.__ieee754_fmod
                0x0800de4c      0x30c C:/ProgramData/MATLAB/SupportPackages/R2025b/3P.instrset/gnuarm-armcortex.instrset/win/bin/../lib/gcc/arm-none-eabi/13.2.1/thumb/v7e-m+fp/hard\libm.a(libm_a-e_fmod.o)
                0x0800de4c                __ieee754_fmod
 .text.__udivmoddi4
                0x0800e158      0x2bc C:/ProgramData/MATLAB/SupportPackages/R2025b/3P.instrset/gnuarm-armcortex.instrset/win/bin/../lib/gcc/arm-none-eabi/13.2.1/thumb/v7e-m+fp/hard\libgcc.a(_udivmoddi4.o)
                0x0800e158                __udivmoddi4
 .text.memset   0x0800e414       0x10 C:/ProgramData/MATLAB/SupportPackages/R2025b/3P.instrset/gnuarm-armcortex.instrset/win/bin/../lib/gcc/arm-none-eabi/13.2.1/thumb/v7e-m+fp/hard\libg_nano.a(libc_a-memset.o)
                0x0800e414                memset
 .text.__errno  0x0800e424        0xc C:/ProgramData/MATLAB/SupportPackages/R2025b/3P.instrset/gnuarm-armcortex.instrset/win/bin/../lib/gcc/arm-none-eabi/13.2.1/thumb/v7e-m+fp/hard\libg_nano.a(libc_a-errno.o)
                0x0800e424                __errno
 .text.__libc_init_array
                0x0800e430       0x48 C:/ProgramData/MATLAB/SupportPackages/R2025b/3P.instrset/gnuarm-armcortex.instrset/win/bin/../lib/gcc/arm-none-eabi/13.2.1/thumb/v7e-m+fp/hard\libg_nano.a(libc_a-init.o)
                0x0800e430                __libc_init_array
 .text.memcpy   0x0800e478       0x1c C:/ProgramData/MATLAB/SupportPackages/R2025b/3P.instrset/gnuarm-armcortex.instrset/win/bin/../lib/gcc/arm-none-eabi/13.2.1/thumb/v7e-m+fp/hard\libg_nano.a(libc_a-memcpy-stub.o)
                0x0800e478                memcpy
 *(.glue_7)
 .glue_7        0x0800e494        0x0 linker stubs
 *(.glue_7t)
 .glue_7t       0x0800e494        0x0 linker stubs
 *(.eh_frame)
 .eh_frame      0x0800e494        0x0 C:/ProgramData/MATLAB/SupportPackages/R2025b/3P.instrset/gnuarm-armcortex.instrset/win/bin/../lib/gcc/arm-none-eabi/13.2.1/thumb/v7e-m+fp/hard/crtbegin.o
 *(.init)
 .init          0x0800e494        0x4 C:/ProgramData/MATLAB/SupportPackages/R2025b/3P.instrset/gnuarm-armcortex.instrset/win/bin/../lib/gcc/arm-none-eabi/13.2.1/thumb/v7e-m+fp/hard/crti.o
                0x0800e494                _init
 .init          0x0800e498        0x8 C:/ProgramData/MATLAB/SupportPackages/R2025b/3P.instrset/gnuarm-armcortex.instrset/win/bin/../lib/gcc/arm-none-eabi/13.2.1/thumb/v7e-m+fp/hard/crtn.o
 *(.fini)
 .fini          0x0800e4a0        0x4 C:/ProgramData/MATLAB/SupportPackages/R2025b/3P.instrset/gnuarm-armcortex.instrset/win/bin/../lib/gcc/arm-none-eabi/13.2.1/thumb/v7e-m+fp/hard/crti.o
                0x0800e4a0                _fini
 .fini          0x0800e4a4        0x8 C:/ProgramData/MATLAB/SupportPackages/R2025b/3P.instrset/gnuarm-armcortex.instrset/win/bin/../lib/gcc/arm-none-eabi/13.2.1/thumb/v7e-m+fp/hard/crtn.o
                0x0800e4ac                        . = ALIGN (0x4)
                0x0800e4ac                        _etext = .

.vfp11_veneer   0x0800e4ac        0x0
 .vfp11_veneer  0x0800e4ac        0x0 linker stubs

.v4_bx          0x0800e4ac        0x0
 .v4_bx         0x0800e4ac        0x0 linker stubs

.iplt           0x0800e4ac        0x0
 .iplt          0x0800e4ac        0x0 C:/ProgramData/MATLAB/SupportPackages/R2025b/3P.instrset/gnuarm-armcortex.instrset/win/bin/../lib/gcc/arm-none-eabi/13.2.1/thumb/v7e-m+fp/hard/crtbegin.o

.rodata         0x0800e4b0     0x2a28
                0x0800e4b0                        . = ALIGN (0x4)
 *(.rodata)
 .rodata        0x0800e4b0      0x2b9 xcp_ext_mode.c.o
 *fill*         0x0800e769        0x3 
 .rodata        0x0800e76c       0x12 Encoder_reader_simulink.c.o
 *fill*         0x0800e77e        0x2 
 .rodata        0x0800e780      0x12e xcp_ext_common.c.o
 *fill*         0x0800e8ae        0x2 
 .rodata        0x0800e8b0       0x4c xcp_ext_classic_trigger.c.o
 .rodata        0x0800e8fc      0x278 xcp.c.o
 .rodata        0x0800eb74      0x3a9 xcp_standard.c.o
 *fill*         0x0800ef1d        0x3 
 .rodata        0x0800ef20     0x1010 xcp_daq.c.o
 .rodata        0x0800ff30       0xdd xcp_calibration.c.o
 *fill*         0x0801000d        0x3 
 .rodata        0x08010010      0x56e xcp_transport.c.o
 *fill*         0x0801057e        0x2 
 .rodata        0x08010580       0xf5 xcp_mem_default.c.o
 *fill*         0x08010675        0x3 
 .rodata        0x08010678      0x228 xcp_drv_rtiostream.c.o
 .rodata        0x080108a0      0x4aa xcp_frame_serial.c.o
 *(.rodata*)
 *fill*         0x08010d4a        0x2 
 .rodata.Encoder_reader_simulink_M
                0x08010d4c        0x4 Encoder_reader_simulink.c.o
                0x08010d4c                Encoder_reader_simulink_M
 .rodata.rtAlwaysEnabled.0
                0x08010d50        0x1 Encoder_reader_simulink.c.o
 *fill*         0x08010d51        0x3 
 .rodata.standardSupportedRxPacket
                0x08010d54       0x54 xcp_standard.c.o
 .rodata.daqSupportedRxPacket
                0x08010da8       0x9c xcp_daq.c.o
 .rodata.calibrationSupportedRxPacket
                0x08010e44       0x18 xcp_calibration.c.o
 .rodata.CHANNEL_OFFSET_TAB
                0x08010e5c        0x8 stm_usart.c.o
 .rodata.CHANNEL_OFFSET_TAB
                0x08010e64        0x8 stm_lpuart.c.o
 .rodata.CHANNEL_OFFSET_TAB
                0x08010e6c        0x8 main.c.o
 .rodata.OFFSET_TAB_CCMRx
                0x08010e74        0xa main.c.o
 *fill*         0x08010e7e        0x2 
 .rodata.SHIFT_TAB_ICxx
                0x08010e80        0xa main.c.o
 *fill*         0x08010e8a        0x2 
 .rodata.SHIFT_TAB_CCxP
                0x08010e8c        0xa main.c.o
 *fill*         0x08010e96        0x2 
 .rodata.LPUART_PRESCALER_TAB
                0x08010e98       0x18 stm32g4xx_ll_lpuart.c.o
 .rodata.AHBPrescTable
                0x08010eb0       0x10 system_stm32g4xx.c.o
                0x08010eb0                AHBPrescTable
 .rodata.APBPrescTable
                0x08010ec0        0x8 system_stm32g4xx.c.o
                0x08010ec0                APBPrescTable
 .rodata.Zero   0x08010ec8       0x10 C:/ProgramData/MATLAB/SupportPackages/R2025b/3P.instrset/gnuarm-armcortex.instrset/win/bin/../lib/gcc/arm-none-eabi/13.2.1/thumb/v7e-m+fp/hard\libm.a(libm_a-e_fmod.o)
                0x08010ed8                        . = ALIGN (0x4)

.ARM.extab      0x08010ed8        0x0
                0x08010ed8                        . = ALIGN (0x4)
 *(.ARM.extab* .gnu.linkonce.armextab.*)
                0x08010ed8                        . = ALIGN (0x4)

.ARM            0x08010ed8        0x8
                0x08010ed8                        . = ALIGN (0x4)
                0x08010ed8                        __exidx_start = .
 *(.ARM.exidx*)
 .ARM.exidx.text.__udivmoddi4
                0x08010ed8        0x8 C:/ProgramData/MATLAB/SupportPackages/R2025b/3P.instrset/gnuarm-armcortex.instrset/win/bin/../lib/gcc/arm-none-eabi/13.2.1/thumb/v7e-m+fp/hard\libgcc.a(_udivmoddi4.o)
                0x08010ee0                        __exidx_end = .
                0x08010ee0                        . = ALIGN (0x4)

.preinit_array  0x08010ee0        0x0
                0x08010ee0                        . = ALIGN (0x4)
                0x08010ee0                        PROVIDE (__preinit_array_start = .)
 *(.preinit_array*)
                0x08010ee0                        PROVIDE (__preinit_array_end = .)
                0x08010ee0                        . = ALIGN (0x4)

.init_array     0x08010ee0        0x4
                0x08010ee0                        . = ALIGN (0x4)
                0x08010ee0                        PROVIDE (__init_array_start = .)
 *(SORT_BY_NAME(.init_array.*))
 *(.init_array*)
 .init_array    0x08010ee0        0x4 C:/ProgramData/MATLAB/SupportPackages/R2025b/3P.instrset/gnuarm-armcortex.instrset/win/bin/../lib/gcc/arm-none-eabi/13.2.1/thumb/v7e-m+fp/hard/crtbegin.o
                0x08010ee4                        PROVIDE (__init_array_end = .)
                0x08010ee4                        . = ALIGN (0x4)

.fini_array     0x08010ee4        0x4
                0x08010ee4                        . = ALIGN (0x4)
                [!provide]                        PROVIDE (__fini_array_start = .)
 *(SORT_BY_NAME(.fini_array.*))
 *(.fini_array*)
 .fini_array    0x08010ee4        0x4 C:/ProgramData/MATLAB/SupportPackages/R2025b/3P.instrset/gnuarm-armcortex.instrset/win/bin/../lib/gcc/arm-none-eabi/13.2.1/thumb/v7e-m+fp/hard/crtbegin.o
                [!provide]                        PROVIDE (__fini_array_end = .)
                0x08010ee8                        . = ALIGN (0x4)
                0x08010ee8                        _sidata = LOADADDR (.data)

.rel.dyn        0x08010ee8        0x0
 .rel.iplt      0x08010ee8        0x0 C:/ProgramData/MATLAB/SupportPackages/R2025b/3P.instrset/gnuarm-armcortex.instrset/win/bin/../lib/gcc/arm-none-eabi/13.2.1/thumb/v7e-m+fp/hard/crtbegin.o

.data           0x20000000       0xec load address 0x08010ee8
                0x20000000                        . = ALIGN (0x4)
                0x20000000                        _sdata = .
 *(.data)
 *(.data*)
 .data.rtInf    0x20000000        0x8 rt_nonfinite.c.o
                0x20000000                rtInf
 .data.xcpExtmodeFinalSimulationTime
                0x20000008        0x8 xcp_ext_common.c.o
                0x20000008                xcpExtmodeFinalSimulationTime
 .data.xcpClassicTriggerDuration
                0x20000010        0x4 xcp_ext_classic_trigger.c.o
                0x20000010                xcpClassicTriggerDuration
 .data.xcpClassicTriggerArmRequest
                0x20000014        0x1 xcp_ext_classic_trigger.c.o
                0x20000014                xcpClassicTriggerArmRequest
 *fill*         0x20000015        0x3 
 .data.startStopDaqListId
                0x20000018        0x4 xcp_daq.c.o
 .data.xcpCurrentDaq
                0x2000001c        0x4 xcp_daq.c.o
 .data.xcpEventCustomMemoryManager
                0x20000020        0xc xcp_daq.c.o
 .data.xcpCtoReservedMemPoolId
                0x2000002c        0x4 xcp_transport.c.o
 .data.xcpMemMainBlockSizes
                0x20000030        0xc xcp_mem_default.c.o
 .data.xcpMemMainBlocksNumber
                0x2000003c        0xc xcp_mem_default.c.o
 .data.drvID    0x20000048        0x4 xcp_drv_rtiostream.c.o
 .data.xcpCtoReservedMemPoolId
                0x2000004c        0x4 xcp_frame_serial.c.o
 .data.uartObj  0x20000050       0x40 rtiostream_serial.c.o
                0x20000050                uartObj
 .data.uwTickPrio
                0x20000090        0x4 stm32g4xx_hal.c.o
                0x20000090                uwTickPrio
 .data.uwTickFreq
                0x20000094        0x4 stm32g4xx_hal.c.o
                0x20000094                uwTickFreq
 .data.SystemCoreClock
                0x20000098        0x4 system_stm32g4xx.c.o
                0x20000098                SystemCoreClock
 .data._impure_ptr
                0x2000009c        0x4 C:/ProgramData/MATLAB/SupportPackages/R2025b/3P.instrset/gnuarm-armcortex.instrset/win/bin/../lib/gcc/arm-none-eabi/13.2.1/thumb/v7e-m+fp/hard\libg_nano.a(libc_a-impure.o)
                0x2000009c                _impure_ptr
 .data._impure_data
                0x200000a0       0x4c C:/ProgramData/MATLAB/SupportPackages/R2025b/3P.instrset/gnuarm-armcortex.instrset/win/bin/../lib/gcc/arm-none-eabi/13.2.1/thumb/v7e-m+fp/hard\libg_nano.a(libc_a-impure.o)
                0x200000a0                _impure_data
 *(.RamFunc)
 *(.RamFunc*)
                0x200000ec                        . = ALIGN (0x4)
                0x200000ec                        _edata = .

.tm_clone_table
                0x200000ec        0x0 load address 0x08010fd4
 .tm_clone_table
                0x200000ec        0x0 C:/ProgramData/MATLAB/SupportPackages/R2025b/3P.instrset/gnuarm-armcortex.instrset/win/bin/../lib/gcc/arm-none-eabi/13.2.1/thumb/v7e-m+fp/hard/crtbegin.o
 .tm_clone_table
                0x200000ec        0x0 C:/ProgramData/MATLAB/SupportPackages/R2025b/3P.instrset/gnuarm-armcortex.instrset/win/bin/../lib/gcc/arm-none-eabi/13.2.1/thumb/v7e-m+fp/hard/crtend.o

.igot.plt       0x200000ec        0x0 load address 0x08010fd4
 .igot.plt      0x200000ec        0x0 C:/ProgramData/MATLAB/SupportPackages/R2025b/3P.instrset/gnuarm-armcortex.instrset/win/bin/../lib/gcc/arm-none-eabi/13.2.1/thumb/v7e-m+fp/hard/crtbegin.o
                0x200000ec                        . = ALIGN (0x4)

.bss            0x200000f0     0x2694 load address 0x08010fd4
                0x200000f0                        _sbss = .
                0x200000f0                        __bss_start__ = _sbss
 *(.bss)
 *(.bss*)
 .bss.completed.1
                0x200000f0        0x1 C:/ProgramData/MATLAB/SupportPackages/R2025b/3P.instrset/gnuarm-armcortex.instrset/win/bin/../lib/gcc/arm-none-eabi/13.2.1/thumb/v7e-m+fp/hard/crtbegin.o
 *fill*         0x200000f1        0x3 
 .bss.object.0  0x200000f4       0x18 C:/ProgramData/MATLAB/SupportPackages/R2025b/3P.instrset/gnuarm-armcortex.instrset/win/bin/../lib/gcc/arm-none-eabi/13.2.1/thumb/v7e-m+fp/hard/crtbegin.o
 .bss.xcpCustomTriggerFunction
                0x2000010c        0x8 xcp_ext_mode.c.o
 *fill*         0x20000114        0x4 
 .bss.Encoder_reader_simulink_B
                0x20000118       0x88 Encoder_reader_simulink.c.o
                0x20000118                Encoder_reader_simulink_B
 .bss.Encoder_reader_simulink_DW
                0x200001a0      0x258 Encoder_reader_simulink.c.o
                0x200001a0                Encoder_reader_simulink_DW
 .bss.Encoder_reader_simulink_M_
                0x200003f8      0x160 Encoder_reader_simulink.c.o
 .bss.rt_ExtModeInfo.2
                0x20000558       0x14 Encoder_reader_simulink.c.o
 .bss.systemRan.1
                0x2000056c       0x34 Encoder_reader_simulink.c.o
 .bss.IsrOverrun
                0x200005a0        0x4 ert_main.c.o
                0x200005a0                IsrOverrun
 .bss.OverrunFlag
                0x200005a4        0x1 ert_main.c.o
 .bss.stopRequested
                0x200005a5        0x1 ert_main.c.o
                0x200005a5                stopRequested
 .bss.runModel  0x200005a6        0x1 ert_main.c.o
                0x200005a6                runModel
 .bss.xcpModelStartRequest
                0x200005a7        0x1 xcp_ext_common.c.o
                0x200005a7                xcpModelStartRequest
 .bss.xcpModelStopRequest
                0x200005a8        0x1 xcp_ext_common.c.o
                0x200005a8                xcpModelStopRequest
 .bss.xcpModelStatus
                0x200005a9        0x1 xcp_ext_common.c.o
                0x200005a9                xcpModelStatus
 *fill*         0x200005aa        0x2 
 .bss.xcpModelChecksum0
                0x200005ac        0x4 xcp_ext_common.c.o
                0x200005ac                xcpModelChecksum0
 .bss.xcpModelChecksum1
                0x200005b0        0x4 xcp_ext_common.c.o
                0x200005b0                xcpModelChecksum1
 .bss.xcpModelChecksum2
                0x200005b4        0x4 xcp_ext_common.c.o
                0x200005b4                xcpModelChecksum2
 .bss.xcpModelChecksum3
                0x200005b8        0x4 xcp_ext_common.c.o
                0x200005b8                xcpModelChecksum3
 .bss.xcpModelIntegerCode
                0x200005bc        0x4 xcp_ext_common.c.o
                0x200005bc                xcpModelIntegerCode
 .bss.xcpExtmodeSimulationComplete
                0x200005c0        0x1 xcp_ext_common.c.o
                0x200005c0                xcpExtmodeSimulationComplete
 *fill*         0x200005c1        0x7 
 .bss.xcpDummyDoubleVariable
                0x200005c8        0x8 xcp_ext_common.c.o
                0x200005c8                xcpDummyDoubleVariable
 .bss.xcpDummyUint64Variable
                0x200005d0        0x8 xcp_ext_common.c.o
                0x200005d0                xcpDummyUint64Variable
 .bss.xcpCurrentSimulationTimeInMs
                0x200005d8        0x8 xcp_ext_common.c.o
                0x200005d8                xcpCurrentSimulationTimeInMs
 .bss.xcpBaseRateSimulationTime
                0x200005e0        0x8 xcp_ext_common.c.o
 .bss.xcpClassicTriggerEventId
                0x200005e8        0x2 xcp_ext_classic_trigger.c.o
                0x200005e8                xcpClassicTriggerEventId
 *fill*         0x200005ea        0x2 
 .bss.xcpClassicTriggerSignalAddress
                0x200005ec        0x4 xcp_ext_classic_trigger.c.o
                0x200005ec                xcpClassicTriggerSignalAddress
 .bss.xcpClassicTriggerSignalAddressExtension
                0x200005f0        0x1 xcp_ext_classic_trigger.c.o
                0x200005f0                xcpClassicTriggerSignalAddressExtension
 *fill*         0x200005f1        0x7 
 .bss.xcpClassicTriggerLevel
                0x200005f8        0x8 xcp_ext_classic_trigger.c.o
                0x200005f8                xcpClassicTriggerLevel
 .bss.xcpClassicTriggerHoldOff
                0x20000600        0x4 xcp_ext_classic_trigger.c.o
                0x20000600                xcpClassicTriggerHoldOff
 .bss.xcpClassicTriggerDelay
                0x20000604        0x4 xcp_ext_classic_trigger.c.o
                0x20000604                xcpClassicTriggerDelay
 .bss.xcpClassicTriggerDirection
                0x20000608        0x1 xcp_ext_classic_trigger.c.o
                0x20000608                xcpClassicTriggerDirection
 .bss.xcpClassicTriggerCancelRequest
                0x20000609        0x1 xcp_ext_classic_trigger.c.o
                0x20000609                xcpClassicTriggerCancelRequest
 .bss.xcpClassicTriggerSource
                0x2000060a        0x1 xcp_ext_classic_trigger.c.o
                0x2000060a                xcpClassicTriggerSource
 .bss.xcpClassicTriggerMode
                0x2000060b        0x1 xcp_ext_classic_trigger.c.o
                0x2000060b                xcpClassicTriggerMode
 .bss.xcpClassicTriggerStatus
                0x2000060c        0x1 xcp_ext_classic_trigger.c.o
                0x2000060c                xcpClassicTriggerStatus
 *fill*         0x2000060d        0x3 
 .bss.xcpOldSignalValue
                0x20000610        0x8 xcp_ext_classic_trigger.c.o
 .bss.xcpOldSignalValueAvailable
                0x20000618        0x1 xcp_ext_classic_trigger.c.o
 .bss.xcpOldClassicTriggerSource
                0x20000619        0x1 xcp_ext_classic_trigger.c.o
 .bss.xcpTriggerEnabled
                0x2000061a        0x1 xcp_ext_classic_trigger.c.o
 .bss.xcpSignalTriggerFired
                0x2000061b        0x1 xcp_ext_classic_trigger.c.o
 .bss.xcpTriggerCount
                0x2000061c        0x4 xcp_ext_classic_trigger.c.o
 .bss.xcpForcedTriggerEnabled
                0x20000620        0x1 xcp_ext_classic_trigger.c.o
 .bss.xcpForceTriggerEnableRequest
                0x20000621        0x1 xcp_ext_classic_trigger.c.o
 .bss.initialized
                0x20000622        0x1 xcp.c.o
 .bss.xcpStatus
                0x20000623        0x1 xcp.c.o
 .bss.xcpSessionStatus
                0x20000624        0x1 xcp.c.o
 .bss.xcpResourceProtectionStatus
                0x20000625        0x1 xcp.c.o
 .bss.xcpSessionConfigurationId
                0x20000626        0x2 xcp.c.o
 .bss.groupPacketLookup
                0x20000628       0x10 xcp.c.o
 .bss.xcpMta    0x20000638        0x8 xcp_standard.c.o
 .bss.xcpUploadSize
                0x20000640        0x1 xcp_standard.c.o
 *fill*         0x20000641        0x3 
 .bss.packetLookup
                0x20000644        0x4 xcp_standard.c.o
 .bss.xcpDynamicDaqLists
                0x20000648        0x8 xcp_daq.c.o
 .bss.xcpRunningEventCounter
                0x20000650        0x4 xcp_daq.c.o
 .bss.daqLock   0x20000654        0x4 xcp_daq.c.o
 .bss.packetLookup
                0x20000658        0x4 xcp_daq.c.o
 .bss.packetLookup
                0x2000065c        0x4 xcp_calibration.c.o
 .bss.txFifo    0x20000660       0x10 xcp_transport.c.o
 .bss.txLock    0x20000670        0x4 xcp_transport.c.o
 .bss.rxFifo    0x20000674        0x8 xcp_transport.c.o
 .bss.rxLock    0x2000067c        0x4 xcp_transport.c.o
 .bss.initialized
                0x20000680        0x1 xcp_transport.c.o
 *fill*         0x20000681        0x3 
 .bss.xcpMemPoolDescriptors
                0x20000684       0xc0 xcp_mem_default.c.o
 .bss.xcpMemCustomPoolDescriptors
                0x20000744        0x8 xcp_mem_default.c.o
 .bss.xcpMemMainChunk
                0x2000074c      0x587 xcp_mem_default.c.o
 *fill*         0x20000cd3        0x1 
 .bss.xcpMemReservedPoolsChunk
                0x20000cd4     0x1309 xcp_mem_default.c.o
 *fill*         0x20001fdd        0x3 
 .bss.xcpMemReservedPoolsChunkUsedBytes
                0x20001fe0        0x4 xcp_mem_default.c.o
 .bss.xcpMemLock
                0x20001fe4        0x4 xcp_mem_default.c.o
 .bss.forceBlocking
                0x20001fe8        0x1 xcp_drv_rtiostream.c.o
 *fill*         0x20001fe9        0x1 
 .bss.txCounter
                0x20001fea        0x2 xcp_frame_serial.c.o
 .bss.rxCounter
                0x20001fec        0x2 xcp_frame_serial.c.o
 *fill*         0x20001fee        0x2 
 .bss.firstRxCounterReceived
                0x20001ff0        0x4 xcp_frame_serial.c.o
 .bss.initialized
                0x20001ff4        0x1 xcp_frame_serial.c.o
 *fill*         0x20001ff5        0x3 
 .bss.timestampInitialized
                0x20001ff8        0x4 platform_timer.c.o
 .bss.timestampStartTime
                0x20001ffc        0x4 platform_timer.c.o
 .bss.schdl_counter
                0x20002000        0x4 SysTickScheduler.c.o
                0x20002000                schdl_counter
 .bss.schdl_counter_max
                0x20002004        0x4 SysTickScheduler.c.o
                0x20002004                schdl_counter_max
 .bss.taskToSchedule
                0x20002008        0x4 m3m4m4f_multitasking.c.o
                0x20002008                taskToSchedule
 .bss.mw_ext_h  0x2000200c        0x4 rtiostream_serial.c.o
                0x2000200c                mw_ext_h
 .bss.UARTRxBuffer
                0x20002010        0x4 rtiostream_serial.c.o
                0x20002010                UARTRxBuffer
 .bss.mw_lpuart1
                0x20002014       0x40 stm_lpuart.c.o
                0x20002014                mw_lpuart1
 .bss.LPUART1ReceiveBuffer
                0x20002054      0x400 stm_lpuart.c.o
                0x20002054                LPUART1ReceiveBuffer
 .bss.htim2     0x20002454       0x4c stm32g4xx_hal_timebase_tim.c.o
                0x20002454                htim2
 .bss.uwTick    0x200024a0        0x4 stm32g4xx_hal.c.o
                0x200024a0                uwTick
 .bss.mw_tim1   0x200024a4       0x8c stm_timer_ll.c.o
                0x200024a4                mw_tim1
 .bss.mw_tim3   0x20002530       0x8c stm_timer_ll.c.o
                0x20002530                mw_tim3
 .bss.mw_tim4   0x200025bc       0x8c stm_timer_ll.c.o
                0x200025bc                mw_tim4
 .bss.firstIndexReceived.0
                0x20002648        0x1 stm_timer_ll.c.o
 *fill*         0x20002649        0x3 
 .bss.__sf      0x2000264c      0x138 C:/ProgramData/MATLAB/SupportPackages/R2025b/3P.instrset/gnuarm-armcortex.instrset/win/bin/../lib/gcc/arm-none-eabi/13.2.1/thumb/v7e-m+fp/hard\libg_nano.a(libc_a-findfp.o)
                0x2000264c                __sf
 *(COMMON)
                0x20002784                        . = ALIGN (0x4)
                0x20002784                        _ebss = .
                0x20002784                        __bss_end__ = _ebss

._user_heap_stack
                0x20002784      0x604 load address 0x08010fd4
                0x20002788                        . = ALIGN (0x8)
 *fill*         0x20002784        0x4 
                [!provide]                        PROVIDE (end = .)
                0x20002788                        PROVIDE (_end = .)
                0x20002988                        . = (. + _Min_Heap_Size)
 *fill*         0x20002788      0x200 
                0x20002d88                        . = (. + _Min_Stack_Size)
 *fill*         0x20002988      0x400 
                0x20002d88                        . = ALIGN (0x8)

/DISCARD/
 libc.a(*)
 libm.a(*)
 libgcc.a(*)

.ARM.attributes
                0x00000000       0x30
 *(.ARM.attributes)
 .ARM.attributes
                0x00000000       0x22 C:/ProgramData/MATLAB/SupportPackages/R2025b/3P.instrset/gnuarm-armcortex.instrset/win/bin/../lib/gcc/arm-none-eabi/13.2.1/thumb/v7e-m+fp/hard/crti.o
 .ARM.attributes
                0x00000022       0x34 C:/ProgramData/MATLAB/SupportPackages/R2025b/3P.instrset/gnuarm-armcortex.instrset/win/bin/../lib/gcc/arm-none-eabi/13.2.1/thumb/v7e-m+fp/hard/crtbegin.o
 .ARM.attributes
                0x00000056       0x34 xcp_ext_mode.c.o
 .ARM.attributes
                0x0000008a       0x34 Encoder_reader_simulink.c.o
 .ARM.attributes
                0x000000be       0x34 ert_main.c.o
 .ARM.attributes
                0x000000f2       0x34 rt_nonfinite.c.o
 .ARM.attributes
                0x00000126       0x34 xcp_ext_common.c.o
 .ARM.attributes
                0x0000015a       0x34 xcp_ext_classic_trigger.c.o
 .ARM.attributes
                0x0000018e       0x34 xcp.c.o
 .ARM.attributes
                0x000001c2       0x34 xcp_standard.c.o
 .ARM.attributes
                0x000001f6       0x34 xcp_daq.c.o
 .ARM.attributes
                0x0000022a       0x34 xcp_calibration.c.o
 .ARM.attributes
                0x0000025e       0x34 xcp_fifo.c.o
 .ARM.attributes
                0x00000292       0x34 xcp_transport.c.o
 .ARM.attributes
                0x000002c6       0x34 xcp_mem_default.c.o
 .ARM.attributes
                0x000002fa       0x34 xcp_drv_rtiostream.c.o
 .ARM.attributes
                0x0000032e       0x34 xcp_utils.c.o
 .ARM.attributes
                0x00000362       0x34 xcp_frame_serial.c.o
 .ARM.attributes
                0x00000396       0x34 xcp_ext_param_default_serial.c.o
 .ARM.attributes
                0x000003ca       0x34 overrideHALDelay.c.o
 .ARM.attributes
                0x000003fe       0x34 platform_timer.c.o
 .ARM.attributes
                0x00000432       0x34 SysTickScheduler.c.o
 .ARM.attributes