Archive member included to satisfy reference by file (symbol)

C:/ProgramData/MATLAB/SupportPackages/R2024b/3P.instrset/gnuarm-armcortex.instrset/win/bin/../lib/gcc/arm-none-eabi/13.2.1/thumb/v7e-m+fp/hard\libm.a(libm_a-w_fmod.o)
                              xcp_ext_common.o (fmod)
C:/ProgramData/MATLAB/SupportPackages/R2024b/3P.instrset/gnuarm-armcortex.instrset/win/bin/../lib/gcc/arm-none-eabi/13.2.1/thumb/v7e-m+fp/hard\libm.a(libm_a-e_fmod.o)
                              C:/ProgramData/MATLAB/SupportPackages/R2024b/3P.instrset/gnuarm-armcortex.instrset/win/bin/../lib/gcc/arm-none-eabi/13.2.1/thumb/v7e-m+fp/hard\libm.a(libm_a-w_fmod.o) (__ieee754_fmod)
C:/ProgramData/MATLAB/SupportPackages/R2024b/3P.instrset/gnuarm-armcortex.instrset/win/bin/../lib/gcc/arm-none-eabi/13.2.1/thumb/v7e-m+fp/hard\libgcc.a(_arm_muldf3.o)
                              Encoder_reader_simulink.o (__aeabi_dmul)
C:/ProgramData/MATLAB/SupportPackages/R2024b/3P.instrset/gnuarm-armcortex.instrset/win/bin/../lib/gcc/arm-none-eabi/13.2.1/thumb/v7e-m+fp/hard\libgcc.a(_arm_addsubdf3.o)
                              Encoder_reader_simulink.o (__aeabi_dsub)
C:/ProgramData/MATLAB/SupportPackages/R2024b/3P.instrset/gnuarm-armcortex.instrset/win/bin/../lib/gcc/arm-none-eabi/13.2.1/thumb/v7e-m+fp/hard\libgcc.a(_arm_muldivdf3.o)
                              Encoder_reader_simulink.o (__aeabi_ddiv)
C:/ProgramData/MATLAB/SupportPackages/R2024b/3P.instrset/gnuarm-armcortex.instrset/win/bin/../lib/gcc/arm-none-eabi/13.2.1/thumb/v7e-m+fp/hard\libgcc.a(_arm_cmpdf2.o)
                              xcp_ext_mode.o (__aeabi_dcmpeq)
C:/ProgramData/MATLAB/SupportPackages/R2024b/3P.instrset/gnuarm-armcortex.instrset/win/bin/../lib/gcc/arm-none-eabi/13.2.1/thumb/v7e-m+fp/hard\libgcc.a(_arm_unorddf2.o)
                              rt_nonfinite.o (__aeabi_dcmpun)
C:/ProgramData/MATLAB/SupportPackages/R2024b/3P.instrset/gnuarm-armcortex.instrset/win/bin/../lib/gcc/arm-none-eabi/13.2.1/thumb/v7e-m+fp/hard\libgcc.a(_arm_fixunsdfsi.o)
                              xcp_ext_common.o (__aeabi_d2uiz)
C:/ProgramData/MATLAB/SupportPackages/R2024b/3P.instrset/gnuarm-armcortex.instrset/win/bin/../lib/gcc/arm-none-eabi/13.2.1/thumb/v7e-m+fp/hard\libgcc.a(_aeabi_uldivmod.o)
                              stm32g4xx_ll_lpuart.o (__aeabi_uldivmod)
C:/ProgramData/MATLAB/SupportPackages/R2024b/3P.instrset/gnuarm-armcortex.instrset/win/bin/../lib/gcc/arm-none-eabi/13.2.1/thumb/v7e-m+fp/hard\libgcc.a(_udivmoddi4.o)
                              C:/ProgramData/MATLAB/SupportPackages/R2024b/3P.instrset/gnuarm-armcortex.instrset/win/bin/../lib/gcc/arm-none-eabi/13.2.1/thumb/v7e-m+fp/hard\libgcc.a(_aeabi_uldivmod.o) (__udivmoddi4)
C:/ProgramData/MATLAB/SupportPackages/R2024b/3P.instrset/gnuarm-armcortex.instrset/win/bin/../lib/gcc/arm-none-eabi/13.2.1/thumb/v7e-m+fp/hard\libgcc.a(_dvmd_tls.o)
                              C:/ProgramData/MATLAB/SupportPackages/R2024b/3P.instrset/gnuarm-armcortex.instrset/win/bin/../lib/gcc/arm-none-eabi/13.2.1/thumb/v7e-m+fp/hard\libgcc.a(_aeabi_uldivmod.o) (__aeabi_ldiv0)
C:/ProgramData/MATLAB/SupportPackages/R2024b/3P.instrset/gnuarm-armcortex.instrset/win/bin/../lib/gcc/arm-none-eabi/13.2.1/thumb/v7e-m+fp/hard\libg_nano.a(libc_a-exit.o)
                              C:/ProgramData/MATLAB/SupportPackages/R2024b/3P.instrset/gnuarm-armcortex.instrset/win/bin/../lib/gcc/arm-none-eabi/13.2.1/thumb/v7e-m+fp/hard/crt0.o (exit)
C:/ProgramData/MATLAB/SupportPackages/R2024b/3P.instrset/gnuarm-armcortex.instrset/win/bin/../lib/gcc/arm-none-eabi/13.2.1/thumb/v7e-m+fp/hard\libg_nano.a(libc_a-findfp.o)
                              C:/ProgramData/MATLAB/SupportPackages/R2024b/3P.instrset/gnuarm-armcortex.instrset/win/bin/../lib/gcc/arm-none-eabi/13.2.1/thumb/v7e-m+fp/hard\libg_nano.a(libc_a-exit.o) (__stdio_exit_handler)
C:/ProgramData/MATLAB/SupportPackages/R2024b/3P.instrset/gnuarm-armcortex.instrset/win/bin/../lib/gcc/arm-none-eabi/13.2.1/thumb/v7e-m+fp/hard\libg_nano.a(libc_a-fwalk.o)
                              C:/ProgramData/MATLAB/SupportPackages/R2024b/3P.instrset/gnuarm-armcortex.instrset/win/bin/../lib/gcc/arm-none-eabi/13.2.1/thumb/v7e-m+fp/hard\libg_nano.a(libc_a-findfp.o) (_fwalk_sglue)
C:/ProgramData/MATLAB/SupportPackages/R2024b/3P.instrset/gnuarm-armcortex.instrset/win/bin/../lib/gcc/arm-none-eabi/13.2.1/thumb/v7e-m+fp/hard\libg_nano.a(libc_a-stdio.o)
                              C:/ProgramData/MATLAB/SupportPackages/R2024b/3P.instrset/gnuarm-armcortex.instrset/win/bin/../lib/gcc/arm-none-eabi/13.2.1/thumb/v7e-m+fp/hard\libg_nano.a(libc_a-findfp.o) (__sread)
C:/ProgramData/MATLAB/SupportPackages/R2024b/3P.instrset/gnuarm-armcortex.instrset/win/bin/../lib/gcc/arm-none-eabi/13.2.1/thumb/v7e-m+fp/hard\libg_nano.a(libc_a-memset.o)
                              C:/ProgramData/MATLAB/SupportPackages/R2024b/3P.instrset/gnuarm-armcortex.instrset/win/bin/../lib/gcc/arm-none-eabi/13.2.1/thumb/v7e-m+fp/hard/crt0.o (memset)
[...]
Memory Configuration

Name             Origin             Length             Attributes
RAM              0x20000000         0x00020000         xrw
FLASH            0x08000000         0x00080000         xr
*default*        0x00000000         0xffffffff

Linker script and memory map

LOAD C:/ProgramData/MATLAB/SupportPackages/R2024b/3P.instrset/gnuarm-armcortex.instrset/win/bin/../lib/gcc/arm-none-eabi/13.2.1/thumb/v7e-m+fp/hard/crti.o
LOAD C:/ProgramData/MATLAB/SupportPackages/R2024b/3P.instrset/gnuarm-armcortex.instrset/win/bin/../lib/gcc/arm-none-eabi/13.2.1/thumb/v7e-m+fp/hard/crtbegin.o
LOAD C:/ProgramData/MATLAB/SupportPackages/R2024b/3P.instrset/gnuarm-armcortex.instrset/win/bin/../lib/gcc/arm-none-eabi/13.2.1/thumb/v7e-m+fp/hard/crt0.o
LOAD stm_timer_ll.o
LOAD xcp_ext_mode.o
LOAD Encoder_reader_simulink.o
LOAD ert_main.o
LOAD rtGetInf.o
LOAD rt_nonfinite.o
LOAD xcp_ext_common.o
LOAD xcp_ext_classic_trigger.o
LOAD xcp.o
LOAD xcp_standard.o
LOAD xcp_daq.o
LOAD xcp_calibration.o
LOAD xcp_fifo.o
LOAD xcp_transport.o
LOAD xcp_mem_default.o
LOAD xcp_drv_rtiostream.o
LOAD xcp_utils.o
LOAD xcp_frame_serial.o
LOAD xcp_ext_param_default_serial.o
LOAD overrideHALDelay.o
LOAD platform_timer.o
LOAD SysTickScheduler.o
LOAD m3m4m4f_multitasking.o
LOAD rtiostream_serial.o
LOAD stm_usart.o
LOAD stm_lpuart.o
LOAD sys_arch.o
LOAD main.o
LOAD stm32g4xx_it.o
LOAD stm32g4xx_hal_msp.o
LOAD stm32g4xx_hal_timebase_tim.o
LOAD stm32g4xx_ll_utils.o
LOAD stm32g4xx_ll_exti.o
LOAD stm32g4xx_hal_tim.o
LOAD stm32g4xx_hal_tim_ex.o
LOAD stm32g4xx_ll_gpio.o
LOAD stm32g4xx_ll_dma.o
LOAD stm32g4xx_ll_lpuart.o
LOAD stm32g4xx_ll_rcc.o
LOAD stm32g4xx_ll_pwr.o
LOAD stm32g4xx_hal.o
LOAD stm32g4xx_hal_rcc.o
LOAD stm32g4xx_hal_rcc_ex.o
LOAD stm32g4xx_hal_flash.o
LOAD stm32g4xx_hal_flash_ex.o
LOAD stm32g4xx_hal_flash_ramfunc.o
LOAD stm32g4xx_hal_gpio.o
LOAD stm32g4xx_hal_exti.o
LOAD stm32g4xx_hal_dma.o
LOAD stm32g4xx_hal_dma_ex.o
LOAD stm32g4xx_hal_pwr.o
LOAD stm32g4xx_hal_pwr_ex.o
LOAD stm32g4xx_hal_cortex.o
LOAD stm32g4xx_ll_tim.o
LOAD system_stm32g4xx.o
LOAD syscalls.o
LOAD sysmem.o
LOAD startup_stm32g474retx.o
LOAD C:/ProgramData/MATLAB/SupportPackages/R2024b/3P.instrset/cmsis_dsp.instrset/Lib/GCC/arm_cortexm4ldfsp_math/libCMSISDSP.a
LOAD C:/ProgramData/MATLAB/SupportPackages/R2024b/toolbox/shared/supportpackages/stm32/lib/GCC/libmw_pdmfilter_m4_spfp.lib
LOAD C:/ProgramData/MATLAB/SupportPackages/R2024b/3P.instrset/gnuarm-armcortex.instrset/win/bin/../lib/gcc/arm-none-eabi/13.2.1/thumb/v7e-m+fp/hard\libstdc++_nano.a
LOAD C:/ProgramData/MATLAB/SupportPackages/R2024b/3P.instrset/gnuarm-armcortex.instrset/win/bin/../lib/gcc/arm-none-eabi/13.2.1/thumb/v7e-m+fp/hard\libm.a
START GROUP
LOAD C:/ProgramData/MATLAB/SupportPackages/R2024b/3P.instrset/gnuarm-armcortex.instrset/win/bin/../lib/gcc/arm-none-eabi/13.2.1/thumb/v7e-m+fp/hard\libgcc.a
LOAD C:/ProgramData/MATLAB/SupportPackages/R2024b/3P.instrset/gnuarm-armcortex.instrset/win/bin/../lib/gcc/arm-none-eabi/13.2.1/thumb/v7e-m+fp/hard\libg_nano.a
LOAD C:/ProgramData/MATLAB/SupportPackages/R2024b/3P.instrset/gnuarm-armcortex.instrset/win/bin/../lib/gcc/arm-none-eabi/13.2.1/thumb/v7e-m+fp/hard\libc_nano.a
END GROUP
START GROUP
LOAD C:/ProgramData/MATLAB/SupportPackages/R2024b/3P.instrset/gnuarm-armcortex.instrset/win/bin/../lib/gcc/arm-none-eabi/13.2.1/thumb/v7e-m+fp/hard\libgcc.a
LOAD C:/ProgramData/MATLAB/SupportPackages/R2024b/3P.instrset/gnuarm-armcortex.instrset/win/bin/../lib/gcc/arm-none-eabi/13.2.1/thumb/v7e-m+fp/hard\libc_nano.a
LOAD C:/ProgramData/MATLAB/SupportPackages/R2024b/3P.instrset/gnuarm-armcortex.instrset/win/bin/../lib/gcc/arm-none-eabi/13.2.1/thumb/v7e-m+fp/hard\libnosys.a
END GROUP
START GROUP
LOAD C:/ProgramData/MATLAB/SupportPackages/R2024b/3P.instrset/gnuarm-armcortex.instrset/win/bin/../lib/gcc/arm-none-eabi/13.2.1/thumb/v7e-m+fp/hard\libgcc.a
LOAD C:/ProgramData/MATLAB/SupportPackages/R2024b/3P.instrset/gnuarm-armcortex.instrset/win/bin/../lib/gcc/arm-none-eabi/13.2.1/thumb/v7e-m+fp/hard\libc_nano.a
LOAD C:/ProgramData/MATLAB/SupportPackages/R2024b/3P.instrset/gnuarm-armcortex.instrset/win/bin/../lib/gcc/arm-none-eabi/13.2.1/thumb/v7e-m+fp/hard\libnosys.a
END GROUP
LOAD C:/ProgramData/MATLAB/SupportPackages/R2024b/3P.instrset/gnuarm-armcortex.instrset/win/bin/../lib/gcc/arm-none-eabi/13.2.1/thumb/v7e-m+fp/hard/crtend.o
LOAD C:/ProgramData/MATLAB/SupportPackages/R2024b/3P.instrset/gnuarm-armcortex.instrset/win/bin/../lib/gcc/arm-none-eabi/13.2.1/thumb/v7e-m+fp/hard/crtn.o
                0x20020000                        _estack = (ORIGIN (RAM) + LENGTH (RAM))
                0x00000200                        _Min_Heap_Size = 0x200
                0x00000400                        _Min_Stack_Size = 0x400

.isr_vector     0x08000000      0x1d8
                0x08000000                        . = ALIGN (0x4)
 *(.isr_vector)
 .isr_vector    0x08000000      0x1d8 startup_stm32g474retx.o
                0x08000000                g_pfnVectors
                0x080001d8                        . = ALIGN (0x4)

.text           0x080001d8     0xccf8
                0x080001d8                        . = ALIGN (0x4)
 *(.text)
 .text          0x080001d8      0x378 C:/ProgramData/MATLAB/SupportPackages/R2024b/3P.instrset/gnuarm-armcortex.instrset/win/bin/../lib/gcc/arm-none-eabi/13.2.1/thumb/v7e-m+fp/hard\libgcc.a(_arm_addsubdf3.o)
                0x080001d8                __aeabi_drsub
                0x080001e0                __aeabi_dsub
                0x080001e0                __subdf3
                0x080001e4                __aeabi_dadd
                0x080001e4                __adddf3
                0x0800045c                __floatunsidf
                0x0800045c                __aeabi_ui2d
                0x0800047c                __floatsidf
                0x0800047c                __aeabi_i2d
                0x080004a0                __aeabi_f2d
                0x080004a0                __extendsfdf2
                0x080004e4                __floatundidf
                0x080004e4                __aeabi_ul2d
                0x080004f4                __floatdidf
                0x080004f4                __aeabi_l2d
 .text          0x08000550      0x424 C:/ProgramData/MATLAB/SupportPackages/R2024b/3P.instrset/gnuarm-armcortex.instrset/win/bin/../lib/gcc/arm-none-eabi/13.2.1/thumb/v7e-m+fp/hard\libgcc.a(_arm_muldivdf3.o)
                0x08000550                __aeabi_dmul
                0x08000550                __muldf3
                0x080007a4                __divdf3
                0x080007a4                __aeabi_ddiv
 .text          0x08000974      0x110 C:/ProgramData/MATLAB/SupportPackages/R2024b/3P.instrset/gnuarm-armcortex.instrset/win/bin/../lib/gcc/arm-none-eabi/13.2.1/thumb/v7e-m+fp/hard\libgcc.a(_arm_cmpdf2.o)
                0x08000974                __gtdf2
                0x08000974                __gedf2
                0x0800097c                __ltdf2
                0x0800097c                __ledf2
                0x08000984                __nedf2
                0x08000984                __eqdf2
                0x08000984                __cmpdf2
                0x08000a00                __aeabi_cdrcmple
                0x08000a10                __aeabi_cdcmpeq
                0x08000a10                __aeabi_cdcmple
                0x08000a20                __aeabi_dcmpeq
                0x08000a34                __aeabi_dcmplt
                0x08000a48                __aeabi_dcmple
                0x08000a5c                __aeabi_dcmpge
                0x08000a70                __aeabi_dcmpgt
 .text          0x08000a84       0x2c C:/ProgramData/MATLAB/SupportPackages/R2024b/3P.instrset/gnuarm-armcortex.instrset/win/bin/../lib/gcc/arm-none-eabi/13.2.1/thumb/v7e-m+fp/hard\libgcc.a(_arm_unorddf2.o)
                0x08000a84                __unorddf2
                0x08000a84                __aeabi_dcmpun
 .text          0x08000ab0       0x40 C:/ProgramData/MATLAB/SupportPackages/R2024b/3P.instrset/gnuarm-armcortex.instrset/win/bin/../lib/gcc/arm-none-eabi/13.2.1/thumb/v7e-m+fp/hard\libgcc.a(_arm_fixunsdfsi.o)
                0x08000ab0                __aeabi_d2uiz
                0x08000ab0                __fixunsdfsi
 .text          0x08000af0       0x30 C:/ProgramData/MATLAB/SupportPackages/R2024b/3P.instrset/gnuarm-armcortex.instrset/win/bin/../lib/gcc/arm-none-eabi/13.2.1/thumb/v7e-m+fp/hard\libgcc.a(_aeabi_uldivmod.o)
                0x08000af0                __aeabi_uldivmod
 .text          0x08000b20        0x4 C:/ProgramData/MATLAB/SupportPackages/R2024b/3P.instrset/gnuarm-armcortex.instrset/win/bin/../lib/gcc/arm-none-eabi/13.2.1/thumb/v7e-m+fp/hard\libgcc.a(_dvmd_tls.o)
                0x08000b20                __aeabi_idiv0
                0x08000b20                __aeabi_ldiv0
 *(.text*)
 .text.deregister_tm_clones
                0x08000b24       0x1c C:/ProgramData/MATLAB/SupportPackages/R2024b/3P.instrset/gnuarm-armcortex.instrset/win/bin/../lib/gcc/arm-none-eabi/13.2.1/thumb/v7e-m+fp/hard/crtbegin.o
 .text.register_tm_clones
                0x08000b40       0x24 C:/ProgramData/MATLAB/SupportPackages/R2024b/3P.instrset/gnuarm-armcortex.instrset/win/bin/../lib/gcc/arm-none-eabi/13.2.1/thumb/v7e-m+fp/hard/crtbegin.o
 .text.__do_global_dtors_aux
                0x08000b64       0x28 C:/ProgramData/MATLAB/SupportPackages/R2024b/3P.instrset/gnuarm-armcortex.instrset/win/bin/../lib/gcc/arm-none-eabi/13.2.1/thumb/v7e-m+fp/hard/crtbegin.o
 .text.frame_dummy
                0x08000b8c       0x24 C:/ProgramData/MATLAB/SupportPackages/R2024b/3P.instrset/gnuarm-armcortex.instrset/win/bin/../lib/gcc/arm-none-eabi/13.2.1/thumb/v7e-m+fp/hard/crtbegin.o
 .text.LL_TIM_GetCounterMode
                0x08000bb0       0x30 stm_timer_ll.o
 .text.LL_TIM_GetCounter
                0x08000be0       0x18 stm_timer_ll.o
 .text.LL_TIM_GetRepetitionCounter
                0x08000bf8       0x18 stm_timer_ll.o
 .text.LL_TIM_CC_EnableChannel
                0x08000c10       0x22 stm_timer_ll.o
 .text.LL_TIM_CC_DisableChannel
                0x08000c32       0x24 stm_timer_ll.o
 .text.LL_TIM_EnableAllOutputs
                0x08000c56       0x20 stm_timer_ll.o
 .text.LL_TIM_IsActiveFlag_IDX
                0x08000c76       0x28 stm_timer_ll.o
 .text.LL_TIM_EnableIT_UPDATE
                0x08000c9e       0x20 stm_timer_ll.o
 .text.LL_TIM_DisableIT_UPDATE
                0x08000cbe       0x20 stm_timer_ll.o
 .text.LL_TIM_IsEnabledIT_UPDATE
                0x08000cde       0x26 stm_timer_ll.o
 .text.LL_TIM_EnableIT_CC1
                0x08000d04       0x20 stm_timer_ll.o
 .text.LL_TIM_DisableIT_CC1
                0x08000d24       0x20 stm_timer_ll.o
 .text.LL_TIM_IsEnabledIT_CC1
                0x08000d44       0x26 stm_timer_ll.o
 .text.LL_TIM_EnableIT_CC2
                0x08000d6a       0x20 stm_timer_ll.o
 .text.LL_TIM_DisableIT_CC2
                0x08000d8a       0x20 stm_timer_ll.o
 .text.LL_TIM_IsEnabledIT_CC2
                0x08000daa       0x26 stm_timer_ll.o
 .text.LL_TIM_EnableIT_CC3
                0x08000dd0       0x20 stm_timer_ll.o
 .text.LL_TIM_DisableIT_CC3
                0x08000df0       0x20 stm_timer_ll.o
 .text.LL_TIM_IsEnabledIT_CC3
                0x08000e10       0x26 stm_timer_ll.o
 .text.LL_TIM_EnableIT_CC4
                0x08000e36       0x20 stm_timer_ll.o
 .text.LL_TIM_DisableIT_CC4
                0x08000e56       0x20 stm_timer_ll.o
 .text.LL_TIM_IsEnabledIT_CC4
                0x08000e76       0x26 stm_timer_ll.o
 .text.LL_TIM_EnableIT_COM
                0x08000e9c       0x20 stm_timer_ll.o
 .text.LL_TIM_DisableIT_COM
                0x08000ebc       0x20 stm_timer_ll.o
 .text.LL_TIM_IsEnabledIT_COM
                0x08000edc       0x26 stm_timer_ll.o
 .text.LL_TIM_EnableIT_TRIG
                0x08000f02       0x20 stm_timer_ll.o
 .text.LL_TIM_DisableIT_TRIG
                0x08000f22       0x20 stm_timer_ll.o
 .text.LL_TIM_IsEnabledIT_TRIG
                0x08000f42       0x26 stm_timer_ll.o
 .text.LL_TIM_EnableIT_BRK
                0x08000f68       0x20 stm_timer_ll.o
 .text.LL_TIM_DisableIT_BRK
                0x08000f88       0x20 stm_timer_ll.o
 .text.LL_TIM_IsEnabledIT_BRK
                0x08000fa8       0x26 stm_timer_ll.o
 .text.LL_TIM_EnableIT_TERR
                0x08000fce       0x20 stm_timer_ll.o
 .text.LL_TIM_DisableIT_TERR
                0x08000fee       0x20 stm_timer_ll.o
 .text.LL_TIM_IsEnabledIT_TERR
                0x0800100e       0x28 stm_timer_ll.o
 .text.LL_TIM_EnableIT_IERR
                0x08001036       0x20 stm_timer_ll.o
 .text.LL_TIM_DisableIT_IERR
                0x08001056       0x20 stm_timer_ll.o
 .text.LL_TIM_IsEnabledIT_IERR
                0x08001076       0x28 stm_timer_ll.o
 .text.LL_TIM_EnableIT_DIR
                0x0800109e       0x20 stm_timer_ll.o
 .text.LL_TIM_DisableIT_DIR
                0x080010be       0x20 stm_timer_ll.o
 .text.LL_TIM_IsEnabledIT_DIR
                0x080010de       0x28 stm_timer_ll.o
 .text.LL_TIM_EnableIT_IDX
                0x08001106       0x20 stm_timer_ll.o
 .text.LL_TIM_DisableIT_IDX
                0x08001126       0x20 stm_timer_ll.o
 .text.LL_TIM_IsEnabledIT_IDX
                0x08001146       0x28 stm_timer_ll.o
 .text.TIM_IsActiveFlagIDX
                0x0800116e       0x34 stm_timer_ll.o
                0x0800116e                TIM_IsActiveFlagIDX
 .text.enableTimerInterrupts
                0x080011a2      0x1c4 stm_timer_ll.o
                0x080011a2                enableTimerInterrupts
 .text.disableTimerInterrupts
                0x08001366      0x1c4 stm_timer_ll.o
                0x08001366                disableTimerInterrupts
 *fill*         0x0800152a        0x2 
 .text.enableTimerChannel1
                0x0800152c       0xb0 stm_timer_ll.o
                0x0800152c                enableTimerChannel1
 .text.disableTimerChannel1
                0x080015dc       0xb0 stm_timer_ll.o
                0x080015dc                disableTimerChannel1
 .text.enableTimerChannel2
                0x0800168c       0xb0 stm_timer_ll.o
                0x0800168c                enableTimerChannel2
 .text.disableTimerChannel2
                0x0800173c       0xb0 stm_timer_ll.o
                0x0800173c                disableTimerChannel2
 .text.Timer_Handle_Init
                0x080017ec      0x114 stm_timer_ll.o
                0x080017ec                Timer_Handle_Init
 .text.getTimerCounterValueForG4
                0x08001900       0x64 stm_timer_ll.o
                0x08001900                getTimerCounterValueForG4
 .text.extmodeParseArgs
                0x08001964       0x1e xcp_ext_mode.o
                0x08001964                extmodeParseArgs
 *fill*         0x08001982        0x2 
 .text.extmodeInit
                0x08001984      0x128 xcp_ext_mode.o
                0x08001984                extmodeInit
 .text.extmodeWaitForHostRequest
                0x08001aac       0xcc xcp_ext_mode.o
                0x08001aac                extmodeWaitForHostRequest
 .text.extmodeEvent
                0x08001b78       0xfc xcp_ext_mode.o
                0x08001b78                extmodeEvent
 .text.extmodeBackgroundRun
                0x08001c74       0x20 xcp_ext_mode.o
                0x08001c74                extmodeBackgroundRun
 .text.extmodeReset
                0x08001c94       0x40 xcp_ext_mode.o
                0x08001c94                extmodeReset
 .text.extmodeStopRequested
                0x08001cd4       0x18 xcp_ext_mode.o
                0x08001cd4                extmodeStopRequested
 .text.extmodeSimulationComplete
                0x08001cec       0x18 xcp_ext_mode.o
                0x08001cec                extmodeSimulationComplete
 .text.LL_TIM_EnableCounter
                0x08001d04       0x20 Encoder_reader_simulink.o
 .text.LL_TIM_DisableCounter
                0x08001d24       0x20 Encoder_reader_simulink.o
 .text.LL_TIM_SetUpdateSource
                0x08001d44       0x26 Encoder_reader_simulink.o
 .text.LL_TIM_GetUpdateSource
                0x08001d6a       0x1c Encoder_reader_simulink.o
 .text.LL_TIM_SetRepetitionCounter
                0x08001d86       0x1c Encoder_reader_simulink.o
 .text.LL_TIM_GenerateEvent_UPDATE
                0x08001da2       0x20 Encoder_reader_simulink.o
 *fill*         0x08001dc2        0x2 
 .text.isSlaveTriggerModeEnabled
                0x08001dc4       0x30 Encoder_reader_simulink.o
 .text.enableCounter
                0x08001df4      0x118 Encoder_reader_simulink.o
 .text.disableCounter
                0x08001f0c       0x1a Encoder_reader_simulink.o
 *fill*         0x08001f26        0x2 
 .text.Encoder_reader_SystemCore_setup
                0x08001f28       0x94 Encoder_reader_simulink.o
 *fill*         0x08001fbc        0x4 
 .text.Encoder_reader_simulink_step
                0x08001fc0      0x738 Encoder_reader_simulink.o
                0x08001fc0                Encoder_reader_simulink_step
 .text.Encoder_reader_simulink_initialize
                0x080026f8      0x188 Encoder_reader_simulink.o
                0x080026f8                Encoder_reader_simulink_initialize
 .text.Encoder_reader_simulink_terminate
                0x08002880       0x68 Encoder_reader_simulink.o
                0x08002880                Encoder_reader_simulink_terminate
 .text.rt_OneStep
                0x080028e8       0x4c ert_main.o
                0x080028e8                rt_OneStep
 .text.main     0x08002934      0x188 ert_main.o
                0x08002934                main
 .text.xcp_void_printf
                0x08002abc       0x12 xcp_ext_common.o
                0x08002abc                xcp_void_printf
 .text.xcpCopyTimeValue
                0x08002ace       0x26 xcp_ext_common.o
 *fill*         0x08002af4        0x4 
 .text.xcpExtModeUpdateTime
                0x08002af8      0x13c xcp_ext_common.o
                0x08002af8                xcpExtModeUpdateTime
 .text.xcpExtModeInit
                0x08002c34       0xb0 xcp_ext_common.o
                0x08002c34                xcpExtModeInit
 .text.xcpExtModeRunBackground
                0x08002ce4      0x13c xcp_ext_common.o
                0x08002ce4                xcpExtModeRunBackground
 .text.xcpExtModeReset
                0x08002e20      0x128 xcp_ext_common.o
                0x08002e20                xcpExtModeReset
 .text.sampleSignalTrigger
                0x08002f48      0x1b4 xcp_ext_classic_trigger.o
 .text.updateTriggerStatus
                0x080030fc      0x2b8 xcp_ext_classic_trigger.o
 .text.xcpExtModeClassicTriggerInit
                0x080033b4       0x68 xcp_ext_classic_trigger.o
                0x080033b4                xcpExtModeClassicTriggerInit
 .text.xcpExtModeClassicTriggerEnabled
                0x0800341c      0x100 xcp_ext_classic_trigger.o
                0x0800341c                xcpExtModeClassicTriggerEnabled
 .text.xcpExtModeClassicTriggerReset
                0x0800351c       0xf4 xcp_ext_classic_trigger.o
                0x0800351c                xcpExtModeClassicTriggerReset
 .text.xcpExtModeClassicTriggerForceEnableStatusUpdate
                0x08003610       0x78 xcp_ext_classic_trigger.o
                0x08003610                xcpExtModeClassicTriggerForceEnableStatusUpdate
 .text.msgBufferRealloc
                0x08003688       0x72 xcp.o
 *fill*         0x080036fa        0x2 
 .text.discardInputPacketHandler
                0x080036fc       0x3c xcp.o
 .text.unknownInputPacketHandler
                0x08003738       0x34 xcp.o
 .text.xcpGetPacketGroupID
                0x0800376c       0x74 xcp.o
 .text.xcpGetPacketHandlers
                0x080037e0      0x124 xcp.o
 .text.xcpStatusSet
                0x08003904       0x20 xcp.o
                0x08003904                xcpStatusSet
 .text.xcpSessionStatusGet
                0x08003924       0x18 xcp.o
                0x08003924                xcpSessionStatusGet
 .text.xcpSessionStatusSetMask
                0x0800393c       0x28 xcp.o
                0x0800393c                xcpSessionStatusSetMask
 .text.xcpSessionStatusClearMask
                0x08003964       0x34 xcp.o
                0x08003964                xcpSessionStatusClearMask
 .text.xcpResourceProtectionStatusGet
                0x08003998       0x18 xcp.o
                0x08003998                xcpResourceProtectionStatusGet
 .text.xcpSessionConfigurationIdGet
                0x080039b0       0x18 xcp.o
                0x080039b0                xcpSessionConfigurationIdGet
 .text.genericOutputPacketHandler
                0x080039c8      0x11c xcp.o
                0x080039c8                genericOutputPacketHandler
 .text.xcpFindPacket
                0x08003ae4       0x6e xcp.o
                0x08003ae4                xcpFindPacket
 *fill*         0x08003b52        0x2 
 .text.xcpInit  0x08003b54       0x64 xcp.o
                0x08003b54                xcpInit
 .text.xcpRun   0x08003bb8      0x194 xcp.o
                0x08003bb8                xcpRun
 .text.xcpEvent
                0x08003d4c       0x50 xcp.o
                0x08003d4c                xcpEvent
 .text.xcpGetStatus
                0x08003d9c       0x18 xcp.o
                0x08003d9c                xcpGetStatus
 .text.xcpReset
                0x08003db4       0x40 xcp.o
                0x08003db4                xcpReset
 .text.xcpPackedModeEventsFlush
                0x08003df4       0x1e xcp.o
                0x08003df4                xcpPackedModeEventsFlush
 .text.xcpPackedModeEventReset
                0x08003e12       0x2a xcp.o
                0x08003e12                xcpPackedModeEventReset
 .text.isValidUploadSize
                0x08003e3c       0x30 xcp_standard.o
 .text.xcpMemcpyFromMTA
                0x08003e6c       0x38 xcp_standard.o
 .text.connectInputPacketHandler
                0x08003ea4       0xa4 xcp_standard.o
 .text.connectOutputPacketHandler
                0x08003f48       0xd4 xcp_standard.o
 .text.disconnectInputPacketHandler
                0x0800401c       0x54 xcp_standard.o
 .text.getStatusInputPacketHandler
                0x08004070       0x28 xcp_standard.o
 .text.getStatusOutputPacketHandler
                0x08004098       0x80 xcp_standard.o
 .text.synchInputPacketHandler
                0x08004118       0x44 xcp_standard.o
 .text.setMTAInputPacketHandler
                0x0800415c       0x78 xcp_standard.o
 .text.uploadInputPacketHandler
                0x080041d4       0x98 xcp_standard.o
 .text.uploadOutputPacketHandler
                0x0800426c       0x9c xcp_standard.o
 .text.shortUploadInputPacketHandler
                0x08004308       0xa4 xcp_standard.o
 .text.shortUploadOutputPacketHandler
                0x080043ac       0x9c xcp_standard.o
 .text.getPacket
                0x08004448       0x24 xcp_standard.o
 .text.xcpStandardInit
                0x0800446c       0x18 xcp_standard.o
                0x0800446c                xcpStandardInit
 .text.xcpStandardGetPacketLookup
                0x08004484       0x18 xcp_standard.o
                0x08004484                xcpStandardGetPacketLookup
 .text.xcpStandardSetPacketLookup
                0x0800449c       0x20 xcp_standard.o
                0x0800449c                xcpStandardSetPacketLookup
 .text.xcpStandardReset
                0x080044bc       0x12 xcp_standard.o
                0x080044bc                xcpStandardReset
 *fill*         0x080044ce        0x2 
 .text.xcpStandardGetAddressFromMta
                0x080044d0       0x18 xcp_standard.o
                0x080044d0                xcpStandardGetAddressFromMta
 .text.xcpStandardSetMta
                0x080044e8       0x3c xcp_standard.o
                0x080044e8                xcpStandardSetMta
 .text.xcpStandardIncrementMta
                0x08004524       0x28 xcp_standard.o
                0x08004524                xcpStandardIncrementMta
 .text.xcpStandardExtendedInit
                0x0800454c        0xe xcp_standard.o
                0x0800454c                xcpStandardExtendedInit
 .text.xcpStandardExtendedReset
                0x0800455a        0xe xcp_standard.o
                0x0800455a                xcpStandardExtendedReset
 .text.xcpDaqWriteLock
                0x08004568       0x4c xcp_daq.o
 .text.xcpDaqWriteUnlock
                0x080045b4       0x20 xcp_daq.o
 .text.xcpDaqReadLock
                0x080045d4       0x38 xcp_daq.o
 .text.xcpDaqReadUnlock
                0x0800460c       0x38 xcp_daq.o
 .text.isActiveDaqList
                0x08004644       0x50 xcp_daq.o
 .text.noActiveDaqLists
                0x08004694       0x50 xcp_daq.o
 .text.isValidDaqPtr
                0x080046e4       0xb8 xcp_daq.o
 .text.isValidDaqEntry
                0x0800479c       0x36 xcp_daq.o
 .text.isSupportedDaqListMode
                0x080047d2       0x26 xcp_daq.o
 .text.isValidStartStopMode
                0x080047f8       0x32 xcp_daq.o
 .text.isValidStartStopSynchMode
                0x0800482a       0x32 xcp_daq.o
 .text.absoluteOdtNumberIdentification
                0x0800485c       0x10 xcp_daq.o
 .text.isDaqPackedModeEnabled
                0x0800486c       0x6c xcp_daq.o
 .text.odtPacketSize
                0x080048d8       0x54 xcp_daq.o
 .text.createDaqReservedPool
                0x0800492c       0x88 xcp_daq.o
 .text.destroyDaqReservedPool
                0x080049b4       0x2c xcp_daq.o
 .text.setDaqPtrInputPacketHandler
                0x080049e0       0xdc xcp_daq.o
 .text.writeDaqInputPacketHandler
                0x08004abc      0x198 xcp_daq.o
 .text.setDaqListModeInputPacketHandler
                0x08004c54      0x1c8 xcp_daq.o
 .text.startStopDaqListInputPacketHandler
                0x08004e1c      0x3f4 xcp_daq.o
 .text.startStopDaqListOutputPacketHandler
                0x08005210       0x5c xcp_daq.o
 .text.startStopSynchInputPacketHandler
                0x0800526c      0x328 xcp_daq.o
 .text.getDaqProcessorInfoInputPacketHandler
                0x08005594       0x28 xcp_daq.o
 .text.getDaqProcessorInfoOutputPacketHandler
                0x080055bc       0xac xcp_daq.o
 .text.getDaqResolutionInfoInputPacketHandler
                0x08005668       0x28 xcp_daq.o
 .text.getDaqResolutionInfoOutputPacketHandler
                0x08005690       0xb8 xcp_daq.o
 .text.freeDaqInputPacketHandler
                0x08005748       0x5c xcp_daq.o
 .text.allocDaqInputPacketHandler
                0x080057a4      0x18c xcp_daq.o
 .text.allocOdtInputPacketHandler
                0x08005930      0x1c0 xcp_daq.o
 .text.allocOdtEntryInputPacketHandler
                0x08005af0      0x270 xcp_daq.o
 .text.getDaqClockInputPacketHandler
                0x08005d60       0x22 xcp_daq.o
 *fill*         0x08005d82        0x2 
 .text.setDaqPackedModeInputPacketHandler
                0x08005d84      0x21c xcp_daq.o
 .text.level1CommandInputPacketHandler
                0x08005fa0       0x64 xcp_daq.o
 .text.getPacket
                0x08006004       0x24 xcp_daq.o
 .text.xcpDaqInit
                0x08006028       0x38 xcp_daq.o
                0x08006028                xcpDaqInit
 .text.xcpDaqGetPacketLookup
                0x08006060       0x18 xcp_daq.o
                0x08006060                xcpDaqGetPacketLookup
 .text.xcpDaqSetPacketLookup
                0x08006078       0x20 xcp_daq.o
                0x08006078                xcpDaqSetPacketLookup
 .text.xcpResetDaq
                0x08006098       0xa4 xcp_daq.o
 .text.daqWriteXCPDataForOdt
                0x0800613c       0x7c xcp_daq.o
 .text.odtWriteEntries
                0x080061b8       0x9c xcp_daq.o
 .text.xcpProcessDaq
                0x08006254      0x208 xcp_daq.o
 .text.xcpDaqEvent
                0x0800645c      0x108 xcp_daq.o
                0x0800645c                xcpDaqEvent
 .text.xcpDaqEventsFlush
                0x08006564      0x284 xcp_daq.o
                0x08006564                xcpDaqEventsFlush
 .text.xcpDaqLock
                0x080067e8       0x1e xcp_daq.o
                0x080067e8                xcpDaqLock
 .text.xcpDaqUnlock
                0x08006806        0xe xcp_daq.o
                0x08006806                xcpDaqUnlock
 .text.xcpResetDaqListStatus
                0x08006814      0x19c xcp_daq.o
                0x08006814                xcpResetDaqListStatus
 .text.xcpDaqReset
                0x080069b0       0x20 xcp_daq.o
                0x080069b0                xcpDaqReset
 .text.xcpDaqExtendedInit
                0x080069d0        0xe xcp_daq.o
                0x080069d0                xcpDaqExtendedInit
 .text.xcpDaqExtendedReset
                0x080069de        0xe xcp_daq.o
                0x080069de                xcpDaqExtendedReset
 .text.isValidShortDownloadSize
                0x080069ec       0x34 xcp_calibration.o
 .text.isValidDownloadSize
                0x08006a20       0x3a xcp_calibration.o
 *fill*         0x08006a5a        0x2 
 .text.xcpMemcpyToMTA
                0x08006a5c       0x34 xcp_calibration.o
 .text.downloadInputPacketHandler
                0x08006a90       0xb0 xcp_calibration.o
 .text.shortDownloadInputPacketHandler
                0x08006b40       0xb8 xcp_calibration.o
 .text.getPacket
                0x08006bf8       0x24 xcp_calibration.o
 .text.xcpCalibrationInit
                0x08006c1c       0x14 xcp_calibration.o
                0x08006c1c                xcpCalibrationInit
 .text.xcpCalibrationGetPacketLookup
                0x08006c30       0x18 xcp_calibration.o
                0x08006c30                xcpCalibrationGetPacketLookup
 .text.xcpCalibrationSetPacketLookup
                0x08006c48       0x20 xcp_calibration.o
                0x08006c48                xcpCalibrationSetPacketLookup
 .text.xcpCalibrationReset
                0x08006c68        0xe xcp_calibration.o
                0x08006c68                xcpCalibrationReset
 .text.xcpFifoInit
                0x08006c76       0x20 xcp_fifo.o
                0x08006c76                xcpFifoInit
 .text.xcpFifoEnqueue
                0x08006c96       0x2a xcp_fifo.o
                0x08006c96                xcpFifoEnqueue
 .text.xcpFifoDequeue
                0x08006cc0       0x3e xcp_fifo.o
                0x08006cc0                xcpFifoDequeue
 .text.xcpFifoEnqueueHead
                0x08006cfe       0x32 xcp_fifo.o
                0x08006cfe                xcpFifoEnqueueHead
 .text.xcpFifoReset
                0x08006d30       0x16 xcp_fifo.o
                0x08006d30                xcpFifoReset
 *fill*         0x08006d46        0x2 
 .text.xcpTransportEmptyTxFifo
                0x08006d48       0x6c xcp_transport.o
 .text.xcpTransportEmptyRxFifo
                0x08006db4       0x6c xcp_transport.o
 .text.xcpTransportInit
                0x08006e20      0x138 xcp_transport.o
                0x08006e20                xcpTransportInit
 .text.xcpTransportTxReady
                0x08006f58       0x1a xcp_transport.o
                0x08006f58                xcpTransportTxReady
 .text.xcpTransportTxTrigger
                0x08006f72       0x1a xcp_transport.o
                0x08006f72                xcpTransportTxTrigger
 .text.xcpTransportTxPacketSet
                0x08006f8c      0x144 xcp_transport.o
                0x08006f8c                xcpTransportTxPacketSet
 .text.xcpTransportTx
                0x080070d0       0xec xcp_transport.o
                0x080070d0                xcpTransportTx
 .text.xcpTransportRx
                0x080071bc       0x80 xcp_transport.o
                0x080071bc                xcpTransportRx
 .text.xcpTransportRxPacketGet
                0x0800723c      0x12c xcp_transport.o
                0x0800723c                xcpTransportRxPacketGet
 .text.xcpTransportPacketOffset
                0x08007368       0x20 xcp_transport.o
                0x08007368                xcpTransportPacketOffset
 .text.xcpTransportMsgBufferSize
                0x08007388       0x70 xcp_transport.o
                0x08007388                xcpTransportMsgBufferSize
 .text.xcpTransportMaxDtoSize
                0x080073f8        0xe xcp_transport.o
                0x080073f8                xcpTransportMaxDtoSize
 .text.xcpTransportMaxCtoSize
                0x08007406        0xe xcp_transport.o
                0x08007406                xcpTransportMaxCtoSize
 .text.xcpTransportRestart
                0x08007414       0x44 xcp_transport.o
                0x08007414                xcpTransportRestart
 .text.xcpTransportResynch
                0x08007458       0x40 xcp_transport.o
                0x08007458                xcpTransportResynch
 .text.xcpTransportCtoReservedMemPoolId
                0x08007498       0x18 xcp_transport.o
                0x08007498                xcpTransportCtoReservedMemPoolId
 .text.xcpTransportReset
                0x080074b0       0xe4 xcp_transport.o
                0x080074b0                xcpTransportReset
 .text.xcpInitializePoolMemoryArea
                0x08007594       0x72 xcp_mem_default.o
 *fill*         0x08007606        0x2 
 .text.xcpMemInit
                0x08007608      0x1d4 xcp_mem_default.o
                0x08007608                xcpMemInit
 .text.xcpMemAlloc
                0x080077dc       0xe8 xcp_mem_default.o
                0x080077dc                xcpMemAlloc
 .text.xcpMemFree
                0x080078c4      0x170 xcp_mem_default.o
                0x080078c4                xcpMemFree
 .text.xcpMemReservedPoolCreate
                0x08007a34      0x224 xcp_mem_default.o
                0x08007a34                xcpMemReservedPoolCreate
 .text.xcpMemReservedPoolDestroy
                0x08007c58      0x158 xcp_mem_default.o
                0x08007c58                xcpMemReservedPoolDestroy
 .text.xcpMemCustomPoolCreate
                0x08007db0       0xbc xcp_mem_default.o
                0x08007db0                xcpMemCustomPoolCreate
 .text.xcpMemCustomPoolDestroy
                0x08007e6c       0x64 xcp_mem_default.o
                0x08007e6c                xcpMemCustomPoolDestroy
 .text.xcpMemAllocFromPool
                0x08007ed0      0x170 xcp_mem_default.o
                0x08007ed0                xcpMemAllocFromPool
 .text.xcpMemReset
                0x08008040       0x50 xcp_mem_default.o
                0x08008040                xcpMemReset
 .text.xcpDrvOpen
                0x08008090       0x64 xcp_drv_rtiostream.o
                0x08008090                xcpDrvOpen
 .text.xcpDrvIoctl
                0x080080f4       0x4c xcp_drv_rtiostream.o
                0x080080f4                xcpDrvIoctl
 .text.xcpDrvSend
                0x08008140      0x14c xcp_drv_rtiostream.o
                0x08008140                xcpDrvSend
 .text.xcpDrvRecv
                0x0800828c      0x14c xcp_drv_rtiostream.o
                0x0800828c                xcpDrvRecv
 .text.xcpDrvClose
                0x080083d8       0x5c xcp_drv_rtiostream.o
                0x080083d8                xcpDrvClose
 .text.xcpSortArray
                0x08008434       0xcc xcp_utils.o
                0x08008434                xcpSortArray
 .text.xcpSxiHtons
                0x08008500       0x18 xcp_frame_serial.o
 .text.xcpSxiNtohs
                0x08008518       0x1c xcp_frame_serial.o
 .text.xcpSxiChecksum
                0x08008534       0x3e xcp_frame_serial.o
                0x08008534                xcpSxiChecksum
 *fill*         0x08008572        0x2 
 .text.xcpFrameInit
                0x08008574       0x70 xcp_frame_serial.o
                0x08008574                xcpFrameInit
 .text.xcpFrameMsgSend
                0x080085e4      0x188 xcp_frame_serial.o
                0x080085e4                xcpFrameMsgSend
 .text.xcpFrameMsgRecv
                0x0800876c      0x180 xcp_frame_serial.o
                0x0800876c                xcpFrameMsgRecv
 .text.xcpFrameCreateMsg
                0x080088ec       0x94 xcp_frame_serial.o
                0x080088ec                xcpFrameCreateMsg
 .text.xcpFrameExtractPacket
                0x08008980      0x158 xcp_frame_serial.o
                0x08008980                xcpFrameExtractPacket
 .text.xcpFrameHeaderSize
                0x08008ad8       0x10 xcp_frame_serial.o
                0x08008ad8                xcpFrameHeaderSize
 .text.xcpFrameTailSize
                0x08008ae8       0x10 xcp_frame_serial.o
                0x08008ae8                xcpFrameTailSize
 .text.xcpFrameMaxDtoSize
                0x08008af8       0x12 xcp_frame_serial.o
                0x08008af8                xcpFrameMaxDtoSize
 .text.xcpFrameMaxCtoSize
                0x08008b0a       0x10 xcp_frame_serial.o
                0x08008b0a                xcpFrameMaxCtoSize
 *fill*         0x08008b1a        0x2 
 .text.xcpFrameRestart
                0x08008b1c       0x30 xcp_frame_serial.o
                0x08008b1c                xcpFrameRestart
 .text.xcpFrameSetCtoReservedMemPoolId
                0x08008b4c       0x20 xcp_frame_serial.o
                0x08008b4c                xcpFrameSetCtoReservedMemPoolId
 .text.xcpFrameReset
                0x08008b6c       0x70 xcp_frame_serial.o
                0x08008b6c                xcpFrameReset
 .text.xcpTransportGetInitParameters
                0x08008bdc       0x2e xcp_ext_param_default_serial.o
                0x08008bdc                xcpTransportGetInitParameters
 .text.xcpGetInitParameters
                0x08008c0a       0x2e xcp_ext_param_default_serial.o
                0x08008c0a                xcpGetInitParameters
 .text.HAL_Delay
                0x08008c38       0x2e overrideHALDelay.o
                0x08008c38                HAL_Delay
 *fill*         0x08008c66        0x2 
 .text.PeriphCommonClock_Config
                0x08008c68       0x10 platform_timer.o
                0x08008c68                PeriphCommonClock_Config
 .text.getCurrentTimestampInMicros
                0x08008c78       0x3c platform_timer.o
                0x08008c78                getCurrentTimestampInMicros
 .text.returnTimeElapsed
                0x08008cb4       0x2c platform_timer.o
                0x08008cb4                returnTimeElapsed
 .text.timestampInit
                0x08008ce0       0x28 platform_timer.o
 .text.getCurrentTimestamp
                0x08008d08       0x44 platform_timer.o
                0x08008d08                getCurrentTimestamp
 .text.__NVIC_SetPriority
                0x08008d4c       0x54 SysTickScheduler.o
 .text.SysTick_Config
                0x08008da0       0x44 SysTickScheduler.o
 .text.SysTick_Isr
                0x08008de4       0x48 SysTickScheduler.o
 .text.SysTick_Handler
                0x08008e2c       0x20 SysTickScheduler.o
                0x08008e2c                SysTick_Handler
 .text.ARMCM_SysTick_Config
                0x08008e4c       0xb0 SysTickScheduler.o
                0x08008e4c                ARMCM_SysTick_Config
 .text.PendSV_Handler
                0x08008efc       0x44 m3m4m4f_multitasking.o
                0x08008efc                PendSV_Handler
 .text.SVC_Handler
                0x08008f40       0x58 m3m4m4f_multitasking.o
                0x08008f40                SVC_Handler
 .text.rtIOStreamOpen
                0x08008f98       0x44 rtiostream_serial.o
                0x08008f98                rtIOStreamOpen
 .text.rtIOStreamSend
                0x08008fdc       0x38 rtiostream_serial.o
                0x08008fdc                rtIOStreamSend
 .text.rtIOStreamRecv
                0x08009014       0x48 rtiostream_serial.o
                0x08009014                rtIOStreamRecv
 .text.rtIOStreamClose
                0x0800905c       0x20 rtiostream_serial.o
                0x0800905c                rtIOStreamClose
 .text.LL_DMA_GetDataLength
                0x0800907c       0x30 stm_usart.o
 .text.getAvailableDataInBuffer
                0x080090ac       0xcc stm_usart.o
                0x080090ac                getAvailableDataInBuffer
 .text.getBytesToBeReadFromBuffer
                0x08009178       0x6e stm_usart.o
                0x08009178                getBytesToBeReadFromBuffer
 *fill*         0x080091e6        0x2 
 .text.readDataFromBuffer
                0x080091e8       0xdc stm_usart.o
                0x080091e8                readDataFromBuffer
 .text.__NVIC_GetPriorityGrouping
                0x080092c4       0x1c stm_lpuart.o
 .text.__NVIC_EnableIRQ
                0x080092e0       0x3c stm_lpuart.o
 .text.__NVIC_SetPriority
                0x0800931c       0x54 stm_lpuart.o
 .text.NVIC_EncodePriority
                0x08009370       0x66 stm_lpuart.o
 *fill*         0x080093d6        0x2 
 .text.LL_DMA_EnableChannel
                0x080093d8       0x44 stm_lpuart.o
 .text.LL_DMA_DisableChannel
                0x0800941c       0x44 stm_lpuart.o
 .text.LL_DMA_GetMode
                0x08009460       0x34 stm_lpuart.o
 .text.LL_DMA_SetDataLength
                0x08009494       0x4c stm_lpuart.o
 .text.LL_DMA_ConfigAddresses
                0x080094e0       0x7c stm_lpuart.o
 .text.LL_DMA_IsActiveFlag_TC1
                0x0800955c       0x26 stm_lpuart.o
 .text.LL_DMA_ClearFlag_TC1
                0x08009582       0x1a stm_lpuart.o
 .text.LL_DMA_EnableIT_TC
                0x0800959c       0x44 stm_lpuart.o
 .text.LL_DMA_DisableIT_TC
                0x080095e0       0x44 stm_lpuart.o
 .text.LL_DMA_IsEnabledIT_TC
                0x08009624       0x3c stm_lpuart.o
 .text.LL_LPUART_Enable
                0x08009660       0x20 stm_lpuart.o
 .text.LL_LPUART_Disable
                0x08009680       0x20 stm_lpuart.o
 .text.LL_LPUART_IsEnabled
                0x080096a0       0x26 stm_lpuart.o
 .text.LL_LPUART_IsActiveFlag_PE
                0x080096c6       0x26 stm_lpuart.o
 .text.LL_LPUART_IsActiveFlag_FE
                0x080096ec       0x26 stm_lpuart.o
 .text.LL_LPUART_IsActiveFlag_NE
                0x08009712       0x26 stm_lpuart.o
 .text.LL_LPUART_IsActiveFlag_ORE
                0x08009738       0x26 stm_lpuart.o
 .text.LL_LPUART_IsActiveFlag_TC
                0x0800975e       0x26 stm_lpuart.o
 .text.LL_LPUART_IsActiveFlag_TXE_TXFNF
                0x08009784       0x26 stm_lpuart.o
 .text.LL_LPUART_ClearFlag_PE
                0x080097aa       0x1a stm_lpuart.o
 .text.LL_LPUART_ClearFlag_FE
                0x080097c4       0x1a stm_lpuart.o
 .text.LL_LPUART_ClearFlag_NE
                0x080097de       0x1a stm_lpuart.o
 .text.LL_LPUART_ClearFlag_ORE
                0x080097f8       0x1a stm_lpuart.o
 .text.LL_LPUART_EnableIT_RXNE_RXFNE
                0x08009812       0x42 stm_lpuart.o
 .text.LL_LPUART_EnableIT_PE
                0x08009854       0x42 stm_lpuart.o
 .text.LL_LPUART_EnableIT_ERROR
                0x08009896       0x46 stm_lpuart.o
 .text.LL_LPUART_DisableIT_RXNE_RXFNE
                0x080098dc       0x42 stm_lpuart.o
 .text.LL_LPUART_DisableIT_TXE_TXFNF
                0x0800991e       0x42 stm_lpuart.o
 .text.LL_LPUART_DisableIT_PE
                0x08009960       0x42 stm_lpuart.o
 .text.LL_LPUART_DisableIT_ERROR
                0x080099a2       0x46 stm_lpuart.o
 .text.LL_LPUART_EnableDMAReq_RX
                0x080099e8       0x46 stm_lpuart.o
 .text.LL_LPUART_DisableDMAReq_RX
                0x08009a2e       0x46 stm_lpuart.o
 .text.LL_LPUART_EnableDMAReq_TX
                0x08009a74       0x46 stm_lpuart.o
 .text.LL_LPUART_DisableDMAReq_TX
                0x08009aba       0x46 stm_lpuart.o
 .text.LL_LPUART_DMA_GetRegAddr
                0x08009b00       0x2c stm_lpuart.o
 .text.LL_LPUART_ReceiveData8
                0x08009b2c       0x1a stm_lpuart.o
 .text.LL_LPUART_TransmitData8
                0x08009b46       0x1e stm_lpuart.o
 .text.LPUART_RXDMAInterruptHandler
                0x08009b64       0xd4 stm_lpuart.o
                0x08009b64                LPUART_RXDMAInterruptHandler
 .text.LPUART_IsActiveFlagError
                0x08009c38       0xf4 stm_lpuart.o
                0x08009c38                LPUART_IsActiveFlagError
 .text.LPUART1_IRQHandler
                0x08009d2c       0x14 stm_lpuart.o
                0x08009d2c                LPUART1_IRQHandler
 .text.DMA1_Channel1_IRQHandler
                0x08009d40       0x20 stm_lpuart.o
                0x08009d40                DMA1_Channel1_IRQHandler
 .text.LPUART_ConfigureReceiveDMA
                0x08009d60       0xae stm_lpuart.o
                0x08009d60                LPUART_ConfigureReceiveDMA
 .text.LPUART_ConfigureTransmitDMA
                0x08009e0e       0x7a stm_lpuart.o
                0x08009e0e                LPUART_ConfigureTransmitDMA
 .text.MW_LPUART_GetReadErrorStatus
                0x08009e88       0xc8 stm_lpuart.o
                0x08009e88                MW_LPUART_GetReadErrorStatus
 .text.MW_LPUART_Initialize
                0x08009f50      0x170 stm_lpuart.o
                0x08009f50                MW_LPUART_Initialize
 .text.MW_LPUART_ReceiveUsingBuffer
                0x0800a0c0       0x5c stm_lpuart.o
                0x0800a0c0                MW_LPUART_ReceiveUsingBuffer
 .text.MW_LPUART_TransmitUsingPolling
                0x0800a11c      0x184 stm_lpuart.o
                0x0800a11c                MW_LPUART_TransmitUsingPolling
 .text.MW_LPUART_DeInit
                0x0800a2a0       0xaa stm_lpuart.o
                0x0800a2a0                MW_LPUART_DeInit
 .text.sys_arch_protect
                0x0800a34a       0x22 sys_arch.o
                0x0800a34a                sys_arch_protect
 .text.sys_arch_unprotect
                0x0800a36c       0x20 sys_arch.o
                0x0800a36c                sys_arch_unprotect
 .text.__NVIC_GetPriorityGrouping
                0x0800a38c       0x1c main.o
 .text.__NVIC_EnableIRQ
                0x0800a3a8       0x3c main.o
 .text.__NVIC_SetPriority
                0x0800a3e4       0x54 main.o
 .text.NVIC_EncodePriority
                0x0800a438       0x66 main.o
 *fill*         0x0800a49e        0x2 
 .text.LL_DMA_SetDataTransferDirection
                0x0800a4a0       0x50 main.o
 .text.LL_DMA_SetMode
                0x0800a4f0       0x4c main.o
 .text.LL_DMA_SetPeriphIncMode
                0x0800a53c       0x4c main.o
 .text.LL_DMA_SetMemoryIncMode
                0x0800a588       0x4c main.o
 .text.LL_DMA_SetPeriphSize
                0x0800a5d4       0x4c main.o
 .text.LL_DMA_SetMemorySize
                0x0800a620       0x4c main.o
 .text.LL_DMA_SetChannelPriorityLevel
                0x0800a66c       0x4c main.o
 .text.LL_DMA_SetPeriphRequest
                0x0800a6b8       0x54 main.o
 .text.LL_LPUART_Enable
                0x0800a70c       0x20 main.o
 .text.LL_LPUART_DisableFIFO
                0x0800a72c       0x20 main.o
 .text.LL_LPUART_SetTXFIFOThreshold
                0x0800a74c       0x4e main.o
 .text.LL_LPUART_SetRXFIFOThreshold
                0x0800a79a       0x4e main.o
 .text.LL_LPUART_IsActiveFlag_TEACK
                0x0800a7e8       0x28 main.o
 .text.LL_LPUART_IsActiveFlag_REACK
                0x0800a810       0x28 main.o
 .text.LL_RCC_HSI_Enable
                0x0800a838       0x20 main.o
 .text.LL_RCC_HSI_IsReady
                0x0800a858       0x28 main.o
 .text.LL_RCC_HSI_SetCalibTrimming
                0x0800a880       0x2c main.o
 .text.LL_RCC_SetSysClkSource
                0x0800a8ac       0x28 main.o
 .text.LL_RCC_GetSysClkSource
                0x0800a8d4       0x1c main.o
 .text.LL_RCC_SetAHBPrescaler
                0x0800a8f0       0x28 main.o
 .text.LL_RCC_SetAPB1Prescaler
                0x0800a918       0x28 main.o
 .text.LL_RCC_SetAPB2Prescaler
                0x0800a940       0x28 main.o
 .text.LL_RCC_SetLPUARTClockSource
                0x0800a968       0x2c main.o
 .text.LL_RCC_PLL_Enable
                0x0800a994       0x20 main.o
 .text.LL_RCC_PLL_IsReady
                0x0800a9b4       0x28 main.o
 .text.LL_RCC_PLL_ConfigDomain_SYS
                0x0800a9dc       0x40 main.o
 .text.LL_RCC_PLL_EnableDomain_SYS
                0x0800aa1c       0x20 main.o
 .text.LL_AHB1_GRP1_EnableClock
                0x0800aa3c       0x30 main.o
 .text.LL_AHB2_GRP1_EnableClock
                0x0800aa6c       0x30 main.o
 .text.LL_APB1_GRP1_EnableClock
                0x0800aa9c       0x30 main.o
 .text.LL_APB1_GRP2_EnableClock
                0x0800aacc       0x30 main.o
 .text.LL_FLASH_SetLatency
                0x0800aafc       0x28 main.o
 .text.LL_FLASH_GetLatency
                0x0800ab24       0x1c main.o
 .text.LL_PWR_EnableRange1BoostMode
                0x0800ab40       0x24 main.o
 .text.LL_TIM_DisableARRPreload
                0x0800ab64       0x20 main.o
 .text.LL_TIM_IC_SetActiveInput
                0x0800ab84       0xc0 main.o
 .text.LL_TIM_IC_SetPrescaler
                0x0800ac44       0xc0 main.o
 .text.LL_TIM_IC_SetFilter
                0x0800ad04       0xc0 main.o
 .text.LL_TIM_IC_SetPolarity
                0x0800adc4       0xac main.o
 .text.LL_TIM_SetEncoderMode
                0x0800ae70       0x2a main.o
 .text.LL_TIM_SetTriggerOutput
                0x0800ae9a       0x2a main.o
 .text.LL_TIM_DisableMasterSlaveMode
                0x0800aec4       0x20 main.o
 .text.SystemClock_Config
                0x0800aee4       0xb0 main.o
                0x0800aee4                SystemClock_Config
 .text.MX_LPUART1_UART_Init
                0x0800af94      0x148 main.o
                0x0800af94                MX_LPUART1_UART_Init
 .text.MX_TIM3_Init
                0x0800b0dc      0x114 main.o
                0x0800b0dc                MX_TIM3_Init
 .text.MX_DMA_Init
                0x0800b1f0       0x34 main.o
                0x0800b1f0                MX_DMA_Init
 .text.MX_GPIO_Init
                0x0800b224       0x20 main.o
                0x0800b224                MX_GPIO_Init
 .text.HAL_TIM_PeriodElapsedCallback
                0x0800b244       0x1e main.o
                0x0800b244                HAL_TIM_PeriodElapsedCallback
 .text.Error_Handler
                0x0800b262        0xc main.o
                0x0800b262                Error_Handler
 .text.NMI_Handler
                0x0800b26e        0x8 stm32g4xx_it.o
                0x0800b26e                NMI_Handler
 .text.HardFault_Handler
                0x0800b276        0x8 stm32g4xx_it.o
                0x0800b276                HardFault_Handler
 .text.MemManage_Handler
                0x0800b27e        0x8 stm32g4xx_it.o
                0x0800b27e                MemManage_Handler
 .text.BusFault_Handler
                0x0800b286        0x8 stm32g4xx_it.o
                0x0800b286                BusFault_Handler
 .text.UsageFault_Handler
                0x0800b28e        0x8 stm32g4xx_it.o
                0x0800b28e                UsageFault_Handler
 .text.DebugMon_Handler
                0x0800b296        0xe stm32g4xx_it.o
                0x0800b296                DebugMon_Handler
 .text.TIM2_IRQHandler
                0x0800b2a4       0x14 stm32g4xx_it.o
                0x0800b2a4                TIM2_IRQHandler
 .text.HAL_MspInit
                0x0800b2b8       0x48 stm32g4xx_hal_msp.o
                0x0800b2b8                HAL_MspInit
 .text.HAL_InitTick
                0x0800b300       0xd8 stm32g4xx_hal_timebase_tim.o
                0x0800b300                HAL_InitTick
 .text.LL_SetSystemCoreClock
                0x0800b3d8       0x20 stm32g4xx_ll_utils.o
                0x0800b3d8                LL_SetSystemCoreClock
 .text.HAL_TIM_Base_Init
                0x0800b3f8       0xae stm32g4xx_hal_tim.o
                0x0800b3f8                HAL_TIM_Base_Init
 .text.HAL_TIM_Base_MspInit
                0x0800b4a6       0x14 stm32g4xx_hal_tim.o
                0x0800b4a6                HAL_TIM_Base_MspInit
 *fill*         0x0800b4ba        0x2 
 .text.HAL_TIM_Base_Start_IT
                0x0800b4bc       0xf0 stm32g4xx_hal_tim.o
                0x0800b4bc                HAL_TIM_Base_Start_IT
 .text.HAL_TIM_IRQHandler
                0x0800b5ac      0x2fe stm32g4xx_hal_tim.o
                0x0800b5ac                HAL_TIM_IRQHandler
 .text.HAL_TIM_OC_DelayElapsedCallback
                0x0800b8aa       0x14 stm32g4xx_hal_tim.o
                0x0800b8aa                HAL_TIM_OC_DelayElapsedCallback
 .text.HAL_TIM_IC_CaptureCallback
                0x0800b8be       0x14 stm32g4xx_hal_tim.o
                0x0800b8be                HAL_TIM_IC_CaptureCallback
 .text.HAL_TIM_PWM_PulseFinishedCallback
                0x0800b8d2       0x14 stm32g4xx_hal_tim.o
                0x0800b8d2                HAL_TIM_PWM_PulseFinishedCallback
 .text.HAL_TIM_TriggerCallback
                0x0800b8e6       0x14 stm32g4xx_hal_tim.o
                0x0800b8e6                HAL_TIM_TriggerCallback
 *fill*         0x0800b8fa        0x2 
 .text.TIM_Base_SetConfig
                0x0800b8fc      0x150 stm32g4xx_hal_tim.o
                0x0800b8fc                TIM_Base_SetConfig
 .text.HAL_TIMEx_CommutCallback
                0x0800ba4c       0x14 stm32g4xx_hal_tim_ex.o
                0x0800ba4c                HAL_TIMEx_CommutCallback
 .text.HAL_TIMEx_BreakCallback
                0x0800ba60       0x14 stm32g4xx_hal_tim_ex.o
                0x0800ba60                HAL_TIMEx_BreakCallback
 .text.HAL_TIMEx_Break2Callback
                0x0800ba74       0x14 stm32g4xx_hal_tim_ex.o
                0x0800ba74                HAL_TIMEx_Break2Callback
 .text.HAL_TIMEx_EncoderIndexCallback
                0x0800ba88       0x14 stm32g4xx_hal_tim_ex.o
                0x0800ba88                HAL_TIMEx_EncoderIndexCallback
 .text.HAL_TIMEx_DirectionChangeCallback
                0x0800ba9c       0x14 stm32g4xx_hal_tim_ex.o
                0x0800ba9c                HAL_TIMEx_DirectionChangeCallback
 .text.HAL_TIMEx_IndexErrorCallback
                0x0800bab0       0x14 stm32g4xx_hal_tim_ex.o
                0x0800bab0                HAL_TIMEx_IndexErrorCallback
 .text.HAL_TIMEx_TransitionErrorCallback
                0x0800bac4       0x14 stm32g4xx_hal_tim_ex.o
                0x0800bac4                HAL_TIMEx_TransitionErrorCallback
 .text.LL_GPIO_SetPinMode
                0x0800bad8       0x7a stm32g4xx_ll_gpio.o
 .text.LL_GPIO_SetPinOutputType
                0x0800bb52       0x30 stm32g4xx_ll_gpio.o
 .text.LL_GPIO_SetPinSpeed
                0x0800bb82       0x7a stm32g4xx_ll_gpio.o
 .text.LL_GPIO_SetPinPull
                0x0800bbfc       0x7a stm32g4xx_ll_gpio.o
 .text.LL_GPIO_SetAFPin_0_7
                0x0800bc76       0x7a stm32g4xx_ll_gpio.o
 .text.LL_GPIO_SetAFPin_8_15
                0x0800bcf0       0x7e stm32g4xx_ll_gpio.o
 .text.LL_GPIO_Init
                0x0800bd6e       0xdc stm32g4xx_ll_gpio.o
                0x0800bd6e                LL_GPIO_Init
 .text.LL_LPUART_IsEnabled
                0x0800be4a       0x26 stm32g4xx_ll_lpuart.o
 .text.LL_LPUART_SetPrescaler
                0x0800be70       0x28 stm32g4xx_ll_lpuart.o
 .text.LL_LPUART_SetStopBitsLength
                0x0800be98       0x26 stm32g4xx_ll_lpuart.o
 .text.LL_LPUART_SetHWFlowCtrl
                0x0800bebe       0x26 stm32g4xx_ll_lpuart.o
 .text.LL_LPUART_SetBaudRate
                0x0800bee4       0x98 stm32g4xx_ll_lpuart.o
 .text.LL_LPUART_Init
                0x0800bf7c       0x98 stm32g4xx_ll_lpuart.o
                0x0800bf7c                LL_LPUART_Init
 .text.LL_RCC_HSI_IsReady
                0x0800c014       0x28 stm32g4xx_ll_rcc.o
 .text.LL_RCC_LSE_IsReady
                0x0800c03c       0x28 stm32g4xx_ll_rcc.o
 .text.LL_RCC_GetSysClkSource
                0x0800c064       0x1c stm32g4xx_ll_rcc.o
 .text.LL_RCC_GetAHBPrescaler
                0x0800c080       0x1c stm32g4xx_ll_rcc.o
 .text.LL_RCC_GetAPB1Prescaler
                0x0800c09c       0x1c stm32g4xx_ll_rcc.o
 .text.LL_RCC_GetLPUARTClockSource
                0x0800c0b8       0x24 stm32g4xx_ll_rcc.o
 .text.LL_RCC_PLL_GetMainSource
                0x0800c0dc       0x1c stm32g4xx_ll_rcc.o
 .text.LL_RCC_PLL_GetN
                0x0800c0f8       0x1c stm32g4xx_ll_rcc.o
 .text.LL_RCC_PLL_GetR
                0x0800c114       0x1c stm32g4xx_ll_rcc.o
 .text.LL_RCC_PLL_GetDivider
                0x0800c130       0x1c stm32g4xx_ll_rcc.o
 .text.LL_RCC_GetLPUARTClockFreq
                0x0800c14c       0x84 stm32g4xx_ll_rcc.o
                0x0800c14c                LL_RCC_GetLPUARTClockFreq
 .text.RCC_GetSystemClockFreq
                0x0800c1d0       0x4c stm32g4xx_ll_rcc.o
 .text.RCC_GetHCLKClockFreq
                0x0800c21c       0x30 stm32g4xx_ll_rcc.o
 .text.RCC_GetPCLK1ClockFreq
                0x0800c24c       0x2c stm32g4xx_ll_rcc.o
 .text.RCC_PLL_GetFreqDomain_SYS
                0x0800c278       0x68 stm32g4xx_ll_rcc.o
 .text.HAL_Init
                0x0800c2e0       0x30 stm32g4xx_hal.o
                0x0800c2e0                HAL_Init
 .text.HAL_IncTick
                0x0800c310       0x24 stm32g4xx_hal.o
                0x0800c310                HAL_IncTick
 .text.HAL_GetTick
                0x0800c334       0x18 stm32g4xx_hal.o
                0x0800c334                HAL_GetTick
 .text.HAL_RCC_GetHCLKFreq
                0x0800c34c       0x18 stm32g4xx_hal_rcc.o
                0x0800c34c                HAL_RCC_GetHCLKFreq
 .text.HAL_RCC_GetPCLK1Freq
                0x0800c364       0x2c stm32g4xx_hal_rcc.o
                0x0800c364                HAL_RCC_GetPCLK1Freq
 .text.HAL_RCC_GetClockConfig
                0x0800c390       0x64 stm32g4xx_hal_rcc.o
                0x0800c390                HAL_RCC_GetClockConfig
 .text.HAL_PWREx_DisableUCPDDeadBattery
                0x0800c3f4       0x20 stm32g4xx_hal_pwr_ex.o
                0x0800c3f4                HAL_PWREx_DisableUCPDDeadBattery
 .text.__NVIC_SetPriorityGrouping
                0x0800c414       0x48 stm32g4xx_hal_cortex.o
 .text.__NVIC_GetPriorityGrouping
                0x0800c45c       0x1c stm32g4xx_hal_cortex.o
 .text.__NVIC_EnableIRQ
                0x0800c478       0x3c stm32g4xx_hal_cortex.o
 .text.__NVIC_SetPriority
                0x0800c4b4       0x54 stm32g4xx_hal_cortex.o
 .text.NVIC_EncodePriority
                0x0800c508       0x66 stm32g4xx_hal_cortex.o
 .text.HAL_NVIC_SetPriorityGrouping
                0x0800c56e       0x16 stm32g4xx_hal_cortex.o
                0x0800c56e                HAL_NVIC_SetPriorityGrouping
 .text.HAL_NVIC_SetPriority
                0x0800c584       0x34 stm32g4xx_hal_cortex.o
                0x0800c584                HAL_NVIC_SetPriority
 .text.HAL_NVIC_EnableIRQ
                0x0800c5b8       0x1c stm32g4xx_hal_cortex.o
                0x0800c5b8                HAL_NVIC_EnableIRQ
 .text.LL_TIM_SetPrescaler
                0x0800c5d4       0x1c stm32g4xx_ll_tim.o
 .text.LL_TIM_SetAutoReload
                0x0800c5f0       0x1c stm32g4xx_ll_tim.o
 .text.LL_TIM_SetRepetitionCounter
                0x0800c60c       0x1c stm32g4xx_ll_tim.o
 .text.LL_TIM_GenerateEvent_UPDATE
                0x0800c628       0x20 stm32g4xx_ll_tim.o
 .text.LL_TIM_Init
                0x0800c648      0x144 stm32g4xx_ll_tim.o
                0x0800c648                LL_TIM_Init
 .text.SystemInit
                0x0800c78c       0x24 system_stm32g4xx.o
                0x0800c78c                SystemInit
 .text.Reset_Handler
                0x0800c7b0       0x50 startup_stm32g474retx.o
                0x0800c7b0                Reset_Handler
 .text.Default_Handler
                0x0800c800        0x2 startup_stm32g474retx.o
                0x0800c800                RTC_Alarm_IRQHandler
                0x0800c800                EXTI2_IRQHandler
                0x0800c800                TIM8_TRG_COM_IRQHandler
                0x0800c800                TIM8_CC_IRQHandler
                0x0800c800                HRTIM1_Master_IRQHandler
                0x0800c800                SPI4_IRQHandler
                0x0800c800                FDCAN3_IT0_IRQHandler
                0x0800c800                TIM1_CC_IRQHandler
                0x0800c800                HRTIM1_FLT_IRQHandler
                0x0800c800                HRTIM1_TIMF_IRQHandler
                0x0800c800                USB_HP_IRQHandler
                0x0800c800                CORDIC_IRQHandler
                0x0800c800                HRTIM1_TIMD_IRQHandler
                0x0800c800                DMA2_Channel8_IRQHandler
                0x0800c800                EXTI3_IRQHandler
                0x0800c800                I2C3_ER_IRQHandler
                0x0800c800                EXTI0_IRQHandler
                0x0800c800                I2C2_EV_IRQHandler
                0x0800c800                FPU_IRQHandler
                0x0800c800                FDCAN1_IT1_IRQHandler
                0x0800c800                TIM1_UP_TIM16_IRQHandler
                0x0800c800                ADC1_2_IRQHandler
                0x0800c800                HRTIM1_TIME_IRQHandler
                0x0800c800                SPI1_IRQHandler
                0x0800c800                TIM6_DAC_IRQHandler
                0x0800c800                HRTIM1_TIMC_IRQHandler
                0x0800c800                TIM8_UP_IRQHandler
                0x0800c800                DMA2_Channel2_IRQHandler
                0x0800c800                DMA1_Channel4_IRQHandler
                0x0800c800                TIM20_TRG_COM_IRQHandler
                0x0800c800                USART3_IRQHandler
                0x0800c800                DMA1_Channel7_IRQHandler
                0x0800c800                UART5_IRQHandler
                0x0800c800                ADC3_IRQHandler
                0x0800c800                TIM4_IRQHandler
                0x0800c800                DMA2_Channel1_IRQHandler
                0x0800c800                QUADSPI_IRQHandler
                0x0800c800                I2C1_EV_IRQHandler
                0x0800c800                DMA1_Channel6_IRQHandler
                0x0800c800                UART4_IRQHandler
                0x0800c800                DMA2_Channel4_IRQHandler
                0x0800c800                TIM3_IRQHandler
                0x0800c800                RCC_IRQHandler
                0x0800c800                TIM20_UP_IRQHandler
                0x0800c800                Default_Handler
                0x0800c800                DMA2_Channel7_IRQHandler
                0x0800c800                RTC_TAMP_LSECSS_IRQHandler
                0x0800c800                FMAC_IRQHandler
                0x0800c800                EXTI15_10_IRQHandler
                0x0800c800                DMA1_Channel8_IRQHandler
                0x0800c800                HRTIM1_TIMA_IRQHandler
                0x0800c800                TIM7_DAC_IRQHandler
                0x0800c800                FDCAN3_IT1_IRQHandler
                0x0800c800                TIM5_IRQHandler
                0x0800c800                UCPD1_IRQHandler
                0x0800c800                I2C3_EV_IRQHandler
                0x0800c800                EXTI9_5_IRQHandler
                0x0800c800                RTC_WKUP_IRQHandler
                0x0800c800                PVD_PVM_IRQHandler
                0x0800c800                SPI2_IRQHandler
                0x0800c800                ADC5_IRQHandler
                0x0800c800                DMA2_Channel5_IRQHandler
                0x0800c800                CRS_IRQHandler
                0x0800c800                DMA1_Channel5_IRQHandler
                0x0800c800                USB_LP_IRQHandler
                0x0800c800                EXTI4_IRQHandler
                0x0800c800                RNG_IRQHandler
                0x0800c800                HRTIM1_TIMB_IRQHandler
                0x0800c800                TIM1_TRG_COM_TIM17_IRQHandler
                0x0800c800                FDCAN2_IT1_IRQHandler
                0x0800c800                DMA1_Channel3_IRQHandler
                0x0800c800                ADC4_IRQHandler
                0x0800c800                WWDG_IRQHandler
                0x0800c800                I2C4_EV_IRQHandler
                0x0800c800                FDCAN2_IT0_IRQHandler
                0x0800c800                DMA2_Channel6_IRQHandler
                0x0800c800                FDCAN1_IT0_IRQHandler
                0x0800c800                COMP7_IRQHandler
                0x0800c800                COMP1_2_3_IRQHandler
                0x0800c800                EXTI1_IRQHandler
                0x0800c800                USART2_IRQHandler
                0x0800c800                COMP4_5_6_IRQHandler
                0x0800c800                TIM20_BRK_IRQHandler
                0x0800c800                I2C2_ER_IRQHandler
                0x0800c800                DMA1_Channel2_IRQHandler
                0x0800c800                TIM8_BRK_IRQHandler
                0x0800c800                FLASH_IRQHandler
                0x0800c800                TIM20_CC_IRQHandler
                0x0800c800                USART1_IRQHandler
                0x0800c800                SPI3_IRQHandler
                0x0800c800                I2C1_ER_IRQHandler
                0x0800c800                FMC_IRQHandler
                0x0800c800                LPTIM1_IRQHandler
                0x0800c800                DMAMUX_OVR_IRQHandler
                0x0800c800                I2C4_ER_IRQHandler
                0x0800c800                USBWakeUp_IRQHandler
                0x0800c800                SAI1_IRQHandler
                0x0800c800                DMA2_Channel3_IRQHandler
                0x0800c800                TIM1_BRK_TIM15_IRQHandler
 *fill*         0x0800c802        0x2 
 .text.fmod     0x0800c804       0x6c C:/ProgramData/MATLAB/SupportPackages/R2024b/3P.instrset/gnuarm-armcortex.instrset/win/bin/../lib/gcc/arm-none-eabi/13.2.1/thumb/v7e-m+fp/hard\libm.a(libm_a-w_fmod.o)
                0x0800c804                fmod
 .text.__ieee754_fmod
                0x0800c870      0x30c C:/ProgramData/MATLAB/SupportPackages/R2024b/3P.instrset/gnuarm-armcortex.instrset/win/bin/../lib/gcc/arm-none-eabi/13.2.1/thumb/v7e-m+fp/hard\libm.a(libm_a-e_fmod.o)
                0x0800c870                __ieee754_fmod
 .text.__udivmoddi4
                0x0800cb7c      0x2bc C:/ProgramData/MATLAB/SupportPackages/R2024b/3P.instrset/gnuarm-armcortex.instrset/win/bin/../lib/gcc/arm-none-eabi/13.2.1/thumb/v7e-m+fp/hard\libgcc.a(_udivmoddi4.o)
                0x0800cb7c                __udivmoddi4
 .text.memset   0x0800ce38       0x10 C:/ProgramData/MATLAB/SupportPackages/R2024b/3P.instrset/gnuarm-armcortex.instrset/win/bin/../lib/gcc/arm-none-eabi/13.2.1/thumb/v7e-m+fp/hard\libg_nano.a(libc_a-memset.o)
                0x0800ce38                memset
 .text.__errno  0x0800ce48        0xc C:/ProgramData/MATLAB/SupportPackages/R2024b/3P.instrset/gnuarm-armcortex.instrset/win/bin/../lib/gcc/arm-none-eabi/13.2.1/thumb/v7e-m+fp/hard\libg_nano.a(libc_a-errno.o)
                0x0800ce48                __errno
 .text.__libc_init_array
                0x0800ce54       0x48 C:/ProgramData/MATLAB/SupportPackages/R2024b/3P.instrset/gnuarm-armcortex.instrset/win/bin/../lib/gcc/arm-none-eabi/13.2.1/thumb/v7e-m+fp/hard\libg_nano.a(libc_a-init.o)
                0x0800ce54                __libc_init_array
 .text.memcpy   0x0800ce9c       0x1c C:/ProgramData/MATLAB/SupportPackages/R2024b/3P.instrset/gnuarm-armcortex.instrset/win/bin/../lib/gcc/arm-none-eabi/13.2.1/thumb/v7e-m+fp/hard\libg_nano.a(libc_a-memcpy-stub.o)
                0x0800ce9c                memcpy
 *(.glue_7)
 .glue_7        0x0800ceb8        0x0 linker stubs
 *(.glue_7t)
 .glue_7t       0x0800ceb8        0x0 linker stubs
 *(.eh_frame)
 .eh_frame      0x0800ceb8        0x0 C:/ProgramData/MATLAB/SupportPackages/R2024b/3P.instrset/gnuarm-armcortex.instrset/win/bin/../lib/gcc/arm-none-eabi/13.2.1/thumb/v7e-m+fp/hard/crtbegin.o
 *(.init)
 .init          0x0800ceb8        0x4 C:/ProgramData/MATLAB/SupportPackages/R2024b/3P.instrset/gnuarm-armcortex.instrset/win/bin/../lib/gcc/arm-none-eabi/13.2.1/thumb/v7e-m+fp/hard/crti.o
                0x0800ceb8                _init
 .init          0x0800cebc        0x8 C:/ProgramData/MATLAB/SupportPackages/R2024b/3P.instrset/gnuarm-armcortex.instrset/win/bin/../lib/gcc/arm-none-eabi/13.2.1/thumb/v7e-m+fp/hard/crtn.o
 *(.fini)
 .fini          0x0800cec4        0x4 C:/ProgramData/MATLAB/SupportPackages/R2024b/3P.instrset/gnuarm-armcortex.instrset/win/bin/../lib/gcc/arm-none-eabi/13.2.1/thumb/v7e-m+fp/hard/crti.o
                0x0800cec4                _fini
 .fini          0x0800cec8        0x8 C:/ProgramData/MATLAB/SupportPackages/R2024b/3P.instrset/gnuarm-armcortex.instrset/win/bin/../lib/gcc/arm-none-eabi/13.2.1/thumb/v7e-m+fp/hard/crtn.o
                0x0800ced0                        . = ALIGN (0x4)
                0x0800ced0                        _etext = .

.vfp11_veneer   0x0800ced0        0x0
 .vfp11_veneer  0x0800ced0        0x0 linker stubs

.v4_bx          0x0800ced0        0x0
 .v4_bx         0x0800ced0        0x0 linker stubs

.iplt           0x0800ced0        0x0
 .iplt          0x0800ced0        0x0 C:/ProgramData/MATLAB/SupportPackages/R2024b/3P.instrset/gnuarm-armcortex.instrset/win/bin/../lib/gcc/arm-none-eabi/13.2.1/thumb/v7e-m+fp/hard/crtbegin.o

.rodata         0x0800ced0     0x2a28
                0x0800ced0                        . = ALIGN (0x4)
 *(.rodata)
 .rodata        0x0800ced0      0x2b9 xcp_ext_mode.o
 *fill*         0x0800d189        0x3 
 .rodata        0x0800d18c       0x12 Encoder_reader_simulink.o
 *fill*         0x0800d19e        0x2 
 .rodata        0x0800d1a0      0x12e xcp_ext_common.o
 *fill*         0x0800d2ce        0x2 
 .rodata        0x0800d2d0       0x4c xcp_ext_classic_trigger.o
 .rodata        0x0800d31c      0x278 xcp.o
 .rodata        0x0800d594      0x3a9 xcp_standard.o
 *fill*         0x0800d93d        0x3 
 .rodata        0x0800d940     0x1010 xcp_daq.o
 .rodata        0x0800e950       0xdd xcp_calibration.o
 *fill*         0x0800ea2d        0x3 
 .rodata        0x0800ea30      0x56e xcp_transport.o
 *fill*         0x0800ef9e        0x2 
 .rodata        0x0800efa0       0xf5 xcp_mem_default.o
 *fill*         0x0800f095        0x3 
 .rodata        0x0800f098      0x228 xcp_drv_rtiostream.o
 .rodata        0x0800f2c0      0x4aa xcp_frame_serial.o
 *(.rodata*)
 *fill*         0x0800f76a        0x2 
 .rodata.Encoder_reader_simulink_M
                0x0800f76c        0x4 Encoder_reader_simulink.o
                0x0800f76c                Encoder_reader_simulink_M
 .rodata.rtAlwaysEnabled.0
                0x0800f770        0x1 Encoder_reader_simulink.o
 *fill*         0x0800f771        0x3 
 .rodata.standardSupportedRxPacket
                0x0800f774       0x54 xcp_standard.o
 .rodata.daqSupportedRxPacket
                0x0800f7c8       0x9c xcp_daq.o
 .rodata.calibrationSupportedRxPacket
                0x0800f864       0x18 xcp_calibration.o
 .rodata.CHANNEL_OFFSET_TAB
                0x0800f87c        0x8 stm_usart.o
 .rodata.CHANNEL_OFFSET_TAB
                0x0800f884        0x8 stm_lpuart.o
 .rodata.CHANNEL_OFFSET_TAB
                0x0800f88c        0x8 main.o
 .rodata.OFFSET_TAB_CCMRx
                0x0800f894        0xa main.o
 *fill*         0x0800f89e        0x2 
 .rodata.SHIFT_TAB_ICxx
                0x0800f8a0        0xa main.o
 *fill*         0x0800f8aa        0x2 
 .rodata.SHIFT_TAB_CCxP
                0x0800f8ac        0xa main.o
 *fill*         0x0800f8b6        0x2 
 .rodata.LPUART_PRESCALER_TAB
                0x0800f8b8       0x18 stm32g4xx_ll_lpuart.o
 .rodata.AHBPrescTable
                0x0800f8d0       0x10 system_stm32g4xx.o
                0x0800f8d0                AHBPrescTable
 .rodata.APBPrescTable
                0x0800f8e0        0x8 system_stm32g4xx.o
                0x0800f8e0                APBPrescTable
 .rodata.Zero   0x0800f8e8       0x10 C:/ProgramData/MATLAB/SupportPackages/R2024b/3P.instrset/gnuarm-armcortex.instrset/win/bin/../lib/gcc/arm-none-eabi/13.2.1/thumb/v7e-m+fp/hard\libm.a(libm_a-e_fmod.o)
                0x0800f8f8                        . = ALIGN (0x4)

.ARM.extab      0x0800f8f8        0x0
                0x0800f8f8                        . = ALIGN (0x4)
 *(.ARM.extab* .gnu.linkonce.armextab.*)
                0x0800f8f8                        . = ALIGN (0x4)

.ARM            0x0800f8f8        0x8
                0x0800f8f8                        . = ALIGN (0x4)
                0x0800f8f8                        __exidx_start = .
 *(.ARM.exidx*)
 .ARM.exidx.text.__udivmoddi4
                0x0800f8f8        0x8 C:/ProgramData/MATLAB/SupportPackages/R2024b/3P.instrset/gnuarm-armcortex.instrset/win/bin/../lib/gcc/arm-none-eabi/13.2.1/thumb/v7e-m+fp/hard\libgcc.a(_udivmoddi4.o)
                0x0800f900                        __exidx_end = .
                0x0800f900                        . = ALIGN (0x4)

.preinit_array  0x0800f900        0x0
                0x0800f900                        . = ALIGN (0x4)
                0x0800f900                        PROVIDE (__preinit_array_start = .)
 *(.preinit_array*)
                0x0800f900                        PROVIDE (__preinit_array_end = .)
                0x0800f900                        . = ALIGN (0x4)

.init_array     0x0800f900        0x4
                0x0800f900                        . = ALIGN (0x4)
                0x0800f900                        PROVIDE (__init_array_start = .)
 *(SORT_BY_NAME(.init_array.*))
 *(.init_array*)
 .init_array    0x0800f900        0x4 C:/ProgramData/MATLAB/SupportPackages/R2024b/3P.instrset/gnuarm-armcortex.instrset/win/bin/../lib/gcc/arm-none-eabi/13.2.1/thumb/v7e-m+fp/hard/crtbegin.o
                0x0800f904                        PROVIDE (__init_array_end = .)
                0x0800f904                        . = ALIGN (0x4)

.fini_array     0x0800f904        0x4
                0x0800f904                        . = ALIGN (0x4)
                [!provide]                        PROVIDE (__fini_array_start = .)
 *(SORT_BY_NAME(.fini_array.*))
 *(.fini_array*)
 .fini_array    0x0800f904        0x4 C:/ProgramData/MATLAB/SupportPackages/R2024b/3P.instrset/gnuarm-armcortex.instrset/win/bin/../lib/gcc/arm-none-eabi/13.2.1/thumb/v7e-m+fp/hard/crtbegin.o
                [!provide]                        PROVIDE (__fini_array_end = .)
                0x0800f908                        . = ALIGN (0x4)
                0x0800f908                        _sidata = LOADADDR (.data)

.rel.dyn        0x0800f908        0x0
 .rel.iplt      0x0800f908        0x0 C:/ProgramData/MATLAB/SupportPackages/R2024b/3P.instrset/gnuarm-armcortex.instrset/win/bin/../lib/gcc/arm-none-eabi/13.2.1/thumb/v7e-m+fp/hard/crtbegin.o

.data           0x20000000       0xec load address 0x0800f908
                0x20000000                        . = ALIGN (0x4)
                0x20000000                        _sdata = .
 *(.data)
 *(.data*)
 .data.rtInf    0x20000000        0x8 rt_nonfinite.o
                0x20000000                rtInf
 .data.xcpExtmodeFinalSimulationTime
                0x20000008        0x8 xcp_ext_common.o
                0x20000008                xcpExtmodeFinalSimulationTime
 .data.xcpClassicTriggerDuration
                0x20000010        0x4 xcp_ext_classic_trigger.o
                0x20000010                xcpClassicTriggerDuration
 .data.xcpClassicTriggerArmRequest
                0x20000014        0x1 xcp_ext_classic_trigger.o
                0x20000014                xcpClassicTriggerArmRequest
 *fill*         0x20000015        0x3 
 .data.startStopDaqListId
                0x20000018        0x4 xcp_daq.o
 .data.xcpCurrentDaq
                0x2000001c        0x4 xcp_daq.o
 .data.xcpEventCustomMemoryManager
                0x20000020        0xc xcp_daq.o
 .data.xcpCtoReservedMemPoolId
                0x2000002c        0x4 xcp_transport.o
 .data.xcpMemMainBlockSizes
                0x20000030        0xc xcp_mem_default.o
 .data.xcpMemMainBlocksNumber
                0x2000003c        0xc xcp_mem_default.o
 .data.drvID    0x20000048        0x4 xcp_drv_rtiostream.o
 .data.xcpCtoReservedMemPoolId
                0x2000004c        0x4 xcp_frame_serial.o
 .data.uartObj  0x20000050       0x40 rtiostream_serial.o
                0x20000050                uartObj
 .data.uwTickPrio
                0x20000090        0x4 stm32g4xx_hal.o
                0x20000090                uwTickPrio
 .data.uwTickFreq
                0x20000094        0x4 stm32g4xx_hal.o
                0x20000094                uwTickFreq
 .data.SystemCoreClock
                0x20000098        0x4 system_stm32g4xx.o
                0x20000098                SystemCoreClock
 .data._impure_ptr
                0x2000009c        0x4 C:/ProgramData/MATLAB/SupportPackages/R2024b/3P.instrset/gnuarm-armcortex.instrset/win/bin/../lib/gcc/arm-none-eabi/13.2.1/thumb/v7e-m+fp/hard\libg_nano.a(libc_a-impure.o)
                0x2000009c                _impure_ptr
 .data._impure_data
                0x200000a0       0x4c C:/ProgramData/MATLAB/SupportPackages/R2024b/3P.instrset/gnuarm-armcortex.instrset/win/bin/../lib/gcc/arm-none-eabi/13.2.1/thumb/v7e-m+fp/hard\libg_nano.a(libc_a-impure.o)
                0x200000a0                _impure_data
 *(.RamFunc)
 *(.RamFunc*)
                0x200000ec                        . = ALIGN (0x4)
                0x200000ec                        _edata = .

.tm_clone_table
                0x200000ec        0x0 load address 0x0800f9f4
 .tm_clone_table
                0x200000ec        0x0 C:/ProgramData/MATLAB/SupportPackages/R2024b/3P.instrset/gnuarm-armcortex.instrset/win/bin/../lib/gcc/arm-none-eabi/13.2.1/thumb/v7e-m+fp/hard/crtbegin.o
 .tm_clone_table
                0x200000ec        0x0 C:/ProgramData/MATLAB/SupportPackages/R2024b/3P.instrset/gnuarm-armcortex.instrset/win/bin/../lib/gcc/arm-none-eabi/13.2.1/thumb/v7e-m+fp/hard/crtend.o

.igot.plt       0x200000ec        0x0 load address 0x0800f9f4
 .igot.plt      0x200000ec        0x0 C:/ProgramData/MATLAB/SupportPackages/R2024b/3P.instrset/gnuarm-armcortex.instrset/win/bin/../lib/gcc/arm-none-eabi/13.2.1/thumb/v7e-m+fp/hard/crtbegin.o
                0x200000ec                        . = ALIGN (0x4)

.bss            0x200000f0     0x1654 load address 0x0800f9f4
                0x200000f0                        _sbss = .
                0x200000f0                        __bss_start__ = _sbss
 *(.bss)
 *(.bss*)
 .bss.completed.1
                0x200000f0        0x1 C:/ProgramData/MATLAB/SupportPackages/R2024b/3P.instrset/gnuarm-armcortex.instrset/win/bin/../lib/gcc/arm-none-eabi/13.2.1/thumb/v7e-m+fp/hard/crtbegin.o
 *fill*         0x200000f1        0x3 
 .bss.object.0  0x200000f4       0x18 C:/ProgramData/MATLAB/SupportPackages/R2024b/3P.instrset/gnuarm-armcortex.instrset/win/bin/../lib/gcc/arm-none-eabi/13.2.1/thumb/v7e-m+fp/hard/crtbegin.o
 .bss.mw_tim3   0x2000010c       0x8c stm_timer_ll.o
                0x2000010c                mw_tim3
 .bss.firstIndexReceived.0
                0x20000198        0x1 stm_timer_ll.o
 *fill*         0x20000199        0x3 
 .bss.xcpCustomTriggerFunction
                0x2000019c        0x8 xcp_ext_mode.o
 *fill*         0x200001a4        0x4 
 .bss.Encoder_reader_simulink_B
                0x200001a8       0x30 Encoder_reader_simulink.o
                0x200001a8                Encoder_reader_simulink_B
 .bss.Encoder_reader_simulink_DW
                0x200001d8       0x90 Encoder_reader_simulink.o
                0x200001d8                Encoder_reader_simulink_DW
 .bss.Encoder_reader_simulink_M_
                0x20000268      0x160 Encoder_reader_simulink.o
 .bss.rt_ExtModeInfo.2
                0x200003c8       0x14 Encoder_reader_simulink.o
 .bss.systemRan.1
                0x200003dc        0xc Encoder_reader_simulink.o
 .bss.IsrOverrun
                0x200003e8        0x4 ert_main.o
                0x200003e8                IsrOverrun
 .bss.OverrunFlag
                0x200003ec        0x1 ert_main.o
 .bss.stopRequested
                0x200003ed        0x1 ert_main.o
                0x200003ed                stopRequested
 .bss.runModel  0x200003ee        0x1 ert_main.o
                0x200003ee                runModel
 .bss.xcpModelStartRequest
                0x200003ef        0x1 xcp_ext_common.o
                0x200003ef                xcpModelStartRequest
 .bss.xcpModelStopRequest
                0x200003f0        0x1 xcp_ext_common.o
                0x200003f0                xcpModelStopRequest
 .bss.xcpModelStatus
                0x200003f1        0x1 xcp_ext_common.o
                0x200003f1                xcpModelStatus
 *fill*         0x200003f2        0x2 
 .bss.xcpModelChecksum0
                0x200003f4        0x4 xcp_ext_common.o
                0x200003f4                xcpModelChecksum0
 .bss.xcpModelChecksum1
                0x200003f8        0x4 xcp_ext_common.o
                0x200003f8                xcpModelChecksum1
 .bss.xcpModelChecksum2
                0x200003fc        0x4 xcp_ext_common.o
                0x200003fc                xcpModelChecksum2
 .bss.xcpModelChecksum3
                0x20000400        0x4 xcp_ext_common.o
                0x20000400                xcpModelChecksum3
 .bss.xcpModelIntegerCode
                0x20000404        0x4 xcp_ext_common.o
                0x20000404                xcpModelIntegerCode
 .bss.xcpExtmodeSimulationComplete
                0x20000408        0x1 xcp_ext_common.o
                0x20000408                xcpExtmodeSimulationComplete
 *fill*         0x20000409        0x7 
 .bss.xcpDummyDoubleVariable
                0x20000410        0x8 xcp_ext_common.o
                0x20000410                xcpDummyDoubleVariable
 .bss.xcpDummyUint64Variable
                0x20000418        0x8 xcp_ext_common.o
                0x20000418                xcpDummyUint64Variable
 .bss.xcpCurrentSimulationTimeInMs
                0x20000420        0x8 xcp_ext_common.o
                0x20000420                xcpCurrentSimulationTimeInMs
 .bss.xcpBaseRateSimulationTime
                0x20000428        0x8 xcp_ext_common.o
 .bss.xcpClassicTriggerEventId
                0x20000430        0x2 xcp_ext_classic_trigger.o
                0x20000430                xcpClassicTriggerEventId
 *fill*         0x20000432        0x2 
 .bss.xcpClassicTriggerSignalAddress
                0x20000434        0x4 xcp_ext_classic_trigger.o
                0x20000434                xcpClassicTriggerSignalAddress
 .bss.xcpClassicTriggerSignalAddressExtension
                0x20000438        0x1 xcp_ext_classic_trigger.o
                0x20000438                xcpClassicTriggerSignalAddressExtension
 *fill*         0x20000439        0x7 
 .bss.xcpClassicTriggerLevel
                0x20000440        0x8 xcp_ext_classic_trigger.o
                0x20000440                xcpClassicTriggerLevel
 .bss.xcpClassicTriggerHoldOff
                0x20000448        0x4 xcp_ext_classic_trigger.o
                0x20000448                xcpClassicTriggerHoldOff
 .bss.xcpClassicTriggerDelay
                0x2000044c        0x4 xcp_ext_classic_trigger.o
                0x2000044c                xcpClassicTriggerDelay
 .bss.xcpClassicTriggerDirection
                0x20000450        0x1 xcp_ext_classic_trigger.o
                0x20000450                xcpClassicTriggerDirection
 .bss.xcpClassicTriggerCancelRequest
                0x20000451        0x1 xcp_ext_classic_trigger.o
                0x20000451                xcpClassicTriggerCancelRequest
 .bss.xcpClassicTriggerSource
                0x20000452        0x1 xcp_ext_classic_trigger.o
                0x20000452                xcpClassicTriggerSource
 .bss.xcpClassicTriggerMode
                0x20000453        0x1 xcp_ext_classic_trigger.o
                0x20000453                xcpClassicTriggerMode
 .bss.xcpClassicTriggerStatus
                0x20000454        0x1 xcp_ext_classic_trigger.o
                0x20000454                xcpClassicTriggerStatus
 *fill*         0x20000455        0x3 
 .bss.xcpOldSignalValue
                0x20000458        0x8 xcp_ext_classic_trigger.o
 .bss.xcpOldSignalValueAvailable
                0x20000460        0x1 xcp_ext_classic_trigger.o
 .bss.xcpOldClassicTriggerSource
                0x20000461        0x1 xcp_ext_classic_trigger.o
 .bss.xcpTriggerEnabled
                0x20000462        0x1 xcp_ext_classic_trigger.o
 .bss.xcpSignalTriggerFired
                0x20000463        0x1 xcp_ext_classic_trigger.o
 .bss.xcpTriggerCount
                0x20000464        0x4 xcp_ext_classic_trigger.o
 .bss.xcpForcedTriggerEnabled
                0x20000468        0x1 xcp_ext_classic_trigger.o
 .bss.xcpForceTriggerEnableRequest
                0x20000469        0x1 xcp_ext_classic_trigger.o
 .bss.initialized
                0x2000046a        0x1 xcp.o
 .bss.xcpStatus
                0x2000046b        0x1 xcp.o
 .bss.xcpSessionStatus
                0x2000046c        0x1 xcp.o
 .bss.xcpResourceProtectionStatus
                0x2000046d        0x1 xcp.o
 .bss.xcpSessionConfigurationId
                0x2000046e        0x2 xcp.o
 .bss.groupPacketLookup
                0x20000470       0x10 xcp.o
 .bss.xcpMta    0x20000480        0x8 xcp_standard.o
 .bss.xcpUploadSize
                0x20000488        0x1 xcp_standard.o
 *fill*         0x20000489        0x3 
 .bss.packetLookup
                0x2000048c        0x4 xcp_standard.o
 .bss.xcpDynamicDaqLists
                0x20000490        0x8 xcp_daq.o
 .bss.xcpRunningEventCounter
                0x20000498        0x4 xcp_daq.o
 .bss.daqLock   0x2000049c        0x4 xcp_daq.o
 .bss.packetLookup
                0x200004a0        0x4 xcp_daq.o
 .bss.packetLookup
                0x200004a4        0x4 xcp_calibration.o
 .bss.txFifo    0x200004a8       0x10 xcp_transport.o
 .bss.txLock    0x200004b8        0x4 xcp_transport.o
 .bss.rxFifo    0x200004bc        0x8 xcp_transport.o
 .bss.rxLock    0x200004c4        0x4 xcp_transport.o
 .bss.initialized
                0x200004c8        0x1 xcp_transport.o
 *fill*         0x200004c9        0x3 
 .bss.xcpMemPoolDescriptors
                0x200004cc       0xc0 xcp_mem_default.o
 .bss.xcpMemCustomPoolDescriptors
                0x2000058c        0x8 xcp_mem_default.o
 .bss.xcpMemMainChunk
                0x20000594      0x3e7 xcp_mem_default.o
 *fill*         0x2000097b        0x1 
 .bss.xcpMemReservedPoolsChunk
                0x2000097c      0x7c9 xcp_mem_default.o
 *fill*         0x20001145        0x3 
 .bss.xcpMemReservedPoolsChunkUsedBytes
                0x20001148        0x4 xcp_mem_default.o
 .bss.xcpMemLock
                0x2000114c        0x4 xcp_mem_default.o
 .bss.forceBlocking
                0x20001150        0x1 xcp_drv_rtiostream.o
 *fill*         0x20001151        0x1 
 .bss.txCounter
                0x20001152        0x2 xcp_frame_serial.o
 .bss.rxCounter
                0x20001154        0x2 xcp_frame_serial.o
 *fill*         0x20001156        0x2 
 .bss.firstRxCounterReceived
                0x20001158        0x4 xcp_frame_serial.o
 .bss.initialized
                0x2000115c        0x1 xcp_frame_serial.o
 *fill*         0x2000115d        0x3 
 .bss.timestampInitialized
                0x20001160        0x4 platform_timer.o
 .bss.timestampStartTime
                0x20001164        0x4 platform_timer.o
 .bss.schdl_counter
                0x20001168        0x4 SysTickScheduler.o
                0x20001168                schdl_counter
 .bss.schdl_counter_max
                0x2000116c        0x4 SysTickScheduler.o
                0x2000116c                schdl_counter_max
 .bss.taskToSchedule
                0x20001170        0x4 m3m4m4f_multitasking.o
                0x20001170                taskToSchedule
 .bss.mw_ext_h  0x20001174        0x4 rtiostream_serial.o
                0x20001174                mw_ext_h
 .bss.UARTRxBuffer
                0x20001178        0x4 rtiostream_serial.o
                0x20001178                UARTRxBuffer
 .bss.mw_lpuart1
                0x2000117c       0x40 stm_lpuart.o
                0x2000117c                mw_lpuart1
 .bss.LPUART1ReceiveBuffer
                0x200011bc      0x400 stm_lpuart.o
                0x200011bc                LPUART1ReceiveBuffer
 .bss.htim2     0x200015bc       0x4c stm32g4xx_hal_timebase_tim.o
                0x200015bc                htim2
 .bss.uwTick    0x20001608        0x4 stm32g4xx_hal.o
                0x20001608                uwTick
 .bss.__sf      0x2000160c      0x138 C:/ProgramData/MATLAB/SupportPackages/R2024b/3P.instrset/gnuarm-armcortex.instrset/win/bin/../lib/gcc/arm-none-eabi/13.2.1/thumb/v7e-m+fp/hard\libg_nano.a(libc_a-findfp.o)
                0x2000160c                __sf
 *(COMMON)
                0x20001744                        . = ALIGN (0x4)
                0x20001744                        _ebss = .
                0x20001744                        __bss_end__ = _ebss

._user_heap_stack
                0x20001744      0x604 load address 0x0800f9f4
                0x20001748                        . = ALIGN (0x8)
 *fill*         0x20001744        0x4 
                [!provide]                        PROVIDE (end = .)
                0x20001748                        PROVIDE (_end = .)
                0x20001948                        . = (. + _Min_Heap_Size)
 *fill*         0x20001748      0x200 
                0x20001d48                        . = (. + _Min_Stack_Size)
 *fill*         0x20001948      0x400 
                0x20001d48                        . = ALIGN (0x8)

/DISCARD/
 libc.a(*)
 libm.a(*)
 libgcc.a(*)

.ARM.attributes
                0x00000000       0x30
 *(.ARM.attributes)
 .ARM.attributes
                0x00000000       0x22 C:/ProgramData/MATLAB/SupportPackages/R2024b/3P.instrset/gnuarm-armcortex.instrset/win/bin/../lib/gcc/arm-none-eabi/13.2.1/thumb/v7e-m+fp/hard/crti.o
 .ARM.attributes
                0x00000022       0x34 C:/ProgramData/MATLAB/SupportPackages/R2024b/3P.instrset/gnuarm-armcortex.instrset/win/bin/../lib/gcc/arm-none-eabi/13.2.1/thumb/v7e-m+fp/hard/crtbegin.o
 .ARM.attributes
                0x00000056       0x34 stm_timer_ll.o
 .ARM.attributes
                0x0000008a       0x34 xcp_ext_mode.o
 .ARM.attributes
                0x000000be       0x34 Encoder_reader_simulink.o
 .ARM.attributes
                0x000000f2       0x34 ert_main.o
 .ARM.attributes
                0x00000126       0x34 rt_nonfinite.o
 .ARM.attributes
                0x0000015a       0x34 xcp_ext_common.o
 .ARM.attributes
                0x0000018e       0x34 xcp_ext_classic_trigger.o
 .ARM.attributes
                0x000001c2       0x34 xcp.o
 .ARM.attributes
                0x000001f6       0x34 xcp_standard.o
 .ARM.attributes
                0x0000022a       0x34 xcp_daq.o
 .ARM.attributes
                0x0000025e       0x34 xcp_calibration.o
 .ARM.attributes
                0x00000292       0x34 xcp_fifo.o
 .ARM.attributes
                0x000002c6       0x34 xcp_transport.o
 .ARM.attributes
                0x000002fa       0x34 xcp_mem_default.o
 .ARM.attributes
                0x0000032e       0x34 xcp_drv_rtiostream.o
 .ARM.attributes
                0x00000362       0x34 xcp_utils.o
 .ARM.attributes
                0x00000396       0x34 xcp_frame_serial.o
 .ARM.attributes
                0x000003ca       0x34 xcp_ext_param_default_serial.o
 .ARM.attributes
                0x000003fe       0x34 overrideHALDelay.o
 .ARM.attributes
                0x00000432       0x34 platform_timer.o
 .ARM.attributes
                0x00000466       0x34 SysTickScheduler.o
 .ARM.attributes
                0x0000049a       0x34 m3m4m4f_multitasking.o
 .ARM.attributes
                0x000004ce       0x34 rtiostream_serial.o
 .ARM.attributes
                0x00000502       0x34 stm_usart.o
 .ARM.attributes
                0x00000536       0x34 stm_lpuart.o
 .ARM.attributes
                0x0000056a       0x34 sys_arch.o
 .ARM.attributes
                0x0000059e       0x34 main.o
 .ARM.attributes
                0x000005d2       0x34 stm32g4xx_it.o
 .ARM.attributes
                0x00000606       0x34 stm32g4xx_hal_msp.o
 .ARM.attributes
                0x0000063a       0x34 stm32g4xx_hal_timebase_tim.o
 .ARM.attributes
                0x0000066e       0x34 stm32g4xx_ll_utils.o
 .ARM.attributes
                0x000006a2       0x34 stm32g4xx_hal_tim.o
 .ARM.attributes
                0x000006d6       0x34 stm32g4xx_hal_tim_ex.o
 .ARM.attributes
                0x0000070a       0x34 stm32g4xx_ll_gpio.o
 .ARM.attributes
                0x0000073e       0x34 stm32g4xx_ll_lpuart.o
 .ARM.attributes
                0x00000772       0x34 stm32g4xx_ll_rcc.o
 .ARM.attributes
                0x000007a6       0x34 stm32g4xx_hal.o
 .ARM.attributes
                0x000007da       0x34 stm32g4xx_hal_rcc.o
 .ARM.attributes
                0x0000080e       0x34 stm32g4xx_hal_pwr_ex.o
 .ARM.attributes
                0x00000842       0x34 stm32g4xx_hal_cortex.o
 .ARM.attributes
                0x00000876       0x34 stm32g4xx_ll_tim.o
 .ARM.attributes
                0x000008aa       0x34 system_stm32g4xx.o
 .ARM.attributes
                0x000008de       0x21 startup_stm32g474retx.o
 .ARM.attributes
                0x000008ff       0x34 C:/ProgramData/MATLAB/SupportPackages/R2024b/3P.instrset/gnuarm-armcortex.instrset/win/bin/../lib/gcc/arm-none-eabi/13.2.1/thumb/v7e-m+fp/hard\libm.a(libm_a-w_fmod.o)
 .ARM.attributes
                0x00000933       0x34 C:/ProgramData/MATLAB/SupportPackages/R2024b/3P.instrset/gnuarm-armcortex.instrset/win/bin/../lib/gcc/arm-none-eabi/13.2.1/thumb/v7e-m+fp/hard\libm.a(libm_a-e_fmod.o)
 .ARM.attributes
                0x00000967       0x22 C:/ProgramData/MATLAB/SupportPackages/R2024b/3P.instrset/gnuarm-armcortex.instrset/win/bin/../lib/gcc/arm-none-eabi/13.2.1/thumb/v7e-m+fp/hard\libgcc.a(_arm_addsubdf3.o)
 .ARM.attributes
                0x00000989       0x22 C:/ProgramData/MATLAB/SupportPackages/R2024b/3P.instrset/gnuarm-armcortex.instrset/win/bin/../lib/gcc/arm-none-eabi/13.2.1/thumb/v7e-m+fp/hard\libgcc.a(_arm_muldivdf3.o)
 .ARM.attributes
                0x000009ab       0x22 C:/ProgramData/MATLAB/SupportPackages/R2024b/3P.instrset/gnuarm-armcortex.instrset/win/bin/../lib/gcc/arm-none-eabi/13.2.1/thumb/v7e-m+fp/hard\libgcc.a(_arm_cmpdf2.o)
 .ARM.attributes
                0x000009cd       0x22 C:/ProgramData/MATLAB/SupportPackages/R2024b/3P.instrset/gnuarm-armcortex.instrset/win/bin/../lib/gcc/arm-none-eabi/13.2.1/thumb/v7e-m+fp/hard\libgcc.a(_arm_unorddf2.o)
 .ARM.attributes
                0x000009ef       0x22 C:/ProgramData/MATLAB/SupportPackages/R2024b/3P.instrset/gnuarm-armcortex.instrset/win/bin/../lib/gcc/arm-none-eabi/13.2.1/thumb/v7e-m+fp/hard\libgcc.a(_arm_fixunsdfsi.o)
 .ARM.attributes
                0x00000a11       0x22 C:/ProgramData/MATLAB/SupportPackages/R2024b/3P.instrset/gnuarm-armcortex.instrset/win/bin/../lib/gcc/arm-none-eabi/13.2.1/thumb/v7e-m+fp/hard\libgcc.a(_aeabi_uldivmod.o)
 .ARM.attributes